Archive member included to satisfy reference by file (symbol)

d:/multimedia/programas/cubeide/stm32cubeide_1.3.0/stm32cubeide/plugins/com.st.stm32cube.ide.mcu.externaltools.gnu-tools-for-stm32.7-2018-q2-update.win32_1.5.0.202011040924/tools/bin/../lib/gcc/arm-none-eabi/7.3.1/../../../../arm-none-eabi/lib/thumb/v7e-m/fpv5/hard\libm.a(lib_a-w_pow.o)
                              Core/Src/tsl2561.o (pow)
d:/multimedia/programas/cubeide/stm32cubeide_1.3.0/stm32cubeide/plugins/com.st.stm32cube.ide.mcu.externaltools.gnu-tools-for-stm32.7-2018-q2-update.win32_1.5.0.202011040924/tools/bin/../lib/gcc/arm-none-eabi/7.3.1/../../../../arm-none-eabi/lib/thumb/v7e-m/fpv5/hard\libm.a(lib_a-e_pow.o)
                              d:/multimedia/programas/cubeide/stm32cubeide_1.3.0/stm32cubeide/plugins/com.st.stm32cube.ide.mcu.externaltools.gnu-tools-for-stm32.7-2018-q2-update.win32_1.5.0.202011040924/tools/bin/../lib/gcc/arm-none-eabi/7.3.1/../../../../arm-none-eabi/lib/thumb/v7e-m/fpv5/hard\libm.a(lib_a-w_pow.o) (__ieee754_pow)
d:/multimedia/programas/cubeide/stm32cubeide_1.3.0/stm32cubeide/plugins/com.st.stm32cube.ide.mcu.externaltools.gnu-tools-for-stm32.7-2018-q2-update.win32_1.5.0.202011040924/tools/bin/../lib/gcc/arm-none-eabi/7.3.1/../../../../arm-none-eabi/lib/thumb/v7e-m/fpv5/hard\libm.a(lib_a-e_sqrt.o)
                              d:/multimedia/programas/cubeide/stm32cubeide_1.3.0/stm32cubeide/plugins/com.st.stm32cube.ide.mcu.externaltools.gnu-tools-for-stm32.7-2018-q2-update.win32_1.5.0.202011040924/tools/bin/../lib/gcc/arm-none-eabi/7.3.1/../../../../arm-none-eabi/lib/thumb/v7e-m/fpv5/hard\libm.a(lib_a-e_pow.o) (__ieee754_sqrt)
d:/multimedia/programas/cubeide/stm32cubeide_1.3.0/stm32cubeide/plugins/com.st.stm32cube.ide.mcu.externaltools.gnu-tools-for-stm32.7-2018-q2-update.win32_1.5.0.202011040924/tools/bin/../lib/gcc/arm-none-eabi/7.3.1/../../../../arm-none-eabi/lib/thumb/v7e-m/fpv5/hard\libm.a(lib_a-s_fabs.o)
                              d:/multimedia/programas/cubeide/stm32cubeide_1.3.0/stm32cubeide/plugins/com.st.stm32cube.ide.mcu.externaltools.gnu-tools-for-stm32.7-2018-q2-update.win32_1.5.0.202011040924/tools/bin/../lib/gcc/arm-none-eabi/7.3.1/../../../../arm-none-eabi/lib/thumb/v7e-m/fpv5/hard\libm.a(lib_a-e_pow.o) (fabs)
d:/multimedia/programas/cubeide/stm32cubeide_1.3.0/stm32cubeide/plugins/com.st.stm32cube.ide.mcu.externaltools.gnu-tools-for-stm32.7-2018-q2-update.win32_1.5.0.202011040924/tools/bin/../lib/gcc/arm-none-eabi/7.3.1/../../../../arm-none-eabi/lib/thumb/v7e-m/fpv5/hard\libm.a(lib_a-s_finite.o)
                              d:/multimedia/programas/cubeide/stm32cubeide_1.3.0/stm32cubeide/plugins/com.st.stm32cube.ide.mcu.externaltools.gnu-tools-for-stm32.7-2018-q2-update.win32_1.5.0.202011040924/tools/bin/../lib/gcc/arm-none-eabi/7.3.1/../../../../arm-none-eabi/lib/thumb/v7e-m/fpv5/hard\libm.a(lib_a-w_pow.o) (finite)
d:/multimedia/programas/cubeide/stm32cubeide_1.3.0/stm32cubeide/plugins/com.st.stm32cube.ide.mcu.externaltools.gnu-tools-for-stm32.7-2018-q2-update.win32_1.5.0.202011040924/tools/bin/../lib/gcc/arm-none-eabi/7.3.1/../../../../arm-none-eabi/lib/thumb/v7e-m/fpv5/hard\libm.a(lib_a-s_lib_ver.o)
                              d:/multimedia/programas/cubeide/stm32cubeide_1.3.0/stm32cubeide/plugins/com.st.stm32cube.ide.mcu.externaltools.gnu-tools-for-stm32.7-2018-q2-update.win32_1.5.0.202011040924/tools/bin/../lib/gcc/arm-none-eabi/7.3.1/../../../../arm-none-eabi/lib/thumb/v7e-m/fpv5/hard\libm.a(lib_a-w_pow.o) (__fdlib_version)
d:/multimedia/programas/cubeide/stm32cubeide_1.3.0/stm32cubeide/plugins/com.st.stm32cube.ide.mcu.externaltools.gnu-tools-for-stm32.7-2018-q2-update.win32_1.5.0.202011040924/tools/bin/../lib/gcc/arm-none-eabi/7.3.1/../../../../arm-none-eabi/lib/thumb/v7e-m/fpv5/hard\libm.a(lib_a-s_matherr.o)
                              d:/multimedia/programas/cubeide/stm32cubeide_1.3.0/stm32cubeide/plugins/com.st.stm32cube.ide.mcu.externaltools.gnu-tools-for-stm32.7-2018-q2-update.win32_1.5.0.202011040924/tools/bin/../lib/gcc/arm-none-eabi/7.3.1/../../../../arm-none-eabi/lib/thumb/v7e-m/fpv5/hard\libm.a(lib_a-w_pow.o) (matherr)
d:/multimedia/programas/cubeide/stm32cubeide_1.3.0/stm32cubeide/plugins/com.st.stm32cube.ide.mcu.externaltools.gnu-tools-for-stm32.7-2018-q2-update.win32_1.5.0.202011040924/tools/bin/../lib/gcc/arm-none-eabi/7.3.1/../../../../arm-none-eabi/lib/thumb/v7e-m/fpv5/hard\libm.a(lib_a-s_nan.o)
                              d:/multimedia/programas/cubeide/stm32cubeide_1.3.0/stm32cubeide/plugins/com.st.stm32cube.ide.mcu.externaltools.gnu-tools-for-stm32.7-2018-q2-update.win32_1.5.0.202011040924/tools/bin/../lib/gcc/arm-none-eabi/7.3.1/../../../../arm-none-eabi/lib/thumb/v7e-m/fpv5/hard\libm.a(lib_a-e_pow.o) (nan)
[...]
Memory Configuration

Name             Origin             Length             Attributes
RAM              0x0000000020000000 0x0000000000080000 xrw
FLASH            0x0000000008000000 0x0000000000200000 xr
*default*        0x0000000000000000 0xffffffffffffffff

Linker script and memory map

LOAD d:/multimedia/programas/cubeide/stm32cubeide_1.3.0/stm32cubeide/plugins/com.st.stm32cube.ide.mcu.externaltools.gnu-tools-for-stm32.7-2018-q2-update.win32_1.5.0.202011040924/tools/bin/../lib/gcc/arm-none-eabi/7.3.1/thumb/v7e-m/fpv5/hard/crti.o
LOAD d:/multimedia/programas/cubeide/stm32cubeide_1.3.0/stm32cubeide/plugins/com.st.stm32cube.ide.mcu.externaltools.gnu-tools-for-stm32.7-2018-q2-update.win32_1.5.0.202011040924/tools/bin/../lib/gcc/arm-none-eabi/7.3.1/thumb/v7e-m/fpv5/hard/crtbegin.o
LOAD d:/multimedia/programas/cubeide/stm32cubeide_1.3.0/stm32cubeide/plugins/com.st.stm32cube.ide.mcu.externaltools.gnu-tools-for-stm32.7-2018-q2-update.win32_1.5.0.202011040924/tools/bin/../lib/gcc/arm-none-eabi/7.3.1/../../../../arm-none-eabi/lib/thumb/v7e-m/fpv5/hard/crt0.o
LOAD Core/Src/Sys.o
LOAD Core/Src/Sys2.o
LOAD Core/Src/actuators.o
LOAD Core/Src/bme280.o
LOAD Core/Src/dc_motor.o
LOAD Core/Src/dth11.o
LOAD Core/Src/freertos.o
LOAD Core/Src/gpio.o
LOAD Core/Src/hc05.o
LOAD Core/Src/i2c.o
LOAD Core/Src/main.o
LOAD Core/Src/stm32f7xx_hal_msp.o
LOAD Core/Src/stm32f7xx_hal_timebase_tim.o
LOAD Core/Src/stm32f7xx_it.o
LOAD Core/Src/syscalls.o
LOAD Core/Src/sysmem.o
LOAD Core/Src/system_stm32f7xx.o
LOAD Core/Src/tim.o
LOAD Core/Src/tsl2561.o
LOAD Core/Src/usart.o
LOAD Core/Startup/startup_stm32f767zitx.o
LOAD Drivers/STM32F7xx_HAL_Driver/Src/stm32f7xx_hal.o
LOAD Drivers/STM32F7xx_HAL_Driver/Src/stm32f7xx_hal_cortex.o
LOAD Drivers/STM32F7xx_HAL_Driver/Src/stm32f7xx_hal_dma.o
LOAD Drivers/STM32F7xx_HAL_Driver/Src/stm32f7xx_hal_dma_ex.o
LOAD Drivers/STM32F7xx_HAL_Driver/Src/stm32f7xx_hal_exti.o
LOAD Drivers/STM32F7xx_HAL_Driver/Src/stm32f7xx_hal_flash.o
LOAD Drivers/STM32F7xx_HAL_Driver/Src/stm32f7xx_hal_flash_ex.o
LOAD Drivers/STM32F7xx_HAL_Driver/Src/stm32f7xx_hal_gpio.o
LOAD Drivers/STM32F7xx_HAL_Driver/Src/stm32f7xx_hal_i2c.o
LOAD Drivers/STM32F7xx_HAL_Driver/Src/stm32f7xx_hal_i2c_ex.o
LOAD Drivers/STM32F7xx_HAL_Driver/Src/stm32f7xx_hal_pwr.o
LOAD Drivers/STM32F7xx_HAL_Driver/Src/stm32f7xx_hal_pwr_ex.o
LOAD Drivers/STM32F7xx_HAL_Driver/Src/stm32f7xx_hal_rcc.o
LOAD Drivers/STM32F7xx_HAL_Driver/Src/stm32f7xx_hal_rcc_ex.o
LOAD Drivers/STM32F7xx_HAL_Driver/Src/stm32f7xx_hal_tim.o
LOAD Drivers/STM32F7xx_HAL_Driver/Src/stm32f7xx_hal_tim_ex.o
LOAD Drivers/STM32F7xx_HAL_Driver/Src/stm32f7xx_hal_uart.o
LOAD Drivers/STM32F7xx_HAL_Driver/Src/stm32f7xx_hal_uart_ex.o
LOAD Middlewares/Third_Party/FreeRTOS/Source/CMSIS_RTOS/cmsis_os.o
LOAD Middlewares/Third_Party/FreeRTOS/Source/croutine.o
LOAD Middlewares/Third_Party/FreeRTOS/Source/event_groups.o
LOAD Middlewares/Third_Party/FreeRTOS/Source/list.o
LOAD Middlewares/Third_Party/FreeRTOS/Source/queue.o
LOAD Middlewares/Third_Party/FreeRTOS/Source/stream_buffer.o
LOAD Middlewares/Third_Party/FreeRTOS/Source/tasks.o
LOAD Middlewares/Third_Party/FreeRTOS/Source/timers.o
LOAD Middlewares/Third_Party/FreeRTOS/Source/portable/GCC/ARM_CM7/r0p1/port.o
LOAD Middlewares/Third_Party/FreeRTOS/Source/portable/MemMang/heap_4.o
START GROUP
LOAD d:/multimedia/programas/cubeide/stm32cubeide_1.3.0/stm32cubeide/plugins/com.st.stm32cube.ide.mcu.externaltools.gnu-tools-for-stm32.7-2018-q2-update.win32_1.5.0.202011040924/tools/bin/../lib/gcc/arm-none-eabi/7.3.1/../../../../arm-none-eabi/lib/thumb/v7e-m/fpv5/hard\libstdc++_nano.a
LOAD d:/multimedia/programas/cubeide/stm32cubeide_1.3.0/stm32cubeide/plugins/com.st.stm32cube.ide.mcu.externaltools.gnu-tools-for-stm32.7-2018-q2-update.win32_1.5.0.202011040924/tools/bin/../lib/gcc/arm-none-eabi/7.3.1/../../../../arm-none-eabi/lib/thumb/v7e-m/fpv5/hard\libsupc++_nano.a
END GROUP
LOAD d:/multimedia/programas/cubeide/stm32cubeide_1.3.0/stm32cubeide/plugins/com.st.stm32cube.ide.mcu.externaltools.gnu-tools-for-stm32.7-2018-q2-update.win32_1.5.0.202011040924/tools/bin/../lib/gcc/arm-none-eabi/7.3.1/../../../../arm-none-eabi/lib/thumb/v7e-m/fpv5/hard\libstdc++_nano.a
LOAD d:/multimedia/programas/cubeide/stm32cubeide_1.3.0/stm32cubeide/plugins/com.st.stm32cube.ide.mcu.externaltools.gnu-tools-for-stm32.7-2018-q2-update.win32_1.5.0.202011040924/tools/bin/../lib/gcc/arm-none-eabi/7.3.1/../../../../arm-none-eabi/lib/thumb/v7e-m/fpv5/hard\libm.a
LOAD d:/multimedia/programas/cubeide/stm32cubeide_1.3.0/stm32cubeide/plugins/com.st.stm32cube.ide.mcu.externaltools.gnu-tools-for-stm32.7-2018-q2-update.win32_1.5.0.202011040924/tools/bin/../lib/gcc/arm-none-eabi/7.3.1/../../../../arm-none-eabi/lib/thumb/v7e-m/fpv5/hard\libc_nano.a
START GROUP
LOAD d:/multimedia/programas/cubeide/stm32cubeide_1.3.0/stm32cubeide/plugins/com.st.stm32cube.ide.mcu.externaltools.gnu-tools-for-stm32.7-2018-q2-update.win32_1.5.0.202011040924/tools/bin/../lib/gcc/arm-none-eabi/7.3.1/thumb/v7e-m/fpv5/hard\libgcc.a
LOAD d:/multimedia/programas/cubeide/stm32cubeide_1.3.0/stm32cubeide/plugins/com.st.stm32cube.ide.mcu.externaltools.gnu-tools-for-stm32.7-2018-q2-update.win32_1.5.0.202011040924/tools/bin/../lib/gcc/arm-none-eabi/7.3.1/../../../../arm-none-eabi/lib/thumb/v7e-m/fpv5/hard\libc_nano.a
END GROUP
START GROUP
LOAD d:/multimedia/programas/cubeide/stm32cubeide_1.3.0/stm32cubeide/plugins/com.st.stm32cube.ide.mcu.externaltools.gnu-tools-for-stm32.7-2018-q2-update.win32_1.5.0.202011040924/tools/bin/../lib/gcc/arm-none-eabi/7.3.1/thumb/v7e-m/fpv5/hard\libgcc.a
LOAD d:/multimedia/programas/cubeide/stm32cubeide_1.3.0/stm32cubeide/plugins/com.st.stm32cube.ide.mcu.externaltools.gnu-tools-for-stm32.7-2018-q2-update.win32_1.5.0.202011040924/tools/bin/../lib/gcc/arm-none-eabi/7.3.1/../../../../arm-none-eabi/lib/thumb/v7e-m/fpv5/hard\libc_nano.a
LOAD d:/multimedia/programas/cubeide/stm32cubeide_1.3.0/stm32cubeide/plugins/com.st.stm32cube.ide.mcu.externaltools.gnu-tools-for-stm32.7-2018-q2-update.win32_1.5.0.202011040924/tools/bin/../lib/gcc/arm-none-eabi/7.3.1/../../../../arm-none-eabi/lib/thumb/v7e-m/fpv5/hard\libnosys.a
END GROUP
START GROUP
LOAD d:/multimedia/programas/cubeide/stm32cubeide_1.3.0/stm32cubeide/plugins/com.st.stm32cube.ide.mcu.externaltools.gnu-tools-for-stm32.7-2018-q2-update.win32_1.5.0.202011040924/tools/bin/../lib/gcc/arm-none-eabi/7.3.1/thumb/v7e-m/fpv5/hard\libgcc.a
LOAD d:/multimedia/programas/cubeide/stm32cubeide_1.3.0/stm32cubeide/plugins/com.st.stm32cube.ide.mcu.externaltools.gnu-tools-for-stm32.7-2018-q2-update.win32_1.5.0.202011040924/tools/bin/../lib/gcc/arm-none-eabi/7.3.1/../../../../arm-none-eabi/lib/thumb/v7e-m/fpv5/hard\libc_nano.a
LOAD d:/multimedia/programas/cubeide/stm32cubeide_1.3.0/stm32cubeide/plugins/com.st.stm32cube.ide.mcu.externaltools.gnu-tools-for-stm32.7-2018-q2-update.win32_1.5.0.202011040924/tools/bin/../lib/gcc/arm-none-eabi/7.3.1/../../../../arm-none-eabi/lib/thumb/v7e-m/fpv5/hard\libnosys.a
END GROUP
LOAD d:/multimedia/programas/cubeide/stm32cubeide_1.3.0/stm32cubeide/plugins/com.st.stm32cube.ide.mcu.externaltools.gnu-tools-for-stm32.7-2018-q2-update.win32_1.5.0.202011040924/tools/bin/../lib/gcc/arm-none-eabi/7.3.1/thumb/v7e-m/fpv5/hard/crtend.o
LOAD d:/multimedia/programas/cubeide/stm32cubeide_1.3.0/stm32cubeide/plugins/com.st.stm32cube.ide.mcu.externaltools.gnu-tools-for-stm32.7-2018-q2-update.win32_1.5.0.202011040924/tools/bin/../lib/gcc/arm-none-eabi/7.3.1/thumb/v7e-m/fpv5/hard/crtn.o
                0x0000000020080000                _estack = (ORIGIN (RAM) + LENGTH (RAM))
                0x0000000000000200                _Min_Heap_Size = 0x200
                0x0000000000000400                _Min_Stack_Size = 0x400

.isr_vector     0x0000000008000000      0x1f8
                0x0000000008000000                . = ALIGN (0x4)
 *(.isr_vector)
 .isr_vector    0x0000000008000000      0x1f8 Core/Startup/startup_stm32f767zitx.o
                0x0000000008000000                g_pfnVectors
                0x00000000080001f8                . = ALIGN (0x4)

.text           0x0000000008000200     0xe2b4
                0x0000000008000200                . = ALIGN (0x4)
 *(.text)
 .text          0x0000000008000200       0x40 d:/multimedia/programas/cubeide/stm32cubeide_1.3.0/stm32cubeide/plugins/com.st.stm32cube.ide.mcu.externaltools.gnu-tools-for-stm32.7-2018-q2-update.win32_1.5.0.202011040924/tools/bin/../lib/gcc/arm-none-eabi/7.3.1/thumb/v7e-m/fpv5/hard/crtbegin.o
 .text          0x0000000008000240       0x10 d:/multimedia/programas/cubeide/stm32cubeide_1.3.0/stm32cubeide/plugins/com.st.stm32cube.ide.mcu.externaltools.gnu-tools-for-stm32.7-2018-q2-update.win32_1.5.0.202011040924/tools/bin/../lib/gcc/arm-none-eabi/7.3.1/../../../../arm-none-eabi/lib/thumb/v7e-m/fpv5/hard\libc_nano.a(lib_a-strlen.o)
                0x0000000008000240                strlen
 .text          0x0000000008000250       0xa0 d:/multimedia/programas/cubeide/stm32cubeide_1.3.0/stm32cubeide/plugins/com.st.stm32cube.ide.mcu.externaltools.gnu-tools-for-stm32.7-2018-q2-update.win32_1.5.0.202011040924/tools/bin/../lib/gcc/arm-none-eabi/7.3.1/../../../../arm-none-eabi/lib/thumb/v7e-m/fpv5/hard\libc_nano.a(lib_a-memchr.o)
                0x0000000008000250                memchr
 .text          0x00000000080002f0       0xa0 d:/multimedia/programas/cubeide/stm32cubeide_1.3.0/stm32cubeide/plugins/com.st.stm32cube.ide.mcu.externaltools.gnu-tools-for-stm32.7-2018-q2-update.win32_1.5.0.202011040924/tools/bin/../lib/gcc/arm-none-eabi/7.3.1/thumb/v7e-m/fpv5/hard\libgcc.a(_aeabi_ldivmod.o)
                0x00000000080002f0                __aeabi_ldivmod
 .text          0x0000000008000390       0x30 d:/multimedia/programas/cubeide/stm32cubeide_1.3.0/stm32cubeide/plugins/com.st.stm32cube.ide.mcu.externaltools.gnu-tools-for-stm32.7-2018-q2-update.win32_1.5.0.202011040924/tools/bin/../lib/gcc/arm-none-eabi/7.3.1/thumb/v7e-m/fpv5/hard\libgcc.a(_aeabi_uldivmod.o)
                0x0000000008000390                __aeabi_uldivmod
 .text          0x00000000080003c0      0x2cc d:/multimedia/programas/cubeide/stm32cubeide_1.3.0/stm32cubeide/plugins/com.st.stm32cube.ide.mcu.externaltools.gnu-tools-for-stm32.7-2018-q2-update.win32_1.5.0.202011040924/tools/bin/../lib/gcc/arm-none-eabi/7.3.1/thumb/v7e-m/fpv5/hard\libgcc.a(_udivmoddi4.o)
                0x00000000080003c0                __udivmoddi4
 .text          0x000000000800068c        0x4 d:/multimedia/programas/cubeide/stm32cubeide_1.3.0/stm32cubeide/plugins/com.st.stm32cube.ide.mcu.externaltools.gnu-tools-for-stm32.7-2018-q2-update.win32_1.5.0.202011040924/tools/bin/../lib/gcc/arm-none-eabi/7.3.1/thumb/v7e-m/fpv5/hard\libgcc.a(_dvmd_tls.o)
                0x000000000800068c                __aeabi_idiv0
                0x000000000800068c                __aeabi_ldiv0
 *(.text*)
 .text.main_vars_inti
                0x0000000008000690       0x5c Core/Src/Sys.o
                0x0000000008000690                main_vars_inti
 .text.actuate_light
                0x00000000080006ec       0x22 Core/Src/actuators.o
                0x00000000080006ec                actuate_light
 *fill*         0x000000000800070e        0x2 
 .text.BME280_Init
                0x0000000008000710       0x78 Core/Src/bme280.o
                0x0000000008000710                BME280_Init
 .text.bme280_init
                0x0000000008000788       0x96 Core/Src/bme280.o
                0x0000000008000788                bme280_init
 .text.bme280_get_regs
                0x000000000800081e       0x60 Core/Src/bme280.o
                0x000000000800081e                bme280_get_regs
 .text.bme280_set_regs
                0x000000000800087e       0xf2 Core/Src/bme280.o
                0x000000000800087e                bme280_set_regs
 .text.bme280_set_sensor_settings
                0x0000000008000970       0xaa Core/Src/bme280.o
                0x0000000008000970                bme280_set_sensor_settings
 .text.bme280_set_sensor_mode
                0x0000000008000a1a       0x68 Core/Src/bme280.o
                0x0000000008000a1a                bme280_set_sensor_mode
 .text.bme280_get_sensor_mode
                0x0000000008000a82       0x46 Core/Src/bme280.o
                0x0000000008000a82                bme280_get_sensor_mode
 .text.bme280_soft_reset
                0x0000000008000ac8       0x4a Core/Src/bme280.o
                0x0000000008000ac8                bme280_soft_reset
 .text.bme280_get_sensor_data
                0x0000000008000b12       0x94 Core/Src/bme280.o
                0x0000000008000b12                bme280_get_sensor_data
 .text.bme280_parse_sensor_data
                0x0000000008000ba6       0x8c Core/Src/bme280.o
                0x0000000008000ba6                bme280_parse_sensor_data
 .text.bme280_compensate_data
                0x0000000008000c32       0x92 Core/Src/bme280.o
                0x0000000008000c32                bme280_compensate_data
 .text.set_osr_settings
                0x0000000008000cc4       0x4e Core/Src/bme280.o
 .text.set_osr_humidity_settings
                0x0000000008000d12       0x74 Core/Src/bme280.o
 .text.set_osr_press_temp_settings
                0x0000000008000d86       0x78 Core/Src/bme280.o
 .text.set_filter_standby_settings
                0x0000000008000dfe       0x78 Core/Src/bme280.o
 .text.fill_filter_settings
                0x0000000008000e76       0x3a Core/Src/bme280.o
 .text.fill_standby_settings
                0x0000000008000eb0       0x34 Core/Src/bme280.o
 .text.fill_osr_press_settings
                0x0000000008000ee4       0x3a Core/Src/bme280.o
 .text.fill_osr_temp_settings
                0x0000000008000f1e       0x34 Core/Src/bme280.o
 .text.parse_device_settings
                0x0000000008000f52       0x68 Core/Src/bme280.o
 .text.write_power_mode
                0x0000000008000fba       0x66 Core/Src/bme280.o
 .text.put_device_to_sleep
                0x0000000008001020       0x60 Core/Src/bme280.o
 .text.reload_device_settings
                0x0000000008001080       0x3a Core/Src/bme280.o
 *fill*         0x00000000080010ba        0x2 
 .text.compensate_temperature
                0x00000000080010bc       0xc8 Core/Src/bme280.o
 .text.compensate_pressure
                0x0000000008001184      0x4b4 Core/Src/bme280.o
 .text.compensate_humidity
                0x0000000008001638      0x160 Core/Src/bme280.o
 .text.get_calib_data
                0x0000000008001798       0x88 Core/Src/bme280.o
 .text.interleave_reg_addr
                0x0000000008001820       0x56 Core/Src/bme280.o
 .text.parse_temp_press_calib_data
                0x0000000008001876      0x15e Core/Src/bme280.o
 .text.parse_humidity_calib_data
                0x00000000080019d4       0x9c Core/Src/bme280.o
 .text.are_settings_changed
                0x0000000008001a70       0x38 Core/Src/bme280.o
 .text.null_ptr_check
                0x0000000008001aa8       0x40 Core/Src/bme280.o
 .text.start_motor
                0x0000000008001ae8       0x10 Core/Src/dc_motor.o
                0x0000000008001ae8                start_motor
 .text.stop_motor
                0x0000000008001af8       0x10 Core/Src/dc_motor.o
                0x0000000008001af8                stop_motor
 .text.vApplicationGetIdleTaskMemory
                0x0000000008001b08       0x34 Core/Src/freertos.o
                0x0000000008001b08                vApplicationGetIdleTaskMemory
 .text.vApplicationGetTimerTaskMemory
                0x0000000008001b3c       0x34 Core/Src/freertos.o
                0x0000000008001b3c                vApplicationGetTimerTaskMemory
 .text.MX_FREERTOS_Init
                0x0000000008001b70      0x344 Core/Src/freertos.o
                0x0000000008001b70                MX_FREERTOS_Init
 .text.StartTaskRunning
                0x0000000008001eb4       0x20 Core/Src/freertos.o
                0x0000000008001eb4                StartTaskRunning
 .text.StartTaskSendInfo
                0x0000000008001ed4      0x278 Core/Src/freertos.o
                0x0000000008001ed4                StartTaskSendInfo
 .text.StartTaskProcessInfo
                0x000000000800214c       0x48 Core/Src/freertos.o
                0x000000000800214c                StartTaskProcessInfo
 *fill*         0x0000000008002194        0x4 
 .text.StartTaskAquireTemp
                0x0000000008002198       0xe4 Core/Src/freertos.o
                0x0000000008002198                StartTaskAquireTemp
 .text.StartTaskAquireBright
                0x000000000800227c       0x80 Core/Src/freertos.o
                0x000000000800227c                StartTaskAquireBright
 .text.StartTaskSetSecureMode
                0x00000000080022fc       0x38 Core/Src/freertos.o
                0x00000000080022fc                StartTaskSetSecureMode
 .text.StartTaskRlControl
                0x0000000008002334       0x2c Core/Src/freertos.o
                0x0000000008002334                StartTaskRlControl
 .text.StartTaskLightActuator
                0x0000000008002360       0xbc Core/Src/freertos.o
                0x0000000008002360                StartTaskLightActuator
 .text.Callback_Fast_Timer
                0x000000000800241c       0x30 Core/Src/freertos.o
                0x000000000800241c                Callback_Fast_Timer
 .text.Callback_Slow_Timer
                0x000000000800244c       0x20 Core/Src/freertos.o
                0x000000000800244c                Callback_Slow_Timer
 .text.Callback_Sampling_Timer
                0x000000000800246c       0x24 Core/Src/freertos.o
                0x000000000800246c                Callback_Sampling_Timer
 .text.MX_GPIO_Init
                0x0000000008002490      0x184 Core/Src/gpio.o
                0x0000000008002490                MX_GPIO_Init
 .text.HAL_GPIO_EXTI_Callback
                0x0000000008002614       0x30 Core/Src/gpio.o
                0x0000000008002614                HAL_GPIO_EXTI_Callback
 .text.verifyConnection
                0x0000000008002644       0x20 Core/Src/hc05.o
                0x0000000008002644                verifyConnection
 .text.send_bth
                0x0000000008002664       0x3c Core/Src/hc05.o
                0x0000000008002664                send_bth
 .text.receive_bth
                0x00000000080026a0      0x184 Core/Src/hc05.o
                0x00000000080026a0                receive_bth
 .text.MX_I2C1_Init
                0x0000000008002824       0x80 Core/Src/i2c.o
                0x0000000008002824                MX_I2C1_Init
 .text.HAL_I2C_MspInit
                0x00000000080028a4       0x88 Core/Src/i2c.o
                0x00000000080028a4                HAL_I2C_MspInit
 .text.write8   0x000000000800292c       0x5c Core/Src/i2c.o
                0x000000000800292c                write8
 .text.read8    0x0000000008002988       0x5c Core/Src/i2c.o
                0x0000000008002988                read8
 .text.read16   0x00000000080029e4       0x74 Core/Src/i2c.o
                0x00000000080029e4                read16
 .text.user_i2c_read
                0x0000000008002a58       0x70 Core/Src/i2c.o
                0x0000000008002a58                user_i2c_read
 .text.user_delay_ms
                0x0000000008002ac8       0x16 Core/Src/i2c.o
                0x0000000008002ac8                user_delay_ms
 *fill*         0x0000000008002ade        0x2 
 .text.user_i2c_write
                0x0000000008002ae0       0x78 Core/Src/i2c.o
                0x0000000008002ae0                user_i2c_write
 .text.main     0x0000000008002b58       0x68 Core/Src/main.o
                0x0000000008002b58                main
 .text.SystemClock_Config
                0x0000000008002bc0      0x12c Core/Src/main.o
                0x0000000008002bc0                SystemClock_Config
 .text.HAL_TIM_PeriodElapsedCallback
                0x0000000008002cec       0x24 Core/Src/main.o
                0x0000000008002cec                HAL_TIM_PeriodElapsedCallback
 .text.Error_Handler
                0x0000000008002d10        0xe Core/Src/main.o
                0x0000000008002d10                Error_Handler
 *fill*         0x0000000008002d1e        0x2 
 .text.HAL_MspInit
                0x0000000008002d20       0x50 Core/Src/stm32f7xx_hal_msp.o
                0x0000000008002d20                HAL_MspInit
 .text.HAL_InitTick
                0x0000000008002d70       0xb0 Core/Src/stm32f7xx_hal_timebase_tim.o
                0x0000000008002d70                HAL_InitTick
 .text.NMI_Handler
                0x0000000008002e20        0xe Core/Src/stm32f7xx_it.o
                0x0000000008002e20                NMI_Handler
 .text.HardFault_Handler
                0x0000000008002e2e        0x6 Core/Src/stm32f7xx_it.o
                0x0000000008002e2e                HardFault_Handler
 .text.MemManage_Handler
                0x0000000008002e34        0x6 Core/Src/stm32f7xx_it.o
                0x0000000008002e34                MemManage_Handler
 .text.BusFault_Handler
                0x0000000008002e3a        0x6 Core/Src/stm32f7xx_it.o
                0x0000000008002e3a                BusFault_Handler
 .text.UsageFault_Handler
                0x0000000008002e40        0x6 Core/Src/stm32f7xx_it.o
                0x0000000008002e40                UsageFault_Handler
 .text.DebugMon_Handler
                0x0000000008002e46        0xe Core/Src/stm32f7xx_it.o
                0x0000000008002e46                DebugMon_Handler
 .text.EXTI4_IRQHandler
                0x0000000008002e54        0xe Core/Src/stm32f7xx_it.o
                0x0000000008002e54                EXTI4_IRQHandler
 *fill*         0x0000000008002e62        0x2 
 .text.TIM3_IRQHandler
                0x0000000008002e64       0x14 Core/Src/stm32f7xx_it.o
                0x0000000008002e64                TIM3_IRQHandler
 .text.USART2_IRQHandler
                0x0000000008002e78       0x14 Core/Src/stm32f7xx_it.o
                0x0000000008002e78                USART2_IRQHandler
 .text.USART3_IRQHandler
                0x0000000008002e8c       0x14 Core/Src/stm32f7xx_it.o
                0x0000000008002e8c                USART3_IRQHandler
 .text.EXTI15_10_IRQHandler
                0x0000000008002ea0       0x10 Core/Src/stm32f7xx_it.o
                0x0000000008002ea0                EXTI15_10_IRQHandler
 .text._read    0x0000000008002eb0       0x3a Core/Src/syscalls.o
                0x0000000008002eb0                _read
 .text._write   0x0000000008002eea       0x38 Core/Src/syscalls.o
                0x0000000008002eea                _write
 .text._close   0x0000000008002f22       0x18 Core/Src/syscalls.o
                0x0000000008002f22                _close
 .text._fstat   0x0000000008002f3a       0x20 Core/Src/syscalls.o
                0x0000000008002f3a                _fstat
 .text._isatty  0x0000000008002f5a       0x16 Core/Src/syscalls.o
                0x0000000008002f5a                _isatty
 .text._lseek   0x0000000008002f70       0x1a Core/Src/syscalls.o
                0x0000000008002f70                _lseek
 *fill*         0x0000000008002f8a        0x2 
 .text._sbrk    0x0000000008002f8c       0x58 Core/Src/sysmem.o
                0x0000000008002f8c                _sbrk
 .text.SystemInit
                0x0000000008002fe4       0x2c Core/Src/system_stm32f7xx.o
                0x0000000008002fe4                SystemInit
 .text.MX_TIM1_Init
                0x0000000008003010      0x1a0 Core/Src/tim.o
                0x0000000008003010                MX_TIM1_Init
 .text.HAL_TIM_Base_MspInit
                0x00000000080031b0       0x40 Core/Src/tim.o
                0x00000000080031b0                HAL_TIM_Base_MspInit
 .text.HAL_TIM_MspPostInit
                0x00000000080031f0       0x70 Core/Src/tim.o
                0x00000000080031f0                HAL_TIM_MspPostInit
 .text.enable   0x0000000008003260       0x1a Core/Src/tsl2561.o
                0x0000000008003260                enable
 .text.disable  0x000000000800327a       0x1a Core/Src/tsl2561.o
                0x000000000800327a                disable
 .text.getData  0x0000000008003294       0x40 Core/Src/tsl2561.o
                0x0000000008003294                getData
 .text.TSL2561_Init
                0x00000000080032d4       0x68 Core/Src/tsl2561.o
                0x00000000080032d4                TSL2561_Init
 .text.TSL2561_setIntegrationTime
                0x000000000800333c       0x52 Core/Src/tsl2561.o
                0x000000000800333c                TSL2561_setIntegrationTime
 .text.TSL2561_setGain
                0x000000000800338e       0x52 Core/Src/tsl2561.o
                0x000000000800338e                TSL2561_setGain
 .text.TSL2561_calculateLux
                0x00000000080033e0      0x1d8 Core/Src/tsl2561.o
                0x00000000080033e0                TSL2561_calculateLux
 .text.MX_USART2_UART_Init
                0x00000000080035b8       0x60 Core/Src/usart.o
                0x00000000080035b8                MX_USART2_UART_Init
 .text.MX_USART3_UART_Init
                0x0000000008003618       0x60 Core/Src/usart.o
                0x0000000008003618                MX_USART3_UART_Init
 .text.HAL_UART_MspInit
                0x0000000008003678      0x108 Core/Src/usart.o
                0x0000000008003678                HAL_UART_MspInit
 .text.init_UART3
                0x0000000008003780       0x1c Core/Src/usart.o
                0x0000000008003780                init_UART3
 .text.init_UART2
                0x000000000800379c       0x1c Core/Src/usart.o
                0x000000000800379c                init_UART2
 .text.HAL_UART_RxCpltCallback
                0x00000000080037b8       0xdc Core/Src/usart.o
                0x00000000080037b8                HAL_UART_RxCpltCallback
 .text.__io_putchar
                0x0000000008003894       0x3c Core/Src/usart.o
                0x0000000008003894                __io_putchar
 .text.send_uart3
                0x00000000080038d0       0x3c Core/Src/usart.o
                0x00000000080038d0                send_uart3
 .text.receive_uart3
                0x000000000800390c      0x138 Core/Src/usart.o
                0x000000000800390c                receive_uart3
 .text.Reset_Handler
                0x0000000008003a44       0x50 Core/Startup/startup_stm32f767zitx.o
                0x0000000008003a44                Reset_Handler
 .text.Default_Handler
                0x0000000008003a94        0x2 Core/Startup/startup_stm32f767zitx.o
                0x0000000008003a94                RTC_Alarm_IRQHandler
                0x0000000008003a94                EXTI2_IRQHandler
                0x0000000008003a94                TIM8_CC_IRQHandler
                0x0000000008003a94                UART8_IRQHandler
                0x0000000008003a94                SPI4_IRQHandler
                0x0000000008003a94                TIM1_CC_IRQHandler
                0x0000000008003a94                DMA2_Stream5_IRQHandler
                0x0000000008003a94                JPEG_IRQHandler
                0x0000000008003a94                DMA1_Stream5_IRQHandler
                0x0000000008003a94                CAN3_RX1_IRQHandler
                0x0000000008003a94                PVD_IRQHandler
                0x0000000008003a94                TAMP_STAMP_IRQHandler
                0x0000000008003a94                CAN2_RX1_IRQHandler
                0x0000000008003a94                EXTI3_IRQHandler
                0x0000000008003a94                TIM8_TRG_COM_TIM14_IRQHandler
                0x0000000008003a94                DFSDM1_FLT1_IRQHandler
                0x0000000008003a94                TIM1_UP_TIM10_IRQHandler
                0x0000000008003a94                TIM8_UP_TIM13_IRQHandler
                0x0000000008003a94                I2C3_ER_IRQHandler
                0x0000000008003a94                DFSDM1_FLT2_IRQHandler
                0x0000000008003a94                EXTI0_IRQHandler
                0x0000000008003a94                I2C2_EV_IRQHandler
                0x0000000008003a94                DMA1_Stream2_IRQHandler
                0x0000000008003a94                CAN1_RX0_IRQHandler
                0x0000000008003a94                FPU_IRQHandler
                0x0000000008003a94                OTG_HS_WKUP_IRQHandler
                0x0000000008003a94                CAN3_SCE_IRQHandler
                0x0000000008003a94                LTDC_ER_IRQHandler
                0x0000000008003a94                CAN2_SCE_IRQHandler
                0x0000000008003a94                DMA2_Stream2_IRQHandler
                0x0000000008003a94                SPI1_IRQHandler
                0x0000000008003a94                TIM6_DAC_IRQHandler
                0x0000000008003a94                TIM1_BRK_TIM9_IRQHandler
                0x0000000008003a94                DCMI_IRQHandler
                0x0000000008003a94                CAN2_RX0_IRQHandler
                0x0000000008003a94                DMA2_Stream3_IRQHandler
                0x0000000008003a94                SAI2_IRQHandler
                0x0000000008003a94                DFSDM1_FLT3_IRQHandler
                0x0000000008003a94                USART6_IRQHandler
                0x0000000008003a94                CAN3_RX0_IRQHandler
                0x0000000008003a94                CAN1_RX1_IRQHandler
                0x0000000008003a94                UART5_IRQHandler
                0x0000000008003a94                DMA2_Stream0_IRQHandler
                0x0000000008003a94                TIM4_IRQHandler
                0x0000000008003a94                QUADSPI_IRQHandler
                0x0000000008003a94                I2C1_EV_IRQHandler
                0x0000000008003a94                DMA1_Stream6_IRQHandler
                0x0000000008003a94                DMA1_Stream1_IRQHandler
                0x0000000008003a94                UART4_IRQHandler
                0x0000000008003a94                RCC_IRQHandler
                0x0000000008003a94                TIM8_BRK_TIM12_IRQHandler
                0x0000000008003a94                Default_Handler
                0x0000000008003a94                CEC_IRQHandler
                0x0000000008003a94                ADC_IRQHandler
                0x0000000008003a94                DMA1_Stream7_IRQHandler
                0x0000000008003a94                SPI5_IRQHandler
                0x0000000008003a94                TIM7_IRQHandler
                0x0000000008003a94                SDMMC1_IRQHandler
                0x0000000008003a94                CAN2_TX_IRQHandler
                0x0000000008003a94                TIM5_IRQHandler
                0x0000000008003a94                DMA2_Stream7_IRQHandler
                0x0000000008003a94                I2C3_EV_IRQHandler
                0x0000000008003a94                EXTI9_5_IRQHandler
                0x0000000008003a94                RTC_WKUP_IRQHandler
                0x0000000008003a94                LTDC_IRQHandler
                0x0000000008003a94                ETH_WKUP_IRQHandler
                0x0000000008003a94                SPDIF_RX_IRQHandler
                0x0000000008003a94                SPI2_IRQHandler
                0x0000000008003a94                OTG_HS_EP1_IN_IRQHandler
                0x0000000008003a94                DMA1_Stream0_IRQHandler
                0x0000000008003a94                CAN1_TX_IRQHandler
                0x0000000008003a94                RNG_IRQHandler
                0x0000000008003a94                ETH_IRQHandler
                0x0000000008003a94                OTG_HS_EP1_OUT_IRQHandler
                0x0000000008003a94                WWDG_IRQHandler
                0x0000000008003a94                SPI6_IRQHandler
                0x0000000008003a94                MDIOS_IRQHandler
                0x0000000008003a94                I2C4_EV_IRQHandler
                0x0000000008003a94                CAN3_TX_IRQHandler
                0x0000000008003a94                TIM2_IRQHandler
                0x0000000008003a94                OTG_FS_WKUP_IRQHandler
                0x0000000008003a94                TIM1_TRG_COM_TIM11_IRQHandler
                0x0000000008003a94                OTG_HS_IRQHandler
                0x0000000008003a94                DMA2D_IRQHandler
                0x0000000008003a94                EXTI1_IRQHandler
                0x0000000008003a94                SDMMC2_IRQHandler
                0x0000000008003a94                UART7_IRQHandler
                0x0000000008003a94                DFSDM1_FLT0_IRQHandler
                0x0000000008003a94                I2C2_ER_IRQHandler
                0x0000000008003a94                DMA2_Stream1_IRQHandler
                0x0000000008003a94                CAN1_SCE_IRQHandler
                0x0000000008003a94                FLASH_IRQHandler
                0x0000000008003a94                DMA2_Stream4_IRQHandler
                0x0000000008003a94                USART1_IRQHandler
                0x0000000008003a94                OTG_FS_IRQHandler
                0x0000000008003a94                SPI3_IRQHandler
                0x0000000008003a94                DMA1_Stream4_IRQHandler
                0x0000000008003a94                I2C1_ER_IRQHandler
                0x0000000008003a94                FMC_IRQHandler
                0x0000000008003a94                LPTIM1_IRQHandler
                0x0000000008003a94                I2C4_ER_IRQHandler
                0x0000000008003a94                DMA2_Stream6_IRQHandler
                0x0000000008003a94                SAI1_IRQHandler
                0x0000000008003a94                DMA1_Stream3_IRQHandler
 .text.HAL_Init
                0x0000000008003a96       0x1a Drivers/STM32F7xx_HAL_Driver/Src/stm32f7xx_hal.o
                0x0000000008003a96                HAL_Init
 .text.HAL_IncTick
                0x0000000008003ab0       0x28 Drivers/STM32F7xx_HAL_Driver/Src/stm32f7xx_hal.o
                0x0000000008003ab0                HAL_IncTick
 .text.HAL_GetTick
                0x0000000008003ad8       0x18 Drivers/STM32F7xx_HAL_Driver/Src/stm32f7xx_hal.o
                0x0000000008003ad8                HAL_GetTick
 .text.HAL_Delay
                0x0000000008003af0       0x44 Drivers/STM32F7xx_HAL_Driver/Src/stm32f7xx_hal.o
                0x0000000008003af0                HAL_Delay
 .text.__NVIC_SetPriorityGrouping
                0x0000000008003b34       0x48 Drivers/STM32F7xx_HAL_Driver/Src/stm32f7xx_hal_cortex.o
 .text.__NVIC_GetPriorityGrouping
                0x0000000008003b7c       0x1c Drivers/STM32F7xx_HAL_Driver/Src/stm32f7xx_hal_cortex.o
 .text.__NVIC_EnableIRQ
                0x0000000008003b98       0x3c Drivers/STM32F7xx_HAL_Driver/Src/stm32f7xx_hal_cortex.o
 .text.__NVIC_SetPriority
                0x0000000008003bd4       0x54 Drivers/STM32F7xx_HAL_Driver/Src/stm32f7xx_hal_cortex.o
 .text.NVIC_EncodePriority
                0x0000000008003c28       0x66 Drivers/STM32F7xx_HAL_Driver/Src/stm32f7xx_hal_cortex.o
 .text.HAL_NVIC_SetPriorityGrouping
                0x0000000008003c8e       0x16 Drivers/STM32F7xx_HAL_Driver/Src/stm32f7xx_hal_cortex.o
                0x0000000008003c8e                HAL_NVIC_SetPriorityGrouping
 .text.HAL_NVIC_SetPriority
                0x0000000008003ca4       0x38 Drivers/STM32F7xx_HAL_Driver/Src/stm32f7xx_hal_cortex.o
                0x0000000008003ca4                HAL_NVIC_SetPriority
 .text.HAL_NVIC_EnableIRQ
                0x0000000008003cdc       0x1c Drivers/STM32F7xx_HAL_Driver/Src/stm32f7xx_hal_cortex.o
                0x0000000008003cdc                HAL_NVIC_EnableIRQ
 .text.HAL_DMA_Abort_IT
                0x0000000008003cf8       0x44 Drivers/STM32F7xx_HAL_Driver/Src/stm32f7xx_hal_dma.o
                0x0000000008003cf8                HAL_DMA_Abort_IT
 .text.HAL_GPIO_Init
                0x0000000008003d3c      0x354 Drivers/STM32F7xx_HAL_Driver/Src/stm32f7xx_hal_gpio.o
                0x0000000008003d3c                HAL_GPIO_Init
 .text.HAL_GPIO_ReadPin
                0x0000000008004090       0x30 Drivers/STM32F7xx_HAL_Driver/Src/stm32f7xx_hal_gpio.o
                0x0000000008004090                HAL_GPIO_ReadPin
 .text.HAL_GPIO_WritePin
                0x00000000080040c0       0x32 Drivers/STM32F7xx_HAL_Driver/Src/stm32f7xx_hal_gpio.o
                0x00000000080040c0                HAL_GPIO_WritePin
 .text.HAL_GPIO_TogglePin
                0x00000000080040f2       0x34 Drivers/STM32F7xx_HAL_Driver/Src/stm32f7xx_hal_gpio.o
                0x00000000080040f2                HAL_GPIO_TogglePin
 *fill*         0x0000000008004126        0x2 
 .text.HAL_GPIO_EXTI_IRQHandler
                0x0000000008004128       0x30 Drivers/STM32F7xx_HAL_Driver/Src/stm32f7xx_hal_gpio.o
                0x0000000008004128                HAL_GPIO_EXTI_IRQHandler
 .text.HAL_I2C_Init
                0x0000000008004158      0x120 Drivers/STM32F7xx_HAL_Driver/Src/stm32f7xx_hal_i2c.o
                0x0000000008004158                HAL_I2C_Init
 .text.HAL_I2C_Master_Transmit
                0x0000000008004278      0x1e8 Drivers/STM32F7xx_HAL_Driver/Src/stm32f7xx_hal_i2c.o
                0x0000000008004278                HAL_I2C_Master_Transmit
 .text.HAL_I2C_Master_Receive
                0x0000000008004460      0x1ec Drivers/STM32F7xx_HAL_Driver/Src/stm32f7xx_hal_i2c.o
                0x0000000008004460                HAL_I2C_Master_Receive
 .text.I2C_Flush_TXDR
                0x000000000800464c       0x48 Drivers/STM32F7xx_HAL_Driver/Src/stm32f7xx_hal_i2c.o
 .text.I2C_WaitOnFlagUntilTimeout
                0x0000000008004694       0x80 Drivers/STM32F7xx_HAL_Driver/Src/stm32f7xx_hal_i2c.o
 .text.I2C_WaitOnTXISFlagUntilTimeout
                0x0000000008004714       0x80 Drivers/STM32F7xx_HAL_Driver/Src/stm32f7xx_hal_i2c.o
 .text.I2C_WaitOnSTOPFlagUntilTimeout
                0x0000000008004794       0x78 Drivers/STM32F7xx_HAL_Driver/Src/stm32f7xx_hal_i2c.o
 .text.I2C_WaitOnRXNEFlagUntilTimeout
                0x000000000800480c       0xd8 Drivers/STM32F7xx_HAL_Driver/Src/stm32f7xx_hal_i2c.o
 .text.I2C_IsAcknowledgeFailed
                0x00000000080048e4       0xcc Drivers/STM32F7xx_HAL_Driver/Src/stm32f7xx_hal_i2c.o
 .text.I2C_TransferConfig
                0x00000000080049b0       0x5c Drivers/STM32F7xx_HAL_Driver/Src/stm32f7xx_hal_i2c.o
 .text.HAL_I2CEx_ConfigAnalogFilter
                0x0000000008004a0c       0x96 Drivers/STM32F7xx_HAL_Driver/Src/stm32f7xx_hal_i2c_ex.o
                0x0000000008004a0c                HAL_I2CEx_ConfigAnalogFilter
 .text.HAL_I2CEx_ConfigDigitalFilter
                0x0000000008004aa2       0x98 Drivers/STM32F7xx_HAL_Driver/Src/stm32f7xx_hal_i2c_ex.o
                0x0000000008004aa2                HAL_I2CEx_ConfigDigitalFilter
 *fill*         0x0000000008004b3a        0x2 
 .text.HAL_PWR_EnableBkUpAccess
                0x0000000008004b3c       0x20 Drivers/STM32F7xx_HAL_Driver/Src/stm32f7xx_hal_pwr.o
                0x0000000008004b3c                HAL_PWR_EnableBkUpAccess
 .text.HAL_PWREx_EnableOverDrive
                0x0000000008004b5c       0xa0 Drivers/STM32F7xx_HAL_Driver/Src/stm32f7xx_hal_pwr_ex.o
                0x0000000008004b5c                HAL_PWREx_EnableOverDrive
 .text.HAL_RCC_OscConfig
                0x0000000008004bfc      0x55c Drivers/STM32F7xx_HAL_Driver/Src/stm32f7xx_hal_rcc.o
                0x0000000008004bfc                HAL_RCC_OscConfig
 .text.HAL_RCC_ClockConfig
                0x0000000008005158      0x1d8 Drivers/STM32F7xx_HAL_Driver/Src/stm32f7xx_hal_rcc.o
                0x0000000008005158                HAL_RCC_ClockConfig
 .text.HAL_RCC_GetSysClockFreq
                0x0000000008005330      0x1b0 Drivers/STM32F7xx_HAL_Driver/Src/stm32f7xx_hal_rcc.o
                0x0000000008005330                HAL_RCC_GetSysClockFreq
 .text.HAL_RCC_GetHCLKFreq
                0x00000000080054e0       0x18 Drivers/STM32F7xx_HAL_Driver/Src/stm32f7xx_hal_rcc.o
                0x00000000080054e0                HAL_RCC_GetHCLKFreq
 .text.HAL_RCC_GetPCLK1Freq
                0x00000000080054f8       0x28 Drivers/STM32F7xx_HAL_Driver/Src/stm32f7xx_hal_rcc.o
                0x00000000080054f8                HAL_RCC_GetPCLK1Freq
 .text.HAL_RCC_GetPCLK2Freq
                0x0000000008005520       0x28 Drivers/STM32F7xx_HAL_Driver/Src/stm32f7xx_hal_rcc.o
                0x0000000008005520                HAL_RCC_GetPCLK2Freq
 .text.HAL_RCC_GetClockConfig
                0x0000000008005548       0x64 Drivers/STM32F7xx_HAL_Driver/Src/stm32f7xx_hal_rcc.o
                0x0000000008005548                HAL_RCC_GetClockConfig
 .text.HAL_RCCEx_PeriphCLKConfig
                0x00000000080055ac      0x84c Drivers/STM32F7xx_HAL_Driver/Src/stm32f7xx_hal_rcc_ex.o
                0x00000000080055ac                HAL_RCCEx_PeriphCLKConfig
 .text.HAL_TIM_Base_Init
                0x0000000008005df8       0x56 Drivers/STM32F7xx_HAL_Driver/Src/stm32f7xx_hal_tim.o
                0x0000000008005df8                HAL_TIM_Base_Init
 *fill*         0x0000000008005e4e        0x2 
 .text.HAL_TIM_Base_Start_IT
                0x0000000008005e50       0x54 Drivers/STM32F7xx_HAL_Driver/Src/stm32f7xx_hal_tim.o
                0x0000000008005e50                HAL_TIM_Base_Start_IT
 .text.HAL_TIM_PWM_Init
                0x0000000008005ea4       0x56 Drivers/STM32F7xx_HAL_Driver/Src/stm32f7xx_hal_tim.o
                0x0000000008005ea4                HAL_TIM_PWM_Init
 .text.HAL_TIM_PWM_MspInit
                0x0000000008005efa       0x14 Drivers/STM32F7xx_HAL_Driver/Src/stm32f7xx_hal_tim.o
                0x0000000008005efa                HAL_TIM_PWM_MspInit
 *fill*         0x0000000008005f0e        0x2 
 .text.HAL_TIM_PWM_Start
                0x0000000008005f10       0x88 Drivers/STM32F7xx_HAL_Driver/Src/stm32f7xx_hal_tim.o
                0x0000000008005f10                HAL_TIM_PWM_Start
 .text.HAL_TIM_IRQHandler
                0x0000000008005f98      0x23e Drivers/STM32F7xx_HAL_Driver/Src/stm32f7xx_hal_tim.o
                0x0000000008005f98                HAL_TIM_IRQHandler
 *fill*         0x00000000080061d6        0x2 
 .text.HAL_TIM_PWM_ConfigChannel
                0x00000000080061d8      0x230 Drivers/STM32F7xx_HAL_Driver/Src/stm32f7xx_hal_tim.o
                0x00000000080061d8                HAL_TIM_PWM_ConfigChannel
 .text.HAL_TIM_ConfigClockSource
                0x0000000008006408      0x174 Drivers/STM32F7xx_HAL_Driver/Src/stm32f7xx_hal_tim.o
                0x0000000008006408                HAL_TIM_ConfigClockSource
 .text.HAL_TIM_OC_DelayElapsedCallback
                0x000000000800657c       0x14 Drivers/STM32F7xx_HAL_Driver/Src/stm32f7xx_hal_tim.o
                0x000000000800657c                HAL_TIM_OC_DelayElapsedCallback
 .text.HAL_TIM_IC_CaptureCallback
                0x0000000008006590       0x14 Drivers/STM32F7xx_HAL_Driver/Src/stm32f7xx_hal_tim.o
                0x0000000008006590                HAL_TIM_IC_CaptureCallback
 .text.HAL_TIM_PWM_PulseFinishedCallback
                0x00000000080065a4       0x14 Drivers/STM32F7xx_HAL_Driver/Src/stm32f7xx_hal_tim.o
                0x00000000080065a4                HAL_TIM_PWM_PulseFinishedCallback
 .text.HAL_TIM_TriggerCallback
                0x00000000080065b8       0x14 Drivers/STM32F7xx_HAL_Driver/Src/stm32f7xx_hal_tim.o
                0x00000000080065b8                HAL_TIM_TriggerCallback
 .text.TIM_Base_SetConfig
                0x00000000080065cc      0x140 Drivers/STM32F7xx_HAL_Driver/Src/stm32f7xx_hal_tim.o
                0x00000000080065cc                TIM_Base_SetConfig
 .text.TIM_OC1_SetConfig
                0x000000000800670c       0xe4 Drivers/STM32F7xx_HAL_Driver/Src/stm32f7xx_hal_tim.o
 .text.TIM_OC2_SetConfig
                0x00000000080067f0       0xf0 Drivers/STM32F7xx_HAL_Driver/Src/stm32f7xx_hal_tim.o
                0x00000000080067f0                TIM_OC2_SetConfig
 .text.TIM_OC3_SetConfig
                0x00000000080068e0       0xec Drivers/STM32F7xx_HAL_Driver/Src/stm32f7xx_hal_tim.o
 .text.TIM_OC4_SetConfig
                0x00000000080069cc       0xb0 Drivers/STM32F7xx_HAL_Driver/Src/stm32f7xx_hal_tim.o
 .text.TIM_OC5_SetConfig
                0x0000000008006a7c       0xa4 Drivers/STM32F7xx_HAL_Driver/Src/stm32f7xx_hal_tim.o
 .text.TIM_OC6_SetConfig
                0x0000000008006b20       0xa8 Drivers/STM32F7xx_HAL_Driver/Src/stm32f7xx_hal_tim.o
 .text.TIM_TI1_ConfigInputStage
                0x0000000008006bc8       0x5e Drivers/STM32F7xx_HAL_Driver/Src/stm32f7xx_hal_tim.o
 .text.TIM_TI2_ConfigInputStage
                0x0000000008006c26       0x60 Drivers/STM32F7xx_HAL_Driver/Src/stm32f7xx_hal_tim.o
 .text.TIM_ITRx_SetConfig
                0x0000000008006c86       0x36 Drivers/STM32F7xx_HAL_Driver/Src/stm32f7xx_hal_tim.o
 .text.TIM_ETR_SetConfig
                0x0000000008006cbc       0x40 Drivers/STM32F7xx_HAL_Driver/Src/stm32f7xx_hal_tim.o
                0x0000000008006cbc                TIM_ETR_SetConfig
 .text.TIM_CCxChannelCmd
                0x0000000008006cfc       0x4a Drivers/STM32F7xx_HAL_Driver/Src/stm32f7xx_hal_tim.o
                0x0000000008006cfc                TIM_CCxChannelCmd
 *fill*         0x0000000008006d46        0x2 
 .text.HAL_TIMEx_MasterConfigSynchronization
                0x0000000008006d48      0x11c Drivers/STM32F7xx_HAL_Driver/Src/stm32f7xx_hal_tim_ex.o
                0x0000000008006d48                HAL_TIMEx_MasterConfigSynchronization
 .text.HAL_TIMEx_ConfigBreakDeadTime
                0x0000000008006e64       0xfc Drivers/STM32F7xx_HAL_Driver/Src/stm32f7xx_hal_tim_ex.o
                0x0000000008006e64                HAL_TIMEx_ConfigBreakDeadTime
 .text.HAL_TIMEx_CommutCallback
                0x0000000008006f60       0x14 Drivers/STM32F7xx_HAL_Driver/Src/stm32f7xx_hal_tim_ex.o
                0x0000000008006f60                HAL_TIMEx_CommutCallback
 .text.HAL_TIMEx_BreakCallback
                0x0000000008006f74       0x14 Drivers/STM32F7xx_HAL_Driver/Src/stm32f7xx_hal_tim_ex.o
                0x0000000008006f74                HAL_TIMEx_BreakCallback
 .text.HAL_TIMEx_Break2Callback
                0x0000000008006f88       0x14 Drivers/STM32F7xx_HAL_Driver/Src/stm32f7xx_hal_tim_ex.o
                0x0000000008006f88                HAL_TIMEx_Break2Callback
 .text.HAL_UART_Init
                0x0000000008006f9c       0x9c Drivers/STM32F7xx_HAL_Driver/Src/stm32f7xx_hal_uart.o
                0x0000000008006f9c                HAL_UART_Init
 .text.HAL_UART_Transmit
                0x0000000008007038      0x122 Drivers/STM32F7xx_HAL_Driver/Src/stm32f7xx_hal_uart.o
                0x0000000008007038                HAL_UART_Transmit
 *fill*         0x000000000800715a        0x2 
 .text.HAL_UART_Receive_IT
                0x000000000800715c      0x144 Drivers/STM32F7xx_HAL_Driver/Src/stm32f7xx_hal_uart.o
                0x000000000800715c                HAL_UART_Receive_IT
 .text.HAL_UART_IRQHandler
                0x00000000080072a0      0x28c Drivers/STM32F7xx_HAL_Driver/Src/stm32f7xx_hal_uart.o
                0x00000000080072a0                HAL_UART_IRQHandler
 .text.HAL_UART_TxCpltCallback
                0x000000000800752c       0x14 Drivers/STM32F7xx_HAL_Driver/Src/stm32f7xx_hal_uart.o
                0x000000000800752c                HAL_UART_TxCpltCallback
 .text.HAL_UART_ErrorCallback
                0x0000000008007540       0x14 Drivers/STM32F7xx_HAL_Driver/Src/stm32f7xx_hal_uart.o
                0x0000000008007540                HAL_UART_ErrorCallback
 .text.HAL_UARTEx_WakeupCallback
                0x0000000008007554       0x14 Drivers/STM32F7xx_HAL_Driver/Src/stm32f7xx_hal_uart.o
                0x0000000008007554                HAL_UARTEx_WakeupCallback
 .text.UART_SetConfig
                0x0000000008007568      0x554 Drivers/STM32F7xx_HAL_Driver/Src/stm32f7xx_hal_uart.o
                0x0000000008007568                UART_SetConfig
 .text.UART_AdvFeatureConfig
                0x0000000008007abc      0x144 Drivers/STM32F7xx_HAL_Driver/Src/stm32f7xx_hal_uart.o
                0x0000000008007abc                UART_AdvFeatureConfig
 .text.UART_CheckIdleState
                0x0000000008007c00       0x8a Drivers/STM32F7xx_HAL_Driver/Src/stm32f7xx_hal_uart.o
                0x0000000008007c00                UART_CheckIdleState
 .text.UART_WaitOnFlagUntilTimeout
                0x0000000008007c8a       0xf6 Drivers/STM32F7xx_HAL_Driver/Src/stm32f7xx_hal_uart.o
                0x0000000008007c8a                UART_WaitOnFlagUntilTimeout
 .text.UART_EndRxTransfer
                0x0000000008007d80       0x40 Drivers/STM32F7xx_HAL_Driver/Src/stm32f7xx_hal_uart.o
 .text.UART_DMAAbortOnError
                0x0000000008007dc0       0x2c Drivers/STM32F7xx_HAL_Driver/Src/stm32f7xx_hal_uart.o
 .text.UART_EndTransmit_IT
                0x0000000008007dec       0x32 Drivers/STM32F7xx_HAL_Driver/Src/stm32f7xx_hal_uart.o
 .text.UART_RxISR_8BIT
                0x0000000008007e1e       0xa6 Drivers/STM32F7xx_HAL_Driver/Src/stm32f7xx_hal_uart.o
 .text.UART_RxISR_16BIT
                0x0000000008007ec4       0xa6 Drivers/STM32F7xx_HAL_Driver/Src/stm32f7xx_hal_uart.o
 .text.makeFreeRtosPriority
                0x0000000008007f6a       0x30 Middlewares/Third_Party/FreeRTOS/Source/CMSIS_RTOS/cmsis_os.o
 .text.inHandlerMode
                0x0000000008007f9a       0x24 Middlewares/Third_Party/FreeRTOS/Source/CMSIS_RTOS/cmsis_os.o
 .text.osKernelStart
                0x0000000008007fbe        0xe Middlewares/Third_Party/FreeRTOS/Source/CMSIS_RTOS/cmsis_os.o
                0x0000000008007fbe                osKernelStart
 .text.osThreadCreate
                0x0000000008007fcc       0x98 Middlewares/Third_Party/FreeRTOS/Source/CMSIS_RTOS/cmsis_os.o
                0x0000000008007fcc                osThreadCreate
 .text.osDelay  0x0000000008008064       0x28 Middlewares/Third_Party/FreeRTOS/Source/CMSIS_RTOS/cmsis_os.o
                0x0000000008008064                osDelay
 .text.osTimerCreate
                0x000000000800808c       0x68 Middlewares/Third_Party/FreeRTOS/Source/CMSIS_RTOS/cmsis_os.o
                0x000000000800808c                osTimerCreate
 .text.osTimerStart
                0x00000000080080f4       0x8c Middlewares/Third_Party/FreeRTOS/Source/CMSIS_RTOS/cmsis_os.o
                0x00000000080080f4                osTimerStart
 .text.osMutexCreate
                0x0000000008008180       0x30 Middlewares/Third_Party/FreeRTOS/Source/CMSIS_RTOS/cmsis_os.o
                0x0000000008008180                osMutexCreate
 .text.osMessageCreate
                0x00000000080081b0       0x52 Middlewares/Third_Party/FreeRTOS/Source/CMSIS_RTOS/cmsis_os.o
                0x00000000080081b0                osMessageCreate
 .text.vListInitialise
                0x0000000008008202       0x40 Middlewares/Third_Party/FreeRTOS/Source/list.o
                0x0000000008008202                vListInitialise
 .text.vListInitialiseItem
                0x0000000008008242       0x1a Middlewares/Third_Party/FreeRTOS/Source/list.o
                0x0000000008008242                vListInitialiseItem
 .text.vListInsertEnd
                0x000000000800825c       0x48 Middlewares/Third_Party/FreeRTOS/Source/list.o
                0x000000000800825c                vListInsertEnd
 .text.vListInsert
                0x00000000080082a4       0x72 Middlewares/Third_Party/FreeRTOS/Source/list.o
                0x00000000080082a4                vListInsert
 .text.uxListRemove
                0x0000000008008316       0x54 Middlewares/Third_Party/FreeRTOS/Source/list.o
                0x0000000008008316                uxListRemove
 *fill*         0x000000000800836a        0x2 
 .text.xQueueGenericReset
                0x000000000800836c       0xd4 Middlewares/Third_Party/FreeRTOS/Source/queue.o
                0x000000000800836c                xQueueGenericReset
 .text.xQueueGenericCreateStatic
                0x0000000008008440       0xfa Middlewares/Third_Party/FreeRTOS/Source/queue.o
                0x0000000008008440                xQueueGenericCreateStatic
 .text.xQueueGenericCreate
                0x000000000800853a       0x82 Middlewares/Third_Party/FreeRTOS/Source/queue.o
                0x000000000800853a                xQueueGenericCreate
 .text.prvInitialiseNewQueue
                0x00000000080085bc       0x3e Middlewares/Third_Party/FreeRTOS/Source/queue.o
 .text.prvInitialiseMutex
                0x00000000080085fa       0x34 Middlewares/Third_Party/FreeRTOS/Source/queue.o
 .text.xQueueCreateMutex
                0x000000000800862e       0x30 Middlewares/Third_Party/FreeRTOS/Source/queue.o
                0x000000000800862e                xQueueCreateMutex
 .text.xQueueCreateMutexStatic
                0x000000000800865e       0x36 Middlewares/Third_Party/FreeRTOS/Source/queue.o
                0x000000000800865e                xQueueCreateMutexStatic
 .text.xQueueGenericSend
                0x0000000008008694      0x204 Middlewares/Third_Party/FreeRTOS/Source/queue.o
                0x0000000008008694                xQueueGenericSend
 .text.xQueueGenericSendFromISR
                0x0000000008008898      0x138 Middlewares/Third_Party/FreeRTOS/Source/queue.o
                0x0000000008008898                xQueueGenericSendFromISR
 .text.xQueueReceive
                0x00000000080089d0      0x1c4 Middlewares/Third_Party/FreeRTOS/Source/queue.o
                0x00000000080089d0                xQueueReceive
 .text.prvCopyDataToQueue
                0x0000000008008b94       0xd4 Middlewares/Third_Party/FreeRTOS/Source/queue.o
 .text.prvCopyDataFromQueue
                0x0000000008008c68       0x4c Middlewares/Third_Party/FreeRTOS/Source/queue.o
 .text.prvUnlockQueue
                0x0000000008008cb4       0xa4 Middlewares/Third_Party/FreeRTOS/Source/queue.o
 .text.prvIsQueueEmpty
                0x0000000008008d58       0x2c Middlewares/Third_Party/FreeRTOS/Source/queue.o
 .text.prvIsQueueFull
                0x0000000008008d84       0x30 Middlewares/Third_Party/FreeRTOS/Source/queue.o
 .text.vQueueAddToRegistry
                0x0000000008008db4       0x50 Middlewares/Third_Party/FreeRTOS/Source/queue.o
                0x0000000008008db4                vQueueAddToRegistry
 .text.vQueueWaitForMessageRestricted
                0x0000000008008e04       0x68 Middlewares/Third_Party/FreeRTOS/Source/queue.o
                0x0000000008008e04                vQueueWaitForMessageRestricted
 .text.xTaskCreateStatic
                0x0000000008008e6c       0xc0 Middlewares/Third_Party/FreeRTOS/Source/tasks.o
                0x0000000008008e6c                xTaskCreateStatic
 .text.xTaskCreate
                0x0000000008008f2c       0x8a Middlewares/Third_Party/FreeRTOS/Source/tasks.o
                0x0000000008008f2c                xTaskCreate
 .text.prvInitialiseNewTask
                0x0000000008008fb6      0x110 Middlewares/Third_Party/FreeRTOS/Source/tasks.o
 *fill*         0x00000000080090c6        0x2 
 .text.prvAddNewTaskToReadyList
                0x00000000080090c8       0xd4 Middlewares/Third_Party/FreeRTOS/Source/tasks.o
 .text.vTaskDelay
                0x000000000800919c       0x6c Middlewares/Third_Party/FreeRTOS/Source/tasks.o
                0x000000000800919c                vTaskDelay
 .text.vTaskStartScheduler
                0x0000000008009208       0xd0 Middlewares/Third_Party/FreeRTOS/Source/tasks.o
                0x0000000008009208                vTaskStartScheduler
 .text.vTaskSuspendAll
                0x00000000080092d8       0x1c Middlewares/Third_Party/FreeRTOS/Source/tasks.o
                0x00000000080092d8                vTaskSuspendAll
 .text.xTaskResumeAll
                0x00000000080092f4      0x13c Middlewares/Third_Party/FreeRTOS/Source/tasks.o
                0x00000000080092f4                xTaskResumeAll
 .text.xTaskGetTickCount
                0x0000000008009430       0x20 Middlewares/Third_Party/FreeRTOS/Source/tasks.o
                0x0000000008009430                xTaskGetTickCount
 .text.xTaskIncrementTick
                0x0000000008009450      0x174 Middlewares/Third_Party/FreeRTOS/Source/tasks.o
                0x0000000008009450                xTaskIncrementTick
 .text.vTaskSwitchContext
                0x00000000080095c4       0xb8 Middlewares/Third_Party/FreeRTOS/Source/tasks.o
                0x00000000080095c4                vTaskSwitchContext
 .text.vTaskPlaceOnEventList
                0x000000000800967c       0x4c Middlewares/Third_Party/FreeRTOS/Source/tasks.o
                0x000000000800967c                vTaskPlaceOnEventList
 .text.vTaskPlaceOnEventListRestricted
                0x00000000080096c8       0x58 Middlewares/Third_Party/FreeRTOS/Source/tasks.o
                0x00000000080096c8                vTaskPlaceOnEventListRestricted
 .text.xTaskRemoveFromEventList
                0x0000000008009720       0xc8 Middlewares/Third_Party/FreeRTOS/Source/tasks.o
                0x0000000008009720                xTaskRemoveFromEventList
 .text.vTaskInternalSetTimeOutState
                0x00000000080097e8       0x2c Middlewares/Third_Party/FreeRTOS/Source/tasks.o
                0x00000000080097e8                vTaskInternalSetTimeOutState
 .text.xTaskCheckForTimeOut
                0x0000000008009814       0xc8 Middlewares/Third_Party/FreeRTOS/Source/tasks.o
                0x0000000008009814                xTaskCheckForTimeOut
 .text.vTaskMissedYield
                0x00000000080098dc       0x18 Middlewares/Third_Party/FreeRTOS/Source/tasks.o
                0x00000000080098dc                vTaskMissedYield
 .text.prvIdleTask
                0x00000000080098f4       0x30 Middlewares/Third_Party/FreeRTOS/Source/tasks.o
 .text.prvInitialiseTaskLists
                0x0000000008009924       0x80 Middlewares/Third_Party/FreeRTOS/Source/tasks.o
 .text.prvCheckTasksWaitingTermination
                0x00000000080099a4       0x58 Middlewares/Third_Party/FreeRTOS/Source/tasks.o
 .text.prvDeleteTCB
                0x00000000080099fc       0x60 Middlewares/Third_Party/FreeRTOS/Source/tasks.o
 .text.prvResetNextTaskUnblockTime
                0x0000000008009a5c       0x40 Middlewares/Third_Party/FreeRTOS/Source/tasks.o
 .text.xTaskGetSchedulerState
                0x0000000008009a9c       0x3c Middlewares/Third_Party/FreeRTOS/Source/tasks.o
                0x0000000008009a9c                xTaskGetSchedulerState
 .text.xTaskPriorityDisinherit
                0x0000000008009ad8      0x110 Middlewares/Third_Party/FreeRTOS/Source/tasks.o
                0x0000000008009ad8                xTaskPriorityDisinherit
 .text.ulTaskNotifyTake
                0x0000000008009be8       0x90 Middlewares/Third_Party/FreeRTOS/Source/tasks.o
                0x0000000008009be8                ulTaskNotifyTake
 .text.xTaskGenericNotify
                0x0000000008009c78      0x170 Middlewares/Third_Party/FreeRTOS/Source/tasks.o
                0x0000000008009c78                xTaskGenericNotify
 .text.vTaskNotifyGiveFromISR
                0x0000000008009de8      0x128 Middlewares/Third_Party/FreeRTOS/Source/tasks.o
                0x0000000008009de8                vTaskNotifyGiveFromISR
 .text.prvAddCurrentTaskToDelayedList
                0x0000000008009f10       0xcc Middlewares/Third_Party/FreeRTOS/Source/tasks.o
 .text.xTimerCreateTimerTask
                0x0000000008009fdc       0x94 Middlewares/Third_Party/FreeRTOS/Source/timers.o
                0x0000000008009fdc                xTimerCreateTimerTask
 .text.xTimerCreate
                0x000000000800a070       0x42 Middlewares/Third_Party/FreeRTOS/Source/timers.o
                0x000000000800a070                xTimerCreate
 .text.xTimerCreateStatic
                0x000000000800a0b2       0x80 Middlewares/Third_Party/FreeRTOS/Source/timers.o
                0x000000000800a0b2                xTimerCreateStatic
 .text.prvInitialiseNewTimer
                0x000000000800a132       0x78 Middlewares/Third_Party/FreeRTOS/Source/timers.o
 *fill*         0x000000000800a1aa        0x2 
 .text.xTimerGenericCommand
                0x000000000800a1ac       0x9c Middlewares/Third_Party/FreeRTOS/Source/timers.o
                0x000000000800a1ac                xTimerGenericCommand
 .text.prvProcessExpiredTimer
                0x000000000800a248       0x9c Middlewares/Third_Party/FreeRTOS/Source/timers.o
 .text.prvTimerTask
                0x000000000800a2e4       0x24 Middlewares/Third_Party/FreeRTOS/Source/timers.o
 .text.prvProcessTimerOrBlockTask
                0x000000000800a308       0x9c Middlewares/Third_Party/FreeRTOS/Source/timers.o
 .text.prvGetNextExpireTime
                0x000000000800a3a4       0x48 Middlewares/Third_Party/FreeRTOS/Source/timers.o
 .text.prvSampleTimeNow
                0x000000000800a3ec       0x40 Middlewares/Third_Party/FreeRTOS/Source/timers.o
 .text.prvInsertTimerInActiveList
                0x000000000800a42c       0x84 Middlewares/Third_Party/FreeRTOS/Source/timers.o
 .text.prvProcessReceivedCommands
                0x000000000800a4b0      0x190 Middlewares/Third_Party/FreeRTOS/Source/timers.o
 .text.prvSwitchTimerLists
                0x000000000800a640       0xcc Middlewares/Third_Party/FreeRTOS/Source/timers.o
 .text.prvCheckForValidListAndQueue
                0x000000000800a70c       0x80 Middlewares/Third_Party/FreeRTOS/Source/timers.o
 .text.pxPortInitialiseStack
                0x000000000800a78c       0x68 Middlewares/Third_Party/FreeRTOS/Source/portable/GCC/ARM_CM7/r0p1/port.o
                0x000000000800a78c                pxPortInitialiseStack
 .text.prvTaskExitError
                0x000000000800a7f4       0x5c Middlewares/Third_Party/FreeRTOS/Source/portable/GCC/ARM_CM7/r0p1/port.o
 .text.SVC_Handler
                0x000000000800a850       0x28 Middlewares/Third_Party/FreeRTOS/Source/portable/GCC/ARM_CM7/r0p1/port.o
                0x000000000800a850                SVC_Handler
 .text.prvPortStartFirstTask
                0x000000000800a878       0x28 Middlewares/Third_Party/FreeRTOS/Source/portable/GCC/ARM_CM7/r0p1/port.o
 .text.xPortStartScheduler
                0x000000000800a8a0       0xf8 Middlewares/Third_Party/FreeRTOS/Source/portable/GCC/ARM_CM7/r0p1/port.o
                0x000000000800a8a0                xPortStartScheduler
 .text.vPortEnterCritical
                0x000000000800a998       0x64 Middlewares/Third_Party/FreeRTOS/Source/portable/GCC/ARM_CM7/r0p1/port.o
                0x000000000800a998                vPortEnterCritical
 .text.vPortExitCritical
                0x000000000800a9fc       0x54 Middlewares/Third_Party/FreeRTOS/Source/portable/GCC/ARM_CM7/r0p1/port.o
                0x000000000800a9fc                vPortExitCritical
 .text.PendSV_Handler
                0x000000000800aa50       0x68 Middlewares/Third_Party/FreeRTOS/Source/portable/GCC/ARM_CM7/r0p1/port.o
                0x000000000800aa50                PendSV_Handler
 .text.SysTick_Handler
                0x000000000800aab8       0x44 Middlewares/Third_Party/FreeRTOS/Source/portable/GCC/ARM_CM7/r0p1/port.o
                0x000000000800aab8                SysTick_Handler
 .text.vPortSetupTimerInterrupt
                0x000000000800aafc       0x48 Middlewares/Third_Party/FreeRTOS/Source/portable/GCC/ARM_CM7/r0p1/port.o
                0x000000000800aafc                vPortSetupTimerInterrupt
 .text.vPortEnableVFP
                0x000000000800ab44       0x14 Middlewares/Third_Party/FreeRTOS/Source/portable/GCC/ARM_CM7/r0p1/port.o
 .text.vPortValidateInterruptPriority
                0x000000000800ab58       0x84 Middlewares/Third_Party/FreeRTOS/Source/portable/GCC/ARM_CM7/r0p1/port.o
                0x000000000800ab58                vPortValidateInterruptPriority
 .text.pvPortMalloc
                0x000000000800abdc      0x190 Middlewares/Third_Party/FreeRTOS/Source/portable/MemMang/heap_4.o
                0x000000000800abdc                pvPortMalloc
 .text.vPortFree
                0x000000000800ad6c       0xb8 Middlewares/Third_Party/FreeRTOS/Source/portable/MemMang/heap_4.o
                0x000000000800ad6c                vPortFree
 .text.prvHeapInit
                0x000000000800ae24       0xc4 Middlewares/Third_Party/FreeRTOS/Source/portable/MemMang/heap_4.o
 .text.prvInsertBlockIntoFreeList
                0x000000000800aee8       0xb4 Middlewares/Third_Party/FreeRTOS/Source/portable/MemMang/heap_4.o
 *fill*         0x000000000800af9c        0x4 
 .text.pow      0x000000000800afa0      0x25c d:/multimedia/programas/cubeide/stm32cubeide_1.3.0/stm32cubeide/plugins/com.st.stm32cube.ide.mcu.externaltools.gnu-tools-for-stm32.7-2018-q2-update.win32_1.5.0.202011040924/tools/bin/../lib/gcc/arm-none-eabi/7.3.1/../../../../arm-none-eabi/lib/thumb/v7e-m/fpv5/hard\libm.a(lib_a-w_pow.o)
                0x000000000800afa0                pow
 *fill*         0x000000000800b1fc        0x4 
 .text.__ieee754_pow
                0x000000000800b200      0x70c d:/multimedia/programas/cubeide/stm32cubeide_1.3.0/stm32cubeide/plugins/com.st.stm32cube.ide.mcu.externaltools.gnu-tools-for-stm32.7-2018-q2-update.win32_1.5.0.202011040924/tools/bin/../lib/gcc/arm-none-eabi/7.3.1/../../../../arm-none-eabi/lib/thumb/v7e-m/fpv5/hard\libm.a(lib_a-e_pow.o)
                0x000000000800b200                __ieee754_pow
 .text.__ieee754_sqrt
                0x000000000800b90c        0x6 d:/multimedia/programas/cubeide/stm32cubeide_1.3.0/stm32cubeide/plugins/com.st.stm32cube.ide.mcu.externaltools.gnu-tools-for-stm32.7-2018-q2-update.win32_1.5.0.202011040924/tools/bin/../lib/gcc/arm-none-eabi/7.3.1/../../../../arm-none-eabi/lib/thumb/v7e-m/fpv5/hard\libm.a(lib_a-e_sqrt.o)
                0x000000000800b90c                __ieee754_sqrt
 .text.fabs     0x000000000800b912       0x12 d:/multimedia/programas/cubeide/stm32cubeide_1.3.0/stm32cubeide/plugins/com.st.stm32cube.ide.mcu.externaltools.gnu-tools-for-stm32.7-2018-q2-update.win32_1.5.0.202011040924/tools/bin/../lib/gcc/arm-none-eabi/7.3.1/../../../../arm-none-eabi/lib/thumb/v7e-m/fpv5/hard\libm.a(lib_a-s_fabs.o)
                0x000000000800b912                fabs
 .text.finite   0x000000000800b924       0x10 d:/multimedia/programas/cubeide/stm32cubeide_1.3.0/stm32cubeide/plugins/com.st.stm32cube.ide.mcu.externaltools.gnu-tools-for-stm32.7-2018-q2-update.win32_1.5.0.202011040924/tools/bin/../lib/gcc/arm-none-eabi/7.3.1/../../../../arm-none-eabi/lib/thumb/v7e-m/fpv5/hard\libm.a(lib_a-s_finite.o)
                0x000000000800b924                finite
 .text.matherr  0x000000000800b934        0x4 d:/multimedia/programas/cubeide/stm32cubeide_1.3.0/stm32cubeide/plugins/com.st.stm32cube.ide.mcu.externaltools.gnu-tools-for-stm32.7-2018-q2-update.win32_1.5.0.202011040924/tools/bin/../lib/gcc/arm-none-eabi/7.3.1/../../../../arm-none-eabi/lib/thumb/v7e-m/fpv5/hard\libm.a(lib_a-s_matherr.o)
                0x000000000800b934                matherr
 .text.nan      0x000000000800b938       0x10 d:/multimedia/programas/cubeide/stm32cubeide_1.3.0/stm32cubeide/plugins/com.st.stm32cube.ide.mcu.externaltools.gnu-tools-for-stm32.7-2018-q2-update.win32_1.5.0.202011040924/tools/bin/../lib/gcc/arm-none-eabi/7.3.1/../../../../arm-none-eabi/lib/thumb/v7e-m/fpv5/hard\libm.a(lib_a-s_nan.o)
                0x000000000800b938                nan
 .text.rint     0x000000000800b948      0x114 d:/multimedia/programas/cubeide/stm32cubeide_1.3.0/stm32cubeide/plugins/com.st.stm32cube.ide.mcu.externaltools.gnu-tools-for-stm32.7-2018-q2-update.win32_1.5.0.202011040924/tools/bin/../lib/gcc/arm-none-eabi/7.3.1/../../../../arm-none-eabi/lib/thumb/v7e-m/fpv5/hard\libm.a(lib_a-s_rint.o)
                0x000000000800b948                rint
 *fill*         0x000000000800ba5c        0x4 
 .text.scalbn   0x000000000800ba60       0xfc d:/multimedia/programas/cubeide/stm32cubeide_1.3.0/stm32cubeide/plugins/com.st.stm32cube.ide.mcu.externaltools.gnu-tools-for-stm32.7-2018-q2-update.win32_1.5.0.202011040924/tools/bin/../lib/gcc/arm-none-eabi/7.3.1/../../../../arm-none-eabi/lib/thumb/v7e-m/fpv5/hard\libm.a(lib_a-s_scalbn.o)
                0x000000000800ba60                scalbn
 .text.copysign
                0x000000000800bb5c       0x1e d:/multimedia/programas/cubeide/stm32cubeide_1.3.0/stm32cubeide/plugins/com.st.stm32cube.ide.mcu.externaltools.gnu-tools-for-stm32.7-2018-q2-update.win32_1.5.0.202011040924/tools/bin/../lib/gcc/arm-none-eabi/7.3.1/../../../../arm-none-eabi/lib/thumb/v7e-m/fpv5/hard\libm.a(lib_a-s_copysign.o)
                0x000000000800bb5c                copysign
 *fill*         0x000000000800bb7a        0x2 
 .text.__errno  0x000000000800bb7c        0xc d:/multimedia/programas/cubeide/stm32cubeide_1.3.0/stm32cubeide/plugins/com.st.stm32cube.ide.mcu.externaltools.gnu-tools-for-stm32.7-2018-q2-update.win32_1.5.0.202011040924/tools/bin/../lib/gcc/arm-none-eabi/7.3.1/../../../../arm-none-eabi/lib/thumb/v7e-m/fpv5/hard\libc_nano.a(lib_a-errno.o)
                0x000000000800bb7c                __errno
 .text.__libc_init_array
                0x000000000800bb88       0x48 d:/multimedia/programas/cubeide/stm32cubeide_1.3.0/stm32cubeide/plugins/com.st.stm32cube.ide.mcu.externaltools.gnu-tools-for-stm32.7-2018-q2-update.win32_1.5.0.202011040924/tools/bin/../lib/gcc/arm-none-eabi/7.3.1/../../../../arm-none-eabi/lib/thumb/v7e-m/fpv5/hard\libc_nano.a(lib_a-init.o)
                0x000000000800bb88                __libc_init_array
 .text.malloc   0x000000000800bbd0       0x10 d:/multimedia/programas/cubeide/stm32cubeide_1.3.0/stm32cubeide/plugins/com.st.stm32cube.ide.mcu.externaltools.gnu-tools-for-stm32.7-2018-q2-update.win32_1.5.0.202011040924/tools/bin/../lib/gcc/arm-none-eabi/7.3.1/../../../../arm-none-eabi/lib/thumb/v7e-m/fpv5/hard\libc_nano.a(lib_a-malloc.o)
                0x000000000800bbd0                malloc
 .text.free     0x000000000800bbe0       0x10 d:/multimedia/programas/cubeide/stm32cubeide_1.3.0/stm32cubeide/plugins/com.st.stm32cube.ide.mcu.externaltools.gnu-tools-for-stm32.7-2018-q2-update.win32_1.5.0.202011040924/tools/bin/../lib/gcc/arm-none-eabi/7.3.1/../../../../arm-none-eabi/lib/thumb/v7e-m/fpv5/hard\libc_nano.a(lib_a-malloc.o)
                0x000000000800bbe0                free
 .text.memcpy   0x000000000800bbf0       0x16 d:/multimedia/programas/cubeide/stm32cubeide_1.3.0/stm32cubeide/plugins/com.st.stm32cube.ide.mcu.externaltools.gnu-tools-for-stm32.7-2018-q2-update.win32_1.5.0.202011040924/tools/bin/../lib/gcc/arm-none-eabi/7.3.1/../../../../arm-none-eabi/lib/thumb/v7e-m/fpv5/hard\libc_nano.a(lib_a-memcpy-stub.o)
                0x000000000800bbf0                memcpy
 .text.memset   0x000000000800bc06       0x10 d:/multimedia/programas/cubeide/stm32cubeide_1.3.0/stm32cubeide/plugins/com.st.stm32cube.ide.mcu.externaltools.gnu-tools-for-stm32.7-2018-q2-update.win32_1.5.0.202011040924/tools/bin/../lib/gcc/arm-none-eabi/7.3.1/../../../../arm-none-eabi/lib/thumb/v7e-m/fpv5/hard\libc_nano.a(lib_a-memset.o)
                0x000000000800bc06                memset
 *fill*         0x000000000800bc16        0x2 
 .text._free_r  0x000000000800bc18       0x9c d:/multimedia/programas/cubeide/stm32cubeide_1.3.0/stm32cubeide/plugins/com.st.stm32cube.ide.mcu.externaltools.gnu-tools-for-stm32.7-2018-q2-update.win32_1.5.0.202011040924/tools/bin/../lib/gcc/arm-none-eabi/7.3.1/../../../../arm-none-eabi/lib/thumb/v7e-m/fpv5/hard\libc_nano.a(lib_a-nano-freer.o)
                0x000000000800bc18                _free_r
 .text._malloc_r
                0x000000000800bcb4       0xb4 d:/multimedia/programas/cubeide/stm32cubeide_1.3.0/stm32cubeide/plugins/com.st.stm32cube.ide.mcu.externaltools.gnu-tools-for-stm32.7-2018-q2-update.win32_1.5.0.202011040924/tools/bin/../lib/gcc/arm-none-eabi/7.3.1/../../../../arm-none-eabi/lib/thumb/v7e-m/fpv5/hard\libc_nano.a(lib_a-nano-mallocr.o)
                0x000000000800bcb4                _malloc_r
 .text.__cvt    0x000000000800bd68       0xa4 d:/multimedia/programas/cubeide/stm32cubeide_1.3.0/stm32cubeide/plugins/com.st.stm32cube.ide.mcu.externaltools.gnu-tools-for-stm32.7-2018-q2-update.win32_1.5.0.202011040924/tools/bin/../lib/gcc/arm-none-eabi/7.3.1/../../../../arm-none-eabi/lib/thumb/v7e-m/fpv5/hard\libc_nano.a(lib_a-nano-vfprintf_float.o)
                0x000000000800bd68                __cvt
 .text.__exponent
                0x000000000800be0c       0x66 d:/multimedia/programas/cubeide/stm32cubeide_1.3.0/stm32cubeide/plugins/com.st.stm32cube.ide.mcu.externaltools.gnu-tools-for-stm32.7-2018-q2-update.win32_1.5.0.202011040924/tools/bin/../lib/gcc/arm-none-eabi/7.3.1/../../../../arm-none-eabi/lib/thumb/v7e-m/fpv5/hard\libc_nano.a(lib_a-nano-vfprintf_float.o)
                0x000000000800be0c                __exponent
 *fill*         0x000000000800be72        0x6 
 .text._printf_float
                0x000000000800be78      0x458 d:/multimedia/programas/cubeide/stm32cubeide_1.3.0/stm32cubeide/plugins/com.st.stm32cube.ide.mcu.externaltools.gnu-tools-for-stm32.7-2018-q2-update.win32_1.5.0.202011040924/tools/bin/../lib/gcc/arm-none-eabi/7.3.1/../../../../arm-none-eabi/lib/thumb/v7e-m/fpv5/hard\libc_nano.a(lib_a-nano-vfprintf_float.o)
                0x000000000800be78                _printf_float
 .text._printf_common
                0x000000000800c2d0       0xea d:/multimedia/programas/cubeide/stm32cubeide_1.3.0/stm32cubeide/plugins/com.st.stm32cube.ide.mcu.externaltools.gnu-tools-for-stm32.7-2018-q2-update.win32_1.5.0.202011040924/tools/bin/../lib/gcc/arm-none-eabi/7.3.1/../../../../arm-none-eabi/lib/thumb/v7e-m/fpv5/hard\libc_nano.a(lib_a-nano-vfprintf_i.o)
                0x000000000800c2d0                _printf_common
 *fill*         0x000000000800c3ba        0x2 
 .text._printf_i
                0x000000000800c3bc      0x224 d:/multimedia/programas/cubeide/stm32cubeide_1.3.0/stm32cubeide/plugins/com.st.stm32cube.ide.mcu.externaltools.gnu-tools-for-stm32.7-2018-q2-update.win32_1.5.0.202011040924/tools/bin/../lib/gcc/arm-none-eabi/7.3.1/../../../../arm-none-eabi/lib/thumb/v7e-m/fpv5/hard\libc_nano.a(lib_a-nano-vfprintf_i.o)
                0x000000000800c3bc                _printf_i
 .text.printf   0x000000000800c5e0       0x30 d:/multimedia/programas/cubeide/stm32cubeide_1.3.0/stm32cubeide/plugins/com.st.stm32cube.ide.mcu.externaltools.gnu-tools-for-stm32.7-2018-q2-update.win32_1.5.0.202011040924/tools/bin/../lib/gcc/arm-none-eabi/7.3.1/../../../../arm-none-eabi/lib/thumb/v7e-m/fpv5/hard\libc_nano.a(lib_a-printf.o)
                0x000000000800c5e0                iprintf
                0x000000000800c5e0                printf
 .text._sbrk_r  0x000000000800c610       0x20 d:/multimedia/programas/cubeide/stm32cubeide_1.3.0/stm32cubeide/plugins/com.st.stm32cube.ide.mcu.externaltools.gnu-tools-for-stm32.7-2018-q2-update.win32_1.5.0.202011040924/tools/bin/../lib/gcc/arm-none-eabi/7.3.1/../../../../arm-none-eabi/lib/thumb/v7e-m/fpv5/hard\libc_nano.a(lib_a-sbrkr.o)
                0x000000000800c610                _sbrk_r
 .text.sprintf  0x000000000800c630       0x40 d:/multimedia/programas/cubeide/stm32cubeide_1.3.0/stm32cubeide/plugins/com.st.stm32cube.ide.mcu.externaltools.gnu-tools-for-stm32.7-2018-q2-update.win32_1.5.0.202011040924/tools/bin/../lib/gcc/arm-none-eabi/7.3.1/../../../../arm-none-eabi/lib/thumb/v7e-m/fpv5/hard\libc_nano.a(lib_a-sprintf.o)
                0x000000000800c630                siprintf
                0x000000000800c630                sprintf
 .text.quorem   0x000000000800c670      0x118 d:/multimedia/programas/cubeide/stm32cubeide_1.3.0/stm32cubeide/plugins/com.st.stm32cube.ide.mcu.externaltools.gnu-tools-for-stm32.7-2018-q2-update.win32_1.5.0.202011040924/tools/bin/../lib/gcc/arm-none-eabi/7.3.1/../../../../arm-none-eabi/lib/thumb/v7e-m/fpv5/hard\libc_nano.a(lib_a-dtoa.o)
 .text._dtoa_r  0x000000000800c788      0xa98 d:/multimedia/programas/cubeide/stm32cubeide_1.3.0/stm32cubeide/plugins/com.st.stm32cube.ide.mcu.externaltools.gnu-tools-for-stm32.7-2018-q2-update.win32_1.5.0.202011040924/tools/bin/../lib/gcc/arm-none-eabi/7.3.1/../../../../arm-none-eabi/lib/thumb/v7e-m/fpv5/hard\libc_nano.a(lib_a-dtoa.o)
                0x000000000800c788                _dtoa_r
 .text.std      0x000000000800d220       0x48 d:/multimedia/programas/cubeide/stm32cubeide_1.3.0/stm32cubeide/plugins/com.st.stm32cube.ide.mcu.externaltools.gnu-tools-for-stm32.7-2018-q2-update.win32_1.5.0.202011040924/tools/bin/../lib/gcc/arm-none-eabi/7.3.1/../../../../arm-none-eabi/lib/thumb/v7e-m/fpv5/hard\libc_nano.a(lib_a-findfp.o)
 .text._cleanup_r
                0x000000000800d268        0xc d:/multimedia/programas/cubeide/stm32cubeide_1.3.0/stm32cubeide/plugins/com.st.stm32cube.ide.mcu.externaltools.gnu-tools-for-stm32.7-2018-q2-update.win32_1.5.0.202011040924/tools/bin/../lib/gcc/arm-none-eabi/7.3.1/../../../../arm-none-eabi/lib/thumb/v7e-m/fpv5/hard\libc_nano.a(lib_a-findfp.o)
                0x000000000800d268                _cleanup_r
 .text.__sfmoreglue
                0x000000000800d274       0x2c d:/multimedia/programas/cubeide/stm32cubeide_1.3.0/stm32cubeide/plugins/com.st.stm32cube.ide.mcu.externaltools.gnu-tools-for-stm32.7-2018-q2-update.win32_1.5.0.202011040924/tools/bin/../lib/gcc/arm-none-eabi/7.3.1/../../../../arm-none-eabi/lib/thumb/v7e-m/fpv5/hard\libc_nano.a(lib_a-findfp.o)
                0x000000000800d274                __sfmoreglue
 .text.__sinit  0x000000000800d2a0       0x60 d:/multimedia/programas/cubeide/stm32cubeide_1.3.0/stm32cubeide/plugins/com.st.stm32cube.ide.mcu.externaltools.gnu-tools-for-stm32.7-2018-q2-update.win32_1.5.0.202011040924/tools/bin/../lib/gcc/arm-none-eabi/7.3.1/../../../../arm-none-eabi/lib/thumb/v7e-m/fpv5/hard\libc_nano.a(lib_a-findfp.o)
                0x000000000800d2a0                __sinit
 .text.__sfp    0x000000000800d300       0x78 d:/multimedia/programas/cubeide/stm32cubeide_1.3.0/stm32cubeide/plugins/com.st.stm32cube.ide.mcu.externaltools.gnu-tools-for-stm32.7-2018-q2-update.win32_1.5.0.202011040924/tools/bin/../lib/gcc/arm-none-eabi/7.3.1/../../../../arm-none-eabi/lib/thumb/v7e-m/fpv5/hard\libc_nano.a(lib_a-findfp.o)
                0x000000000800d300                __sfp
 .text._fwalk_reent
                0x000000000800d378       0x3c d:/multimedia/programas/cubeide/stm32cubeide_1.3.0/stm32cubeide/plugins/com.st.stm32cube.ide.mcu.externaltools.gnu-tools-for-stm32.7-2018-q2-update.win32_1.5.0.202011040924/tools/bin/../lib/gcc/arm-none-eabi/7.3.1/../../../../arm-none-eabi/lib/thumb/v7e-m/fpv5/hard\libc_nano.a(lib_a-fwalk.o)
                0x000000000800d378                _fwalk_reent
 .text._localeconv_r
                0x000000000800d3b4       0x1c d:/multimedia/programas/cubeide/stm32cubeide_1.3.0/stm32cubeide/plugins/com.st.stm32cube.ide.mcu.externaltools.gnu-tools-for-stm32.7-2018-q2-update.win32_1.5.0.202011040924/tools/bin/../lib/gcc/arm-none-eabi/7.3.1/../../../../arm-none-eabi/lib/thumb/v7e-m/fpv5/hard\libc_nano.a(lib_a-localeconv.o)
                0x000000000800d3b4                _localeconv_r
 .text.__malloc_lock
                0x000000000800d3d0        0x2 d:/multimedia/programas/cubeide/stm32cubeide_1.3.0/stm32cubeide/plugins/com.st.stm32cube.ide.mcu.externaltools.gnu-tools-for-stm32.7-2018-q2-update.win32_1.5.0.202011040924/tools/bin/../lib/gcc/arm-none-eabi/7.3.1/../../../../arm-none-eabi/lib/thumb/v7e-m/fpv5/hard\libc_nano.a(lib_a-mlock.o)
                0x000000000800d3d0                __malloc_lock
 .text.__malloc_unlock
                0x000000000800d3d2        0x2 d:/multimedia/programas/cubeide/stm32cubeide_1.3.0/stm32cubeide/plugins/com.st.stm32cube.ide.mcu.externaltools.gnu-tools-for-stm32.7-2018-q2-update.win32_1.5.0.202011040924/tools/bin/../lib/gcc/arm-none-eabi/7.3.1/../../../../arm-none-eabi/lib/thumb/v7e-m/fpv5/hard\libc_nano.a(lib_a-mlock.o)
                0x000000000800d3d2                __malloc_unlock
 .text._Balloc  0x000000000800d3d4       0x68 d:/multimedia/programas/cubeide/stm32cubeide_1.3.0/stm32cubeide/plugins/com.st.stm32cube.ide.mcu.externaltools.gnu-tools-for-stm32.7-2018-q2-update.win32_1.5.0.202011040924/tools/bin/../lib/gcc/arm-none-eabi/7.3.1/../../../../arm-none-eabi/lib/thumb/v7e-m/fpv5/hard\libc_nano.a(lib_a-mprec.o)
                0x000000000800d3d4                _Balloc
 .text._Bfree   0x000000000800d43c       0x2e d:/multimedia/programas/cubeide/stm32cubeide_1.3.0/stm32cubeide/plugins/com.st.stm32cube.ide.mcu.externaltools.gnu-tools-for-stm32.7-2018-q2-update.win32_1.5.0.202011040924/tools/bin/../lib/gcc/arm-none-eabi/7.3.1/../../../../arm-none-eabi/lib/thumb/v7e-m/fpv5/hard\libc_nano.a(lib_a-mprec.o)
                0x000000000800d43c                _Bfree
 .text.__multadd
                0x000000000800d46a       0x76 d:/multimedia/programas/cubeide/stm32cubeide_1.3.0/stm32cubeide/plugins/com.st.stm32cube.ide.mcu.externaltools.gnu-tools-for-stm32.7-2018-q2-update.win32_1.5.0.202011040924/tools/bin/../lib/gcc/arm-none-eabi/7.3.1/../../../../arm-none-eabi/lib/thumb/v7e-m/fpv5/hard\libc_nano.a(lib_a-mprec.o)
                0x000000000800d46a                __multadd
 .text.__hi0bits
                0x000000000800d4e0       0x3e d:/multimedia/programas/cubeide/stm32cubeide_1.3.0/stm32cubeide/plugins/com.st.stm32cube.ide.mcu.externaltools.gnu-tools-for-stm32.7-2018-q2-update.win32_1.5.0.202011040924/tools/bin/../lib/gcc/arm-none-eabi/7.3.1/../../../../arm-none-eabi/lib/thumb/v7e-m/fpv5/hard\libc_nano.a(lib_a-mprec.o)
                0x000000000800d4e0                __hi0bits
 .text.__lo0bits
                0x000000000800d51e       0x5e d:/multimedia/programas/cubeide/stm32cubeide_1.3.0/stm32cubeide/plugins/com.st.stm32cube.ide.mcu.externaltools.gnu-tools-for-stm32.7-2018-q2-update.win32_1.5.0.202011040924/tools/bin/../lib/gcc/arm-none-eabi/7.3.1/../../../../arm-none-eabi/lib/thumb/v7e-m/fpv5/hard\libc_nano.a(lib_a-mprec.o)
                0x000000000800d51e                __lo0bits
 .text.__i2b    0x000000000800d57c       0x12 d:/multimedia/programas/cubeide/stm32cubeide_1.3.0/stm32cubeide/plugins/com.st.stm32cube.ide.mcu.externaltools.gnu-tools-for-stm32.7-2018-q2-update.win32_1.5.0.202011040924/tools/bin/../lib/gcc/arm-none-eabi/7.3.1/../../../../arm-none-eabi/lib/thumb/v7e-m/fpv5/hard\libc_nano.a(lib_a-mprec.o)
                0x000000000800d57c                __i2b
 .text.__multiply
                0x000000000800d58e      0x12c d:/multimedia/programas/cubeide/stm32cubeide_1.3.0/stm32cubeide/plugins/com.st.stm32cube.ide.mcu.externaltools.gnu-tools-for-stm32.7-2018-q2-update.win32_1.5.0.202011040924/tools/bin/../lib/gcc/arm-none-eabi/7.3.1/../../../../arm-none-eabi/lib/thumb/v7e-m/fpv5/hard\libc_nano.a(lib_a-mprec.o)
                0x000000000800d58e                __multiply
 *fill*         0x000000000800d6ba        0x2 
 .text.__pow5mult
                0x000000000800d6bc       0x9c d:/multimedia/programas/cubeide/stm32cubeide_1.3.0/stm32cubeide/plugins/com.st.stm32cube.ide.mcu.externaltools.gnu-tools-for-stm32.7-2018-q2-update.win32_1.5.0.202011040924/tools/bin/../lib/gcc/arm-none-eabi/7.3.1/../../../../arm-none-eabi/lib/thumb/v7e-m/fpv5/hard\libc_nano.a(lib_a-mprec.o)
                0x000000000800d6bc                __pow5mult
 .text.__lshift
                0x000000000800d758       0xa8 d:/multimedia/programas/cubeide/stm32cubeide_1.3.0/stm32cubeide/plugins/com.st.stm32cube.ide.mcu.externaltools.gnu-tools-for-stm32.7-2018-q2-update.win32_1.5.0.202011040924/tools/bin/../lib/gcc/arm-none-eabi/7.3.1/../../../../arm-none-eabi/lib/thumb/v7e-m/fpv5/hard\libc_nano.a(lib_a-mprec.o)
                0x000000000800d758                __lshift
 .text.__mcmp   0x000000000800d800       0x34 d:/multimedia/programas/cubeide/stm32cubeide_1.3.0/stm32cubeide/plugins/com.st.stm32cube.ide.mcu.externaltools.gnu-tools-for-stm32.7-2018-q2-update.win32_1.5.0.202011040924/tools/bin/../lib/gcc/arm-none-eabi/7.3.1/../../../../arm-none-eabi/lib/thumb/v7e-m/fpv5/hard\libc_nano.a(lib_a-mprec.o)
                0x000000000800d800                __mcmp
 .text.__mdiff  0x000000000800d834       0xba d:/multimedia/programas/cubeide/stm32cubeide_1.3.0/stm32cubeide/plugins/com.st.stm32cube.ide.mcu.externaltools.gnu-tools-for-stm32.7-2018-q2-update.win32_1.5.0.202011040924/tools/bin/../lib/gcc/arm-none-eabi/7.3.1/../../../../arm-none-eabi/lib/thumb/v7e-m/fpv5/hard\libc_nano.a(lib_a-mprec.o)
                0x000000000800d834                __mdiff
 .text.__d2b    0x000000000800d8ee       0x9e d:/multimedia/programas/cubeide/stm32cubeide_1.3.0/stm32cubeide/plugins/com.st.stm32cube.ide.mcu.externaltools.gnu-tools-for-stm32.7-2018-q2-update.win32_1.5.0.202011040924/tools/bin/../lib/gcc/arm-none-eabi/7.3.1/../../../../arm-none-eabi/lib/thumb/v7e-m/fpv5/hard\libc_nano.a(lib_a-mprec.o)
                0x000000000800d8ee                __d2b
 .text._calloc_r
                0x000000000800d98c       0x1c d:/multimedia/programas/cubeide/stm32cubeide_1.3.0/stm32cubeide/plugins/com.st.stm32cube.ide.mcu.externaltools.gnu-tools-for-stm32.7-2018-q2-update.win32_1.5.0.202011040924/tools/bin/../lib/gcc/arm-none-eabi/7.3.1/../../../../arm-none-eabi/lib/thumb/v7e-m/fpv5/hard\libc_nano.a(lib_a-nano-callocr.o)
                0x000000000800d98c                _calloc_r
 .text.__ssputs_r
                0x000000000800d9a8       0xb4 d:/multimedia/programas/cubeide/stm32cubeide_1.3.0/stm32cubeide/plugins/com.st.stm32cube.ide.mcu.externaltools.gnu-tools-for-stm32.7-2018-q2-update.win32_1.5.0.202011040924/tools/bin/../lib/gcc/arm-none-eabi/7.3.1/../../../../arm-none-eabi/lib/thumb/v7e-m/fpv5/hard\libc_nano.a(lib_a-nano-svfprintf.o)
                0x000000000800d9a8                __ssputs_r
 .text._svfprintf_r
                0x000000000800da5c      0x1f0 d:/multimedia/programas/cubeide/stm32cubeide_1.3.0/stm32cubeide/plugins/com.st.stm32cube.ide.mcu.externaltools.gnu-tools-for-stm32.7-2018-q2-update.win32_1.5.0.202011040924/tools/bin/../lib/gcc/arm-none-eabi/7.3.1/../../../../arm-none-eabi/lib/thumb/v7e-m/fpv5/hard\libc_nano.a(lib_a-nano-svfprintf.o)
                0x000000000800da5c                _svfiprintf_r
                0x000000000800da5c                _svfprintf_r
 .text.__sfputc_r
                0x000000000800dc4c       0x2e d:/multimedia/programas/cubeide/stm32cubeide_1.3.0/stm32cubeide/plugins/com.st.stm32cube.ide.mcu.externaltools.gnu-tools-for-stm32.7-2018-q2-update.win32_1.5.0.202011040924/tools/bin/../lib/gcc/arm-none-eabi/7.3.1/../../../../arm-none-eabi/lib/thumb/v7e-m/fpv5/hard\libc_nano.a(lib_a-nano-vfprintf.o)
 .text.__sfputs_r
                0x000000000800dc7a       0x24 d:/multimedia/programas/cubeide/stm32cubeide_1.3.0/stm32cubeide/plugins/com.st.stm32cube.ide.mcu.externaltools.gnu-tools-for-stm32.7-2018-q2-update.win32_1.5.0.202011040924/tools/bin/../lib/gcc/arm-none-eabi/7.3.1/../../../../arm-none-eabi/lib/thumb/v7e-m/fpv5/hard\libc_nano.a(lib_a-nano-vfprintf.o)
                0x000000000800dc7a                __sfputs_r
 *fill*         0x000000000800dc9e        0x2 
 .text._vfprintf_r
                0x000000000800dca0      0x22c d:/multimedia/programas/cubeide/stm32cubeide_1.3.0/stm32cubeide/plugins/com.st.stm32cube.ide.mcu.externaltools.gnu-tools-for-stm32.7-2018-q2-update.win32_1.5.0.202011040924/tools/bin/../lib/gcc/arm-none-eabi/7.3.1/../../../../arm-none-eabi/lib/thumb/v7e-m/fpv5/hard\libc_nano.a(lib_a-nano-vfprintf.o)
                0x000000000800dca0                _vfprintf_r
                0x000000000800dca0                _vfiprintf_r
 .text.__sread  0x000000000800decc       0x22 d:/multimedia/programas/cubeide/stm32cubeide_1.3.0/stm32cubeide/plugins/com.st.stm32cube.ide.mcu.externaltools.gnu-tools-for-stm32.7-2018-q2-update.win32_1.5.0.202011040924/tools/bin/../lib/gcc/arm-none-eabi/7.3.1/../../../../arm-none-eabi/lib/thumb/v7e-m/fpv5/hard\libc_nano.a(lib_a-stdio.o)
                0x000000000800decc                __sread
 .text.__swrite
                0x000000000800deee       0x38 d:/multimedia/programas/cubeide/stm32cubeide_1.3.0/stm32cubeide/plugins/com.st.stm32cube.ide.mcu.externaltools.gnu-tools-for-stm32.7-2018-q2-update.win32_1.5.0.202011040924/tools/bin/../lib/gcc/arm-none-eabi/7.3.1/../../../../arm-none-eabi/lib/thumb/v7e-m/fpv5/hard\libc_nano.a(lib_a-stdio.o)
                0x000000000800deee                __swrite
 .text.__sseek  0x000000000800df26       0x24 d:/multimedia/programas/cubeide/stm32cubeide_1.3.0/stm32cubeide/plugins/com.st.stm32cube.ide.mcu.externaltools.gnu-tools-for-stm32.7-2018-q2-update.win32_1.5.0.202011040924/tools/bin/../lib/gcc/arm-none-eabi/7.3.1/../../../../arm-none-eabi/lib/thumb/v7e-m/fpv5/hard\libc_nano.a(lib_a-stdio.o)
                0x000000000800df26                __sseek
 .text.__sclose
                0x000000000800df4a        0x8 d:/multimedia/programas/cubeide/stm32cubeide_1.3.0/stm32cubeide/plugins/com.st.stm32cube.ide.mcu.externaltools.gnu-tools-for-stm32.7-2018-q2-update.win32_1.5.0.202011040924/tools/bin/../lib/gcc/arm-none-eabi/7.3.1/../../../../arm-none-eabi/lib/thumb/v7e-m/fpv5/hard\libc_nano.a(lib_a-stdio.o)
                0x000000000800df4a                __sclose
 *fill*         0x000000000800df52        0x2 
 .text.__swbuf_r
                0x000000000800df54       0xa4 d:/multimedia/programas/cubeide/stm32cubeide_1.3.0/stm32cubeide/plugins/com.st.stm32cube.ide.mcu.externaltools.gnu-tools-for-stm32.7-2018-q2-update.win32_1.5.0.202011040924/tools/bin/../lib/gcc/arm-none-eabi/7.3.1/../../../../arm-none-eabi/lib/thumb/v7e-m/fpv5/hard\libc_nano.a(lib_a-wbuf.o)
                0x000000000800df54                __swbuf_r
 .text._write_r
                0x000000000800dff8       0x24 d:/multimedia/programas/cubeide/stm32cubeide_1.3.0/stm32cubeide/plugins/com.st.stm32cube.ide.mcu.externaltools.gnu-tools-for-stm32.7-2018-q2-update.win32_1.5.0.202011040924/tools/bin/../lib/gcc/arm-none-eabi/7.3.1/../../../../arm-none-eabi/lib/thumb/v7e-m/fpv5/hard\libc_nano.a(lib_a-writer.o)
                0x000000000800dff8                _write_r
 .text.__swsetup_r
                0x000000000800e01c       0xdc d:/multimedia/programas/cubeide/stm32cubeide_1.3.0/stm32cubeide/plugins/com.st.stm32cube.ide.mcu.externaltools.gnu-tools-for-stm32.7-2018-q2-update.win32_1.5.0.202011040924/tools/bin/../lib/gcc/arm-none-eabi/7.3.1/../../../../arm-none-eabi/lib/thumb/v7e-m/fpv5/hard\libc_nano.a(lib_a-wsetup.o)
                0x000000000800e01c                __swsetup_r
 .text._close_r
                0x000000000800e0f8       0x20 d:/multimedia/programas/cubeide/stm32cubeide_1.3.0/stm32cubeide/plugins/com.st.stm32cube.ide.mcu.externaltools.gnu-tools-for-stm32.7-2018-q2-update.win32_1.5.0.202011040924/tools/bin/../lib/gcc/arm-none-eabi/7.3.1/../../../../arm-none-eabi/lib/thumb/v7e-m/fpv5/hard\libc_nano.a(lib_a-closer.o)
                0x000000000800e0f8                _close_r
 .text.__sflush_r
                0x000000000800e118      0x10c d:/multimedia/programas/cubeide/stm32cubeide_1.3.0/stm32cubeide/plugins/com.st.stm32cube.ide.mcu.externaltools.gnu-tools-for-stm32.7-2018-q2-update.win32_1.5.0.202011040924/tools/bin/../lib/gcc/arm-none-eabi/7.3.1/../../../../arm-none-eabi/lib/thumb/v7e-m/fpv5/hard\libc_nano.a(lib_a-fflush.o)
                0x000000000800e118                __sflush_r
 .text._fflush_r
                0x000000000800e224       0x54 d:/multimedia/programas/cubeide/stm32cubeide_1.3.0/stm32cubeide/plugins/com.st.stm32cube.ide.mcu.externaltools.gnu-tools-for-stm32.7-2018-q2-update.win32_1.5.0.202011040924/tools/bin/../lib/gcc/arm-none-eabi/7.3.1/../../../../arm-none-eabi/lib/thumb/v7e-m/fpv5/hard\libc_nano.a(lib_a-fflush.o)
                0x000000000800e224                _fflush_r
 .text._lseek_r
                0x000000000800e278       0x24 d:/multimedia/programas/cubeide/stm32cubeide_1.3.0/stm32cubeide/plugins/com.st.stm32cube.ide.mcu.externaltools.gnu-tools-for-stm32.7-2018-q2-update.win32_1.5.0.202011040924/tools/bin/../lib/gcc/arm-none-eabi/7.3.1/../../../../arm-none-eabi/lib/thumb/v7e-m/fpv5/hard\libc_nano.a(lib_a-lseekr.o)
                0x000000000800e278                _lseek_r
 .text.__swhatbuf_r
                0x000000000800e29c       0x48 d:/multimedia/programas/cubeide/stm32cubeide_1.3.0/stm32cubeide/plugins/com.st.stm32cube.ide.mcu.externaltools.gnu-tools-for-stm32.7-2018-q2-update.win32_1.5.0.202011040924/tools/bin/../lib/gcc/arm-none-eabi/7.3.1/../../../../arm-none-eabi/lib/thumb/v7e-m/fpv5/hard\libc_nano.a(lib_a-makebuf.o)
                0x000000000800e29c                __swhatbuf_r
 .text.__smakebuf_r
                0x000000000800e2e4       0x80 d:/multimedia/programas/cubeide/stm32cubeide_1.3.0/stm32cubeide/plugins/com.st.stm32cube.ide.mcu.externaltools.gnu-tools-for-stm32.7-2018-q2-update.win32_1.5.0.202011040924/tools/bin/../lib/gcc/arm-none-eabi/7.3.1/../../../../arm-none-eabi/lib/thumb/v7e-m/fpv5/hard\libc_nano.a(lib_a-makebuf.o)
                0x000000000800e2e4                __smakebuf_r
 .text.__ascii_mbtowc
                0x000000000800e364       0x24 d:/multimedia/programas/cubeide/stm32cubeide_1.3.0/stm32cubeide/plugins/com.st.stm32cube.ide.mcu.externaltools.gnu-tools-for-stm32.7-2018-q2-update.win32_1.5.0.202011040924/tools/bin/../lib/gcc/arm-none-eabi/7.3.1/../../../../arm-none-eabi/lib/thumb/v7e-m/fpv5/hard\libc_nano.a(lib_a-mbtowc_r.o)
                0x000000000800e364                __ascii_mbtowc
 .text.memmove  0x000000000800e388       0x32 d:/multimedia/programas/cubeide/stm32cubeide_1.3.0/stm32cubeide/plugins/com.st.stm32cube.ide.mcu.externaltools.gnu-tools-for-stm32.7-2018-q2-update.win32_1.5.0.202011040924/tools/bin/../lib/gcc/arm-none-eabi/7.3.1/../../../../arm-none-eabi/lib/thumb/v7e-m/fpv5/hard\libc_nano.a(lib_a-memmove.o)
                0x000000000800e388                memmove
 .text._realloc_r
                0x000000000800e3ba       0x4c d:/multimedia/programas/cubeide/stm32cubeide_1.3.0/stm32cubeide/plugins/com.st.stm32cube.ide.mcu.externaltools.gnu-tools-for-stm32.7-2018-q2-update.win32_1.5.0.202011040924/tools/bin/../lib/gcc/arm-none-eabi/7.3.1/../../../../arm-none-eabi/lib/thumb/v7e-m/fpv5/hard\libc_nano.a(lib_a-nano-reallocr.o)
                0x000000000800e3ba                _realloc_r
 *fill*         0x000000000800e406        0x2 
 .text._read_r  0x000000000800e408       0x24 d:/multimedia/programas/cubeide/stm32cubeide_1.3.0/stm32cubeide/plugins/com.st.stm32cube.ide.mcu.externaltools.gnu-tools-for-stm32.7-2018-q2-update.win32_1.5.0.202011040924/tools/bin/../lib/gcc/arm-none-eabi/7.3.1/../../../../arm-none-eabi/lib/thumb/v7e-m/fpv5/hard\libc_nano.a(lib_a-readr.o)
                0x000000000800e408                _read_r
 .text.__ascii_wctomb
                0x000000000800e42c       0x1a d:/multimedia/programas/cubeide/stm32cubeide_1.3.0/stm32cubeide/plugins/com.st.stm32cube.ide.mcu.externaltools.gnu-tools-for-stm32.7-2018-q2-update.win32_1.5.0.202011040924/tools/bin/../lib/gcc/arm-none-eabi/7.3.1/../../../../arm-none-eabi/lib/thumb/v7e-m/fpv5/hard\libc_nano.a(lib_a-wctomb_r.o)