bme280.c:353:6:BME280_Init	8	static
bme280.c:378:8:bme280_init	24	static
bme280.c:418:8:bme280_get_regs	40	static
bme280.c:443:8:bme280_set_regs	64	static
bme280.c:493:8:bme280_set_sensor_settings	24	static
bme280.c:524:8:bme280_get_sensor_settings	24	static
bme280.c:544:8:bme280_set_sensor_mode	24	static
bme280.c:569:8:bme280_get_sensor_mode	24	static
bme280.c:589:8:bme280_soft_reset	24	static
bme280.c:614:8:bme280_get_sensor_data	48	static
bme280.c:647:6:bme280_parse_sensor_data	32	static
bme280.c:678:8:bme280_compensate_data	32	static
bme280.c:712:15:set_osr_settings	32	static
bme280.c:728:15:set_osr_humidity_settings	24	static
bme280.c:754:15:set_osr_press_temp_settings	32	static
bme280.c:779:15:set_filter_standby_settings	32	static
bme280.c:804:13:fill_filter_settings	16	static
bme280.c:813:13:fill_standby_settings	16	static
bme280.c:822:13:fill_osr_press_settings	16	static
bme280.c:831:13:fill_osr_temp_settings	16	static
bme280.c:841:13:parse_device_settings	16	static
bme280.c:852:15:write_power_mode	24	static
bme280.c:874:15:put_device_to_sleep	32	static
bme280.c:895:15:reload_device_settings	24	static
bme280.c:1014:16:compensate_temperature	40	static
bme280.c:1043:17:compensate_pressure	80	static
bme280.c:1135:17:compensate_humidity	48	static
bme280.c:1173:15:get_calib_data	48	static
bme280.c:1205:13:interleave_reg_addr	32	static
bme280.c:1219:13:parse_temp_press_calib_data	24	static
bme280.c:1243:13:parse_humidity_calib_data	32	static
bme280.c:1268:16:are_settings_changed	24	static
bme280.c:1287:15:null_ptr_check	24	static
