Component: ARM Compiler 5.06 update 7 (build 960) Tool: armlink [4d3601]

==============================================================================

Section Cross References

    startup_stm32f767xx.o(RESET) refers to startup_stm32f767xx.o(STACK) for __initial_sp
    startup_stm32f767xx.o(RESET) refers to startup_stm32f767xx.o(.text) for Reset_Handler
    startup_stm32f767xx.o(RESET) refers to stm32f7xx_it.o(i.NMI_Handler) for NMI_Handler
    startup_stm32f767xx.o(RESET) refers to stm32f7xx_it.o(i.HardFault_Handler) for HardFault_Handler
    startup_stm32f767xx.o(RESET) refers to stm32f7xx_it.o(i.MemManage_Handler) for MemManage_Handler
    startup_stm32f767xx.o(RESET) refers to stm32f7xx_it.o(i.BusFault_Handler) for BusFault_Handler
    startup_stm32f767xx.o(RESET) refers to stm32f7xx_it.o(i.UsageFault_Handler) for UsageFault_Handler
    startup_stm32f767xx.o(RESET) refers to port.o(.emb_text) for SVC_Handler
    startup_stm32f767xx.o(RESET) refers to stm32f7xx_it.o(i.DebugMon_Handler) for DebugMon_Handler
    startup_stm32f767xx.o(RESET) refers to stm32f7xx_it.o(i.SysTick_Handler) for SysTick_Handler
    startup_stm32f767xx.o(.text) refers to system_stm32f7xx.o(i.SystemInit) for SystemInit
    startup_stm32f767xx.o(.text) refers to entry.o(.ARM.Collect$$$$00000000) for __main
    main.o(i.SystemClock_Config) refers to memseta.o(.text) for __aeabi_memclr4
    main.o(i.SystemClock_Config) refers to stm32f7xx_hal_pwr.o(i.HAL_PWR_EnableBkUpAccess) for HAL_PWR_EnableBkUpAccess
    main.o(i.SystemClock_Config) refers to stm32f7xx_hal_rcc.o(i.HAL_RCC_OscConfig) for HAL_RCC_OscConfig
    main.o(i.SystemClock_Config) refers to main.o(i.Error_Handler) for Error_Handler
    main.o(i.SystemClock_Config) refers to stm32f7xx_hal_pwr_ex.o(i.HAL_PWREx_EnableOverDrive) for HAL_PWREx_EnableOverDrive
    main.o(i.SystemClock_Config) refers to stm32f7xx_hal_rcc.o(i.HAL_RCC_ClockConfig) for HAL_RCC_ClockConfig
    main.o(i.SystemClock_Config) refers to stm32f7xx_hal_rcc_ex.o(i.HAL_RCCEx_PeriphCLKConfig) for HAL_RCCEx_PeriphCLKConfig
    main.o(i.environment) refers to memcpya.o(.text) for __aeabi_memcpy4
    main.o(i.environment) refers to main.o(i.getState) for getState
    main.o(i.environment) refers to main.o(i.getReward) for getReward
    main.o(i.environment) refers to main.o(.constdata) for .constdata
    main.o(i.getReward) refers to memcpya.o(.text) for __aeabi_memcpy4
    main.o(i.getReward) refers to main.o(.constdata) for .constdata
    main.o(i.getState) refers to main.o(i.rt_remd_snf) for rt_remd_snf
    main.o(i.getState) refers to trunc.o(i.__hardfp_trunc) for __hardfp_trunc
    main.o(i.getState) refers to main.o(.constdata) for lookup_table
    main.o(i.main) refers to stm32f7xx_hal.o(i.HAL_Init) for HAL_Init
    main.o(i.main) refers to main.o(i.SystemClock_Config) for SystemClock_Config
    main.o(i.main) refers to gpio.o(i.MX_GPIO_Init) for MX_GPIO_Init
    main.o(i.main) refers to usb_otg.o(i.MX_USB_OTG_FS_PCD_Init) for MX_USB_OTG_FS_PCD_Init
    main.o(i.main) refers to tim.o(i.MX_TIM3_Init) for MX_TIM3_Init
    main.o(i.main) refers to stm32f7xx_hal_tim.o(i.HAL_TIM_PWM_Start) for HAL_TIM_PWM_Start
    main.o(i.main) refers to memcpya.o(.text) for __aeabi_memcpy4
    main.o(i.main) refers to main.o(i.environment) for environment
    main.o(i.main) refers to main.o(i.getState) for getState
    main.o(i.main) refers to main.o(i.best_action) for best_action
    main.o(i.main) refers to tim.o(.bss) for htim3
    main.o(i.main) refers to main.o(.constdata) for .constdata
    main.o(i.rtGetInf) refers to main.o(.data) for rtInf
    main.o(i.rtGetInfF) refers to main.o(.data) for rtInfF
    main.o(i.rtGetMinusInf) refers to main.o(.data) for rtMinusInf
    main.o(i.rtGetMinusInfF) refers to main.o(.data) for rtMinusInfF
    main.o(i.rtGetNaN) refers to main.o(.data) for rtNaN
    main.o(i.rtGetNaNF) refers to main.o(.data) for rtNaNF
    main.o(i.rtIsInf) refers to main.o(i.__ARM_isinf) for __ARM_isinf
    main.o(i.rtIsInfF) refers to main.o(i.__ARM_isinf) for __ARM_isinf
    main.o(i.rtIsNaN) refers to main.o(i.__ARM_isnan) for __ARM_isnan
    main.o(i.rtIsNaNF) refers to main.o(i.__ARM_isnan) for __ARM_isnan
    main.o(i.rt_remd_snf) refers to main.o(i.rtIsNaN) for rtIsNaN
    main.o(i.rt_remd_snf) refers to main.o(i.rtIsInf) for rtIsInf
    main.o(i.rt_remd_snf) refers to trunc.o(i.__hardfp_trunc) for __hardfp_trunc
    main.o(i.rt_remd_snf) refers to floor.o(i.__hardfp_floor) for __hardfp_floor
    main.o(i.rt_remd_snf) refers to fmod.o(i.__hardfp_fmod) for __hardfp_fmod
    main.o(i.rt_remd_snf) refers to main.o(.data) for rtNaN
    gpio.o(i.MX_GPIO_Init) refers to memseta.o(.text) for __aeabi_memclr4
    gpio.o(i.MX_GPIO_Init) refers to stm32f7xx_hal_gpio.o(i.HAL_GPIO_WritePin) for HAL_GPIO_WritePin
    gpio.o(i.MX_GPIO_Init) refers to stm32f7xx_hal_gpio.o(i.HAL_GPIO_Init) for HAL_GPIO_Init
    freertos.o(i.MX_FREERTOS_Init) refers to memcpya.o(.text) for __aeabi_memcpy4
[...]
    Removing stm32f7xx_hal_tim_ex.o(i.HAL_TIMEx_OCN_Start), (68 bytes).
    Removing stm32f7xx_hal_tim_ex.o(i.HAL_TIMEx_OCN_Start_DMA), (300 bytes).
    Removing stm32f7xx_hal_tim_ex.o(i.HAL_TIMEx_OCN_Start_IT), (140 bytes).
    Removing stm32f7xx_hal_tim_ex.o(i.HAL_TIMEx_OCN_Stop), (96 bytes).
    Removing stm32f7xx_hal_tim_ex.o(i.HAL_TIMEx_OCN_Stop_DMA), (178 bytes).
    Removing stm32f7xx_hal_tim_ex.o(i.HAL_TIMEx_OCN_Stop_IT), (178 bytes).
    Removing stm32f7xx_hal_tim_ex.o(i.HAL_TIMEx_OnePulseN_Start), (32 bytes).
    Removing stm32f7xx_hal_tim_ex.o(i.HAL_TIMEx_OnePulseN_Start_IT), (56 bytes).
    Removing stm32f7xx_hal_tim_ex.o(i.HAL_TIMEx_OnePulseN_Stop), (96 bytes).
    Removing stm32f7xx_hal_tim_ex.o(i.HAL_TIMEx_OnePulseN_Stop_IT), (120 bytes).
    Removing stm32f7xx_hal_tim_ex.o(i.HAL_TIMEx_PWMN_Start), (68 bytes).
    Removing stm32f7xx_hal_tim_ex.o(i.HAL_TIMEx_PWMN_Start_DMA), (300 bytes).
    Removing stm32f7xx_hal_tim_ex.o(i.HAL_TIMEx_PWMN_Start_IT), (140 bytes).
    Removing stm32f7xx_hal_tim_ex.o(i.HAL_TIMEx_PWMN_Stop), (96 bytes).
    Removing stm32f7xx_hal_tim_ex.o(i.HAL_TIMEx_PWMN_Stop_DMA), (178 bytes).
    Removing stm32f7xx_hal_tim_ex.o(i.HAL_TIMEx_PWMN_Stop_IT), (178 bytes).
    Removing stm32f7xx_hal_tim_ex.o(i.HAL_TIMEx_RemapConfig), (48 bytes).
    Removing stm32f7xx_hal_tim_ex.o(i.TIMEx_DMACommutationCplt), (20 bytes).
    Removing stm32f7xx_hal_tim_ex.o(i.TIMEx_DMACommutationHalfCplt), (20 bytes).
    Removing stm32f7xx_hal_tim_ex.o(i.TIM_CCxNChannelCmd), (34 bytes).
    Removing stm32f7xx_hal_pcd.o(.rev16_text), (4 bytes).
    Removing stm32f7xx_hal_pcd.o(.revsh_text), (4 bytes).
    Removing stm32f7xx_hal_pcd.o(.rrx_text), (6 bytes).
    Removing stm32f7xx_hal_pcd.o(i.HAL_PCD_ActivateRemoteWakeup), (12 bytes).
    Removing stm32f7xx_hal_pcd.o(i.HAL_PCD_ConnectCallback), (2 bytes).
    Removing stm32f7xx_hal_pcd.o(i.HAL_PCD_DataInStageCallback), (2 bytes).
    Removing stm32f7xx_hal_pcd.o(i.HAL_PCD_DataOutStageCallback), (2 bytes).
    Removing stm32f7xx_hal_pcd.o(i.HAL_PCD_DeActivateRemoteWakeup), (12 bytes).
    Removing stm32f7xx_hal_pcd.o(i.HAL_PCD_DeInit), (38 bytes).
    Removing stm32f7xx_hal_pcd.o(i.HAL_PCD_DevConnect), (46 bytes).
    Removing stm32f7xx_hal_pcd.o(i.HAL_PCD_DevDisconnect), (46 bytes).
    Removing stm32f7xx_hal_pcd.o(i.HAL_PCD_DisconnectCallback), (2 bytes).
    Removing stm32f7xx_hal_pcd.o(i.HAL_PCD_EP_Close), (106 bytes).
    Removing stm32f7xx_hal_pcd.o(i.HAL_PCD_EP_ClrStall), (124 bytes).
    Removing stm32f7xx_hal_pcd.o(i.HAL_PCD_EP_Flush), (68 bytes).
    Removing stm32f7xx_hal_pcd.o(i.HAL_PCD_EP_GetRxCount), (22 bytes).
    Removing stm32f7xx_hal_pcd.o(i.HAL_PCD_EP_Open), (140 bytes).
    Removing stm32f7xx_hal_pcd.o(i.HAL_PCD_EP_Receive), (88 bytes).
    Removing stm32f7xx_hal_pcd.o(i.HAL_PCD_EP_SetStall), (138 bytes).
    Removing stm32f7xx_hal_pcd.o(i.HAL_PCD_EP_Transmit), (90 bytes).
    Removing stm32f7xx_hal_pcd.o(i.HAL_PCD_GetState), (8 bytes).
    Removing stm32f7xx_hal_pcd.o(i.HAL_PCD_IRQHandler), (1440 bytes).
    Removing stm32f7xx_hal_pcd.o(i.HAL_PCD_ISOINIncompleteCallback), (2 bytes).
    Removing stm32f7xx_hal_pcd.o(i.HAL_PCD_ISOOUTIncompleteCallback), (2 bytes).
    Removing stm32f7xx_hal_pcd.o(i.HAL_PCD_MspDeInit), (2 bytes).
    Removing stm32f7xx_hal_pcd.o(i.HAL_PCD_MspInit), (2 bytes).
    Removing stm32f7xx_hal_pcd.o(i.HAL_PCD_ResetCallback), (2 bytes).
    Removing stm32f7xx_hal_pcd.o(i.HAL_PCD_ResumeCallback), (2 bytes).
    Removing stm32f7xx_hal_pcd.o(i.HAL_PCD_SOFCallback), (2 bytes).
    Removing stm32f7xx_hal_pcd.o(i.HAL_PCD_SetAddress), (54 bytes).
    Removing stm32f7xx_hal_pcd.o(i.HAL_PCD_SetupStageCallback), (2 bytes).
    Removing stm32f7xx_hal_pcd.o(i.HAL_PCD_Start), (52 bytes).
    Removing stm32f7xx_hal_pcd.o(i.HAL_PCD_Stop), (74 bytes).
    Removing stm32f7xx_hal_pcd.o(i.HAL_PCD_SuspendCallback), (2 bytes).
    Removing stm32f7xx_hal_pcd.o(i.PCD_EP_OutSetupPacket_int), (100 bytes).
    Removing stm32f7xx_hal_pcd.o(i.PCD_EP_OutXfrComplete_int), (380 bytes).
    Removing stm32f7xx_hal_pcd.o(i.PCD_WriteEmptyTxFifo), (182 bytes).
    Removing stm32f7xx_hal_pcd_ex.o(.rev16_text), (4 bytes).
    Removing stm32f7xx_hal_pcd_ex.o(.revsh_text), (4 bytes).
    Removing stm32f7xx_hal_pcd_ex.o(.rrx_text), (6 bytes).
    Removing stm32f7xx_hal_pcd_ex.o(i.HAL_PCDEx_BCD_Callback), (2 bytes).
    Removing stm32f7xx_hal_pcd_ex.o(i.HAL_PCDEx_DeActivateLPM), (36 bytes).
    Removing stm32f7xx_hal_pcd_ex.o(i.HAL_PCDEx_LPM_Callback), (2 bytes).
    Removing stm32f7xx_hal_pcd_ex.o(i.HAL_PCDEx_SetRxFiFo), (10 bytes).
    Removing stm32f7xx_hal_pcd_ex.o(i.HAL_PCDEx_SetTxFiFo), (78 bytes).
    Removing stm32f7xx_ll_usb.o(.rev16_text), (4 bytes).
    Removing stm32f7xx_ll_usb.o(.revsh_text), (4 bytes).
    Removing stm32f7xx_ll_usb.o(.rrx_text), (6 bytes).
    Removing stm32f7xx_ll_usb.o(i.USB_ActivateDedicatedEndpoint), (204 bytes).
    Removing stm32f7xx_ll_usb.o(i.USB_ActivateEndpoint), (208 bytes).
    Removing stm32f7xx_ll_usb.o(i.USB_ActivateRemoteWakeup), (36 bytes).
    Removing stm32f7xx_ll_usb.o(i.USB_ActivateSetup), (40 bytes).
    Removing stm32f7xx_ll_usb.o(i.USB_ClearInterrupts), (8 bytes).
    Removing stm32f7xx_ll_usb.o(i.USB_DeActivateRemoteWakeup), (24 bytes).
    Removing stm32f7xx_ll_usb.o(i.USB_DeactivateDedicatedEndpoint), (268 bytes).
    Removing stm32f7xx_ll_usb.o(i.USB_DeactivateEndpoint), (332 bytes).
    Removing stm32f7xx_ll_usb.o(i.USB_DevConnect), (32 bytes).
    Removing stm32f7xx_ll_usb.o(i.USB_DoPing), (68 bytes).
    Removing stm32f7xx_ll_usb.o(i.USB_DriveVbus), (74 bytes).
    Removing stm32f7xx_ll_usb.o(i.USB_EP0StartXfer), (472 bytes).
    Removing stm32f7xx_ll_usb.o(i.USB_EP0_OutStart), (112 bytes).
    Removing stm32f7xx_ll_usb.o(i.USB_EPClearStall), (142 bytes).
    Removing stm32f7xx_ll_usb.o(i.USB_EPSetStall), (154 bytes).
    Removing stm32f7xx_ll_usb.o(i.USB_EPStartXfer), (836 bytes).
    Removing stm32f7xx_ll_usb.o(i.USB_EnableGlobalInt), (14 bytes).
    Removing stm32f7xx_ll_usb.o(i.USB_GetCurrentFrame), (14 bytes).
    Removing stm32f7xx_ll_usb.o(i.USB_GetDevSpeed), (38 bytes).
    Removing stm32f7xx_ll_usb.o(i.USB_GetHostSpeed), (24 bytes).
    Removing stm32f7xx_ll_usb.o(i.USB_GetMode), (10 bytes).
    Removing stm32f7xx_ll_usb.o(i.USB_HC_Halt), (374 bytes).
    Removing stm32f7xx_ll_usb.o(i.USB_HC_Init), (438 bytes).
    Removing stm32f7xx_ll_usb.o(i.USB_HC_ReadInterrupt), (14 bytes).
    Removing stm32f7xx_ll_usb.o(i.USB_HC_StartXfer), (468 bytes).
    Removing stm32f7xx_ll_usb.o(i.USB_HostInit), (240 bytes).
    Removing stm32f7xx_ll_usb.o(i.USB_InitFSLSPClkSel), (68 bytes).
    Removing stm32f7xx_ll_usb.o(i.USB_ReadDevAllInEpInterrupt), (20 bytes).
    Removing stm32f7xx_ll_usb.o(i.USB_ReadDevAllOutEpInterrupt), (20 bytes).
    Removing stm32f7xx_ll_usb.o(i.USB_ReadDevInEPInterrupt), (50 bytes).
    Removing stm32f7xx_ll_usb.o(i.USB_ReadDevOutEPInterrupt), (26 bytes).
    Removing stm32f7xx_ll_usb.o(i.USB_ReadInterrupts), (10 bytes).
    Removing stm32f7xx_ll_usb.o(i.USB_ReadPacket), (34 bytes).
    Removing stm32f7xx_ll_usb.o(i.USB_ResetPort), (60 bytes).
    Removing stm32f7xx_ll_usb.o(i.USB_SetDevAddress), (42 bytes).
    Removing stm32f7xx_ll_usb.o(i.USB_SetTurnaroundTime), (232 bytes).
    Removing stm32f7xx_ll_usb.o(i.USB_StopDevice), (92 bytes).
    Removing stm32f7xx_ll_usb.o(i.USB_StopHost), (180 bytes).
    Removing stm32f7xx_ll_usb.o(i.USB_WritePacket), (60 bytes).
    Removing stm32f7xx_ll_usb.o(.data), (4 bytes).
    Removing system_stm32f7xx.o(.rev16_text), (4 bytes).
    Removing system_stm32f7xx.o(.revsh_text), (4 bytes).
    Removing system_stm32f7xx.o(.rrx_text), (6 bytes).
    Removing system_stm32f7xx.o(i.SystemCoreClockUpdate), (192 bytes).
    Removing event_groups.o(i.prvTestWaitCondition), (30 bytes).
    Removing event_groups.o(i.vEventGroupClearBitsCallback), (16 bytes).
    Removing event_groups.o(i.vEventGroupDelete), (90 bytes).
    Removing event_groups.o(i.vEventGroupSetBitsCallback), (16 bytes).
    Removing event_groups.o(i.xEventGroupClearBits), (100 bytes).
    Removing event_groups.o(i.xEventGroupCreate), (30 bytes).
    Removing event_groups.o(i.xEventGroupCreateStatic), (98 bytes).
    Removing event_groups.o(i.xEventGroupGetBitsFromISR), (48 bytes).
    Removing event_groups.o(i.xEventGroupSetBits), (214 bytes).
    Removing event_groups.o(i.xEventGroupSync), (284 bytes).
    Removing event_groups.o(i.xEventGroupWaitBits), (360 bytes).
    Removing list.o(i.vListInitialise), (26 bytes).
    Removing list.o(i.vListInitialiseItem), (6 bytes).
    Removing list.o(i.vListInsert), (52 bytes).
    Removing queue.o(i.pcQueueGetName), (44 bytes).
    Removing queue.o(i.prvCopyDataFromQueue), (42 bytes).
    Removing queue.o(i.prvCopyDataToQueue), (126 bytes).
    Removing queue.o(i.prvGetDisinheritPriorityAfterTimeout), (20 bytes).
    Removing queue.o(i.prvInitialiseMutex), (30 bytes).
    Removing queue.o(i.prvInitialiseNewQueue), (38 bytes).
    Removing queue.o(i.prvIsQueueEmpty), (26 bytes).
    Removing queue.o(i.prvIsQueueFull), (30 bytes).
    Removing queue.o(i.prvUnlockQueue), (126 bytes).
    Removing queue.o(i.uxQueueMessagesWaiting), (46 bytes).
    Removing queue.o(i.uxQueueMessagesWaitingFromISR), (38 bytes).
    Removing queue.o(i.uxQueueSpacesAvailable), (52 bytes).
    Removing queue.o(i.vQueueAddToRegistry), (44 bytes).
    Removing queue.o(i.vQueueDelete), (54 bytes).
    Removing queue.o(i.vQueueUnregisterQueue), (48 bytes).
    Removing queue.o(i.xQueueCreateMutex), (34 bytes).
    Removing queue.o(i.xQueueCreateMutexStatic), (42 bytes).
    Removing queue.o(i.xQueueGenericCreate), (100 bytes).
    Removing queue.o(i.xQueueGenericCreateStatic), (244 bytes).
    Removing queue.o(i.xQueueGenericReset), (156 bytes).
    Removing queue.o(i.xQueueGenericSend), (440 bytes).
    Removing queue.o(i.xQueueGenericSendFromISR), (264 bytes).
    Removing queue.o(i.xQueueGiveFromISR), (240 bytes).
    Removing queue.o(i.xQueueIsQueueEmptyFromISR), (46 bytes).
    Removing queue.o(i.xQueueIsQueueFullFromISR), (50 bytes).
    Removing queue.o(i.xQueuePeek), (380 bytes).
    Removing queue.o(i.xQueuePeekFromISR), (192 bytes).
    Removing queue.o(i.xQueueReceive), (372 bytes).
    Removing queue.o(i.xQueueReceiveFromISR), (214 bytes).
    Removing queue.o(i.xQueueSemaphoreTake), (456 bytes).
    Removing queue.o(.bss), (64 bytes).
    Removing stream_buffer.o(i.prvBytesInBuffer), (24 bytes).
    Removing stream_buffer.o(i.prvInitialiseNewStreamBuffer), (90 bytes).
    Removing stream_buffer.o(i.prvReadBytesFromBuffer), (214 bytes).
    Removing stream_buffer.o(i.prvReadMessageFromBuffer), (72 bytes).
    Removing stream_buffer.o(i.prvWriteBytesToBuffer), (198 bytes).
    Removing stream_buffer.o(i.prvWriteMessageToBuffer), (92 bytes).
    Removing stream_buffer.o(i.vStreamBufferDelete), (60 bytes).
    Removing stream_buffer.o(i.xStreamBufferBytesAvailable), (46 bytes).
    Removing stream_buffer.o(i.xStreamBufferGenericCreate), (172 bytes).
    Removing stream_buffer.o(i.xStreamBufferGenericCreateStatic), (258 bytes).
    Removing stream_buffer.o(i.xStreamBufferIsEmpty), (50 bytes).
    Removing stream_buffer.o(i.xStreamBufferIsFull), (68 bytes).
    Removing stream_buffer.o(i.xStreamBufferNextMessageLengthBytes), (128 bytes).
    Removing stream_buffer.o(i.xStreamBufferReceive), (266 bytes).
    Removing stream_buffer.o(i.xStreamBufferReceiveCompletedFromISR), (110 bytes).
    Removing stream_buffer.o(i.xStreamBufferReceiveFromISR), (196 bytes).
    Removing stream_buffer.o(i.xStreamBufferReset), (74 bytes).
    Removing stream_buffer.o(i.xStreamBufferSend), (330 bytes).
    Removing stream_buffer.o(i.xStreamBufferSendCompletedFromISR), (110 bytes).
    Removing stream_buffer.o(i.xStreamBufferSendFromISR), (196 bytes).
    Removing stream_buffer.o(i.xStreamBufferSetTriggerLevel), (54 bytes).
    Removing stream_buffer.o(i.xStreamBufferSpacesAvailable), (58 bytes).
    Removing tasks.o(i.pcTaskGetName), (52 bytes).
    Removing tasks.o(i.prvAddCurrentTaskToDelayedList), (152 bytes).
    Removing tasks.o(i.prvAddNewTaskToReadyList), (180 bytes).
    Removing tasks.o(i.prvCheckTasksWaitingTermination), (72 bytes).
    Removing tasks.o(i.prvDeleteTCB), (84 bytes).
    Removing tasks.o(i.prvIdleTask), (40 bytes).
    Removing tasks.o(i.prvInitialiseNewTask), (184 bytes).
    Removing tasks.o(i.prvInitialiseTaskLists), (104 bytes).
    Removing tasks.o(i.prvTaskIsTaskSuspended), (92 bytes).
    Removing tasks.o(i.pvTaskIncrementMutexHeldCount), (32 bytes).
    Removing tasks.o(i.ulTaskNotifyTake), (116 bytes).
    Removing tasks.o(i.uxTaskGetNumberOfTasks), (12 bytes).
    Removing tasks.o(i.uxTaskPriorityGet), (36 bytes).
    Removing tasks.o(i.uxTaskPriorityGetFromISR), (72 bytes).
    Removing tasks.o(i.uxTaskResetEventItemValue), (28 bytes).
    Removing tasks.o(i.vTaskDelay), (96 bytes).
    Removing tasks.o(i.vTaskDelete), (248 bytes).
    Removing tasks.o(i.vTaskEndScheduler), (40 bytes).
    Removing tasks.o(i.vTaskInternalSetTimeOutState), (24 bytes).
    Removing tasks.o(i.vTaskMissedYield), (12 bytes).
    Removing tasks.o(i.vTaskNotifyGiveFromISR), (252 bytes).
    Removing tasks.o(i.vTaskPlaceOnEventList), (60 bytes).
    Removing tasks.o(i.vTaskPlaceOnUnorderedEventList), (116 bytes).
    Removing tasks.o(i.vTaskPriorityDisinheritAfterTimeout), (252 bytes).
    Removing tasks.o(i.vTaskPrioritySet), (280 bytes).
    Removing tasks.o(i.vTaskRemoveFromUnorderedEventList), (172 bytes).
    Removing tasks.o(i.vTaskResume), (148 bytes).
    Removing tasks.o(i.vTaskSetTimeOutState), (64 bytes).
    Removing tasks.o(i.vTaskStartScheduler), (184 bytes).
    Removing tasks.o(i.vTaskSuspend), (248 bytes).
    Removing tasks.o(i.vTaskSuspendAll), (16 bytes).
    Removing tasks.o(i.xTaskCheckForTimeOut), (148 bytes).
    Removing tasks.o(i.xTaskCreate), (100 bytes).
    Removing tasks.o(i.xTaskCreateStatic), (198 bytes).
    Removing tasks.o(i.xTaskGenericNotify), (308 bytes).
    Removing tasks.o(i.xTaskGenericNotifyFromISR), (376 bytes).
    Removing tasks.o(i.xTaskGetCurrentTaskHandle), (12 bytes).
    Removing tasks.o(i.xTaskGetTickCount), (12 bytes).
    Removing tasks.o(i.xTaskGetTickCountFromISR), (20 bytes).
    Removing tasks.o(i.xTaskNotifyStateClear), (52 bytes).
    Removing tasks.o(i.xTaskNotifyWait), (160 bytes).
    Removing tasks.o(i.xTaskPriorityDisinherit), (208 bytes).
    Removing tasks.o(i.xTaskPriorityInherit), (200 bytes).
    Removing tasks.o(i.xTaskRemoveFromEventList), (156 bytes).
    Removing tasks.o(i.xTaskResumeAll), (264 bytes).
    Removing tasks.o(i.xTaskResumeFromISR), (188 bytes).
    Removing cmsis_os.o(.rev16_text), (4 bytes).
    Removing cmsis_os.o(.revsh_text), (4 bytes).
    Removing cmsis_os.o(.rrx_text), (6 bytes).
    Removing cmsis_os.o(i.inHandlerMode), (16 bytes).
    Removing cmsis_os.o(i.makeCmsisPriority), (18 bytes).
    Removing cmsis_os.o(i.makeFreeRtosPriority), (14 bytes).
    Removing cmsis_os.o(i.osAbortDelay), (6 bytes).
    Removing cmsis_os.o(i.osDelay), (24 bytes).
    Removing cmsis_os.o(i.osDelayUntil), (6 bytes).
    Removing cmsis_os.o(i.osKernelRunning), (18 bytes).
    Removing cmsis_os.o(i.osKernelStart), (10 bytes).
    Removing cmsis_os.o(i.osKernelSysTick), (20 bytes).
    Removing cmsis_os.o(i.osMailAlloc), (24 bytes).
    Removing cmsis_os.o(i.osMailCAlloc), (44 bytes).
    Removing cmsis_os.o(i.osMailCreate), (122 bytes).
    Removing cmsis_os.o(i.osMailFree), (22 bytes).
    Removing cmsis_os.o(i.osMailGet), (152 bytes).
    Removing cmsis_os.o(i.osMailPut), (96 bytes).
    Removing cmsis_os.o(i.osMessageAvailableSpace), (12 bytes).
    Removing cmsis_os.o(i.osMessageCreate), (40 bytes).
    Removing cmsis_os.o(i.osMessageDelete), (24 bytes).
    Removing cmsis_os.o(i.osMessageGet), (156 bytes).
    Removing cmsis_os.o(i.osMessagePeek), (86 bytes).
    Removing cmsis_os.o(i.osMessagePut), (96 bytes).
    Removing cmsis_os.o(i.osMessageWaiting), (26 bytes).
    Removing cmsis_os.o(i.osMutexCreate), (26 bytes).
    Removing cmsis_os.o(i.osMutexDelete), (24 bytes).
    Removing cmsis_os.o(i.osMutexRelease), (80 bytes).
    Removing cmsis_os.o(i.osMutexWait), (104 bytes).
    Removing cmsis_os.o(i.osPoolAlloc), (128 bytes).
    Removing cmsis_os.o(i.osPoolCAlloc), (22 bytes).
    Removing cmsis_os.o(i.osPoolCreate), (112 bytes).
    Removing cmsis_os.o(i.osPoolFree), (74 bytes).
    Removing cmsis_os.o(i.osRecursiveMutexCreate), (6 bytes).
    Removing cmsis_os.o(i.osRecursiveMutexRelease), (6 bytes).
    Removing cmsis_os.o(i.osRecursiveMutexWait), (6 bytes).
    Removing cmsis_os.o(i.osSemaphoreCreate), (74 bytes).
    Removing cmsis_os.o(i.osSemaphoreDelete), (24 bytes).
    Removing cmsis_os.o(i.osSemaphoreGetCount), (12 bytes).
    Removing cmsis_os.o(i.osSemaphoreRelease), (80 bytes).
    Removing cmsis_os.o(i.osSemaphoreWait), (104 bytes).
    Removing cmsis_os.o(i.osSignalSet), (96 bytes).
    Removing cmsis_os.o(i.osSignalWait), (98 bytes).
    Removing cmsis_os.o(i.osSystickHandler), (16 bytes).
    Removing cmsis_os.o(i.osThreadCreate), (94 bytes).
    Removing cmsis_os.o(i.osThreadGetId), (8 bytes).
    Removing cmsis_os.o(i.osThreadGetPriority), (38 bytes).
    Removing cmsis_os.o(i.osThreadList), (6 bytes).
    Removing cmsis_os.o(i.osThreadResume), (52 bytes).
    Removing cmsis_os.o(i.osThreadResumeAll), (18 bytes).
    Removing cmsis_os.o(i.osThreadSetPriority), (26 bytes).
    Removing cmsis_os.o(i.osThreadSuspend), (14 bytes).
    Removing cmsis_os.o(i.osThreadSuspendAll), (10 bytes).
    Removing cmsis_os.o(i.osThreadTerminate), (14 bytes).
    Removing cmsis_os.o(i.osThreadYield), (24 bytes).
    Removing cmsis_os.o(i.osTimerCreate), (6 bytes).
    Removing cmsis_os.o(i.osTimerDelete), (8 bytes).
    Removing cmsis_os.o(i.osTimerStart), (8 bytes).
    Removing cmsis_os.o(i.osTimerStop), (8 bytes).
    Removing heap_4.o(i.prvHeapInit), (124 bytes).
    Removing heap_4.o(i.prvInsertBlockIntoFreeList), (104 bytes).
    Removing heap_4.o(i.pvPortMalloc), (328 bytes).
    Removing heap_4.o(i.vPortFree), (156 bytes).
    Removing heap_4.o(i.vPortInitialiseBlocks), (2 bytes).
    Removing heap_4.o(i.xPortGetFreeHeapSize), (12 bytes).
    Removing heap_4.o(i.xPortGetMinimumEverFreeHeapSize), (12 bytes).
    Removing heap_4.o(.bss), (15360 bytes).
    Removing heap_4.o(.data), (24 bytes).
    Removing port.o(i.prvTaskExitError), (72 bytes).
    Removing port.o(i.pxPortInitialiseStack), (44 bytes).
    Removing port.o(i.vPortEndScheduler), (52 bytes).
    Removing port.o(i.vPortEnterCritical), (92 bytes).
    Removing port.o(i.vPortExitCritical), (64 bytes).
    Removing port.o(i.vPortSetupTimerInterrupt), (40 bytes).
    Removing port.o(i.vPortValidateInterruptPriority), (128 bytes).
    Removing port.o(i.xPortStartScheduler), (276 bytes).
    Removing port.o(.data), (12 bytes).

747 unused section(s) (total 87318 bytes) removed from the image.

==============================================================================

Image Symbol Table

    Local Symbols

    Symbol Name                              Value     Ov Type        Size  Object(Section)

    ../Core/Src/freertos.c                   0x00000000   Number         0  freertos.o ABSOLUTE
    ../Core/Src/gpio.c                       0x00000000   Number         0  gpio.o ABSOLUTE
    ../Core/Src/main.c                       0x00000000   Number         0  main.o ABSOLUTE
    ../Core/Src/stm32f7xx_hal_msp.c          0x00000000   Number         0  stm32f7xx_hal_msp.o ABSOLUTE
    ../Core/Src/stm32f7xx_it.c               0x00000000   Number         0  stm32f7xx_it.o ABSOLUTE
    ../Core/Src/system_stm32f7xx.c           0x00000000   Number         0  system_stm32f7xx.o ABSOLUTE
    ../Core/Src/tim.c                        0x00000000   Number         0  tim.o ABSOLUTE
    ../Core/Src/usb_otg.c                    0x00000000   Number         0  usb_otg.o ABSOLUTE
    ../Drivers/STM32F7xx_HAL_Driver/Src/stm32f7xx_hal.c 0x00000000   Number         0  stm32f7xx_hal.o ABSOLUTE
    ../Drivers/STM32F7xx_HAL_Driver/Src/stm32f7xx_hal_cortex.c 0x00000000   Number         0  stm32f7xx_hal_cortex.o ABSOLUTE
    ../Drivers/STM32F7xx_HAL_Driver/Src/stm32f7xx_hal_dma.c 0x00000000   Number         0  stm32f7xx_hal_dma.o ABSOLUTE
    ../Drivers/STM32F7xx_HAL_Driver/Src/stm32f7xx_hal_dma_ex.c 0x00000000   Number         0  stm32f7xx_hal_dma_ex.o ABSOLUTE
    ../Drivers/STM32F7xx_HAL_Driver/Src/stm32f7xx_hal_exti.c 0x00000000   Number         0  stm32f7xx_hal_exti.o ABSOLUTE
    ../Drivers/STM32F7xx_HAL_Driver/Src/stm32f7xx_hal_flash.c 0x00000000   Number         0  stm32f7xx_hal_flash.o ABSOLUTE
    ../Drivers/STM32F7xx_HAL_Driver/Src/stm32f7xx_hal_flash_ex.c 0x00000000   Number         0  stm32f7xx_hal_flash_ex.o ABSOLUTE
    ../Drivers/STM32F7xx_HAL_Driver/Src/stm32f7xx_hal_gpio.c 0x00000000   Number         0  stm32f7xx_hal_gpio.o ABSOLUTE
    ../Drivers/STM32F7xx_HAL_Driver/Src/stm32f7xx_hal_i2c.c 0x00000000   Number         0  stm32f7xx_hal_i2c.o ABSOLUTE
    ../Drivers/STM32F7xx_HAL_Driver/Src/stm32f7xx_hal_i2c_ex.c 0x00000000   Number         0  stm32f7xx_hal_i2c_ex.o ABSOLUTE
    ../Drivers/STM32F7xx_HAL_Driver/Src/stm32f7xx_hal_pcd.c 0x00000000   Number         0  stm32f7xx_hal_pcd.o ABSOLUTE
    ../Drivers/STM32F7xx_HAL_Driver/Src/stm32f7xx_hal_pcd_ex.c 0x00000000   Number         0  stm32f7xx_hal_pcd_ex.o ABSOLUTE
    ../Drivers/STM32F7xx_HAL_Driver/Src/stm32f7xx_hal_pwr.c 0x00000000   Number         0  stm32f7xx_hal_pwr.o ABSOLUTE
    ../Drivers/STM32F7xx_HAL_Driver/Src/stm32f7xx_hal_pwr_ex.c 0x00000000   Number         0  stm32f7xx_hal_pwr_ex.o ABSOLUTE
    ../Drivers/STM32F7xx_HAL_Driver/Src/stm32f7xx_hal_rcc.c 0x00000000   Number         0  stm32f7xx_hal_rcc.o ABSOLUTE
    ../Drivers/STM32F7xx_HAL_Driver/Src/stm32f7xx_hal_rcc_ex.c 0x00000000   Number         0  stm32f7xx_hal_rcc_ex.o ABSOLUTE
    ../Drivers/STM32F7xx_HAL_Driver/Src/stm32f7xx_hal_tim.c 0x00000000   Number         0  stm32f7xx_hal_tim.o ABSOLUTE
    ../Drivers/STM32F7xx_HAL_Driver/Src/stm32f7xx_hal_tim_ex.c 0x00000000   Number         0  stm32f7xx_hal_tim_ex.o ABSOLUTE
    ../Drivers/STM32F7xx_HAL_Driver/Src/stm32f7xx_ll_usb.c 0x00000000   Number         0  stm32f7xx_ll_usb.o ABSOLUTE
    ../Middlewares/Third_Party/FreeRTOS/Source/CMSIS_RTOS/cmsis_os.c 0x00000000   Number         0  cmsis_os.o ABSOLUTE
    ../Middlewares/Third_Party/FreeRTOS/Source/croutine.c 0x00000000   Number         0  croutine.o ABSOLUTE
    ../Middlewares/Third_Party/FreeRTOS/Source/event_groups.c 0x00000000   Number         0  event_groups.o ABSOLUTE
    ../Middlewares/Third_Party/FreeRTOS/Source/list.c 0x00000000   Number         0  list.o ABSOLUTE
    ../Middlewares/Third_Party/FreeRTOS/Source/portable/MemMang/heap_4.c 0x00000000   Number         0  heap_4.o ABSOLUTE
    ../Middlewares/Third_Party/FreeRTOS/Source/portable/RVDS/ARM_CM7/r0p1/port.c 0x00000000   Number         0  port.o ABSOLUTE
    ../Middlewares/Third_Party/FreeRTOS/Source/queue.c 0x00000000   Number         0  queue.o ABSOLUTE
    ../Middlewares/Third_Party/FreeRTOS/Source/stream_buffer.c 0x00000000   Number         0  stream_buffer.o ABSOLUTE
    ../Middlewares/Third_Party/FreeRTOS/Source/tasks.c 0x00000000   Number         0  tasks.o ABSOLUTE
    ../Middlewares/Third_Party/FreeRTOS/Source/timers.c 0x00000000   Number         0  timers.o ABSOLUTE
    ../clib/microlib/division.c              0x00000000   Number         0  uldiv.o ABSOLUTE
    ../clib/microlib/errno.c                 0x00000000   Number         0  errno.o ABSOLUTE
    ../clib/microlib/init/entry.s            0x00000000   Number         0  entry2.o ABSOLUTE
    ../clib/microlib/init/entry.s            0x00000000   Number         0  entry.o ABSOLUTE
    ../clib/microlib/init/entry.s            0x00000000   Number         0  entry9a.o ABSOLUTE
    ../clib/microlib/init/entry.s            0x00000000   Number         0  entry12b.o ABSOLUTE
    ../clib/microlib/init/entry.s            0x00000000   Number         0  entry11b.o ABSOLUTE
    ../clib/microlib/init/entry.s            0x00000000   Number         0  entry10b.o ABSOLUTE
    ../clib/microlib/init/entry.s            0x00000000   Number         0  entry10a.o ABSOLUTE
    ../clib/microlib/init/entry.s            0x00000000   Number         0  entry9b.o ABSOLUTE
    ../clib/microlib/init/entry.s            0x00000000   Number         0  entry12a.o ABSOLUTE
    ../clib/microlib/init/entry.s            0x00000000   Number         0  entry8b.o ABSOLUTE
    ../clib/microlib/init/entry.s            0x00000000   Number         0  entry8a.o ABSOLUTE
    ../clib/microlib/init/entry.s            0x00000000   Number         0  entry7b.o ABSOLUTE
    ../clib/microlib/init/entry.s            0x00000000   Number         0  entry7a.o ABSOLUTE
    ../clib/microlib/init/entry.s            0x00000000   Number         0  entry5.o ABSOLUTE
    ../clib/microlib/init/entry.s            0x00000000   Number         0  entry11a.o ABSOLUTE
    ../clib/microlib/longlong.c              0x00000000   Number         0  llshl.o ABSOLUTE
    ../clib/microlib/longlong.c              0x00000000   Number         0  llushr.o ABSOLUTE
    ../clib/microlib/string/memcpy.c         0x00000000   Number         0  memcpya.o ABSOLUTE
    ../clib/microlib/string/memcpy.c         0x00000000   Number         0  memcpyb.o ABSOLUTE
    ../clib/microlib/string/memset.c         0x00000000   Number         0  memset.o ABSOLUTE
    ../clib/microlib/string/memset.c         0x00000000   Number         0  memseta.o ABSOLUTE
    ../clib/microlib/stubs.s                 0x00000000   Number         0  iusefp.o ABSOLUTE
    ../fplib/microlib/fpepilogue.c           0x00000000   Number         0  depilogue.o ABSOLUTE
    ../fplib/microlib/fprem.c                0x00000000   Number         0  drem.o ABSOLUTE
    ../fplib/microlib/fprnd.c                0x00000000   Number         0  drnd.o ABSOLUTE
    ../mathlib/dunder.c                      0x00000000   Number         0  dunder.o ABSOLUTE
    ../mathlib/floor.c                       0x00000000   Number         0  floor.o ABSOLUTE
    ../mathlib/fmod.c                        0x00000000   Number         0  fmod_x.o ABSOLUTE
    ../mathlib/fmod.c                        0x00000000   Number         0  fmod.o ABSOLUTE
    ../mathlib/trunc.c                       0x00000000   Number         0  trunc.o ABSOLUTE
    ..\Core\Src\freertos.c                   0x00000000   Number         0  freertos.o ABSOLUTE
    ..\Core\Src\gpio.c                       0x00000000   Number         0  gpio.o ABSOLUTE
    ..\Core\Src\main.c                       0x00000000   Number         0  main.o ABSOLUTE
    ..\Core\Src\stm32f7xx_hal_msp.c          0x00000000   Number         0  stm32f7xx_hal_msp.o ABSOLUTE
    ..\Core\Src\stm32f7xx_it.c               0x00000000   Number         0  stm32f7xx_it.o ABSOLUTE
    ..\Core\Src\system_stm32f7xx.c           0x00000000   Number         0  system_stm32f7xx.o ABSOLUTE
    ..\Core\Src\tim.c                        0x00000000   Number         0  tim.o ABSOLUTE
    ..\Core\Src\usb_otg.c                    0x00000000   Number         0  usb_otg.o ABSOLUTE
    ..\Drivers\STM32F7xx_HAL_Driver\Src\stm32f7xx_hal.c 0x00000000   Number         0  stm32f7xx_hal.o ABSOLUTE
    ..\Drivers\STM32F7xx_HAL_Driver\Src\stm32f7xx_hal_cortex.c 0x00000000   Number         0  stm32f7xx_hal_cortex.o ABSOLUTE
    ..\Drivers\STM32F7xx_HAL_Driver\Src\stm32f7xx_hal_dma.c 0x00000000   Number         0  stm32f7xx_hal_dma.o ABSOLUTE
    ..\Drivers\STM32F7xx_HAL_Driver\Src\stm32f7xx_hal_dma_ex.c 0x00000000   Number         0  stm32f7xx_hal_dma_ex.o ABSOLUTE
    ..\Drivers\STM32F7xx_HAL_Driver\Src\stm32f7xx_hal_exti.c 0x00000000   Number         0  stm32f7xx_hal_exti.o ABSOLUTE
    ..\Drivers\STM32F7xx_HAL_Driver\Src\stm32f7xx_hal_flash.c 0x00000000   Number         0  stm32f7xx_hal_flash.o ABSOLUTE
    ..\Drivers\STM32F7xx_HAL_Driver\Src\stm32f7xx_hal_flash_ex.c 0x00000000   Number         0  stm32f7xx_hal_flash_ex.o ABSOLUTE
    ..\Drivers\STM32F7xx_HAL_Driver\Src\stm32f7xx_hal_gpio.c 0x00000000   Number         0  stm32f7xx_hal_gpio.o ABSOLUTE
    ..\Drivers\STM32F7xx_HAL_Driver\Src\stm32f7xx_hal_i2c.c 0x00000000   Number         0  stm32f7xx_hal_i2c.o ABSOLUTE
    ..\Drivers\STM32F7xx_HAL_Driver\Src\stm32f7xx_hal_i2c_ex.c 0x00000000   Number         0  stm32f7xx_hal_i2c_ex.o ABSOLUTE
    ..\Drivers\STM32F7xx_HAL_Driver\Src\stm32f7xx_hal_pcd.c 0x00000000   Number         0  stm32f7xx_hal_pcd.o ABSOLUTE
    ..\Drivers\STM32F7xx_HAL_Driver\Src\stm32f7xx_hal_pcd_ex.c 0x00000000   Number         0  stm32f7xx_hal_pcd_ex.o ABSOLUTE
    ..\Drivers\STM32F7xx_HAL_Driver\Src\stm32f7xx_hal_pwr.c 0x00000000   Number         0  stm32f7xx_hal_pwr.o ABSOLUTE
    ..\Drivers\STM32F7xx_HAL_Driver\Src\stm32f7xx_hal_pwr_ex.c 0x00000000   Number         0  stm32f7xx_hal_pwr_ex.o ABSOLUTE
    ..\Drivers\STM32F7xx_HAL_Driver\Src\stm32f7xx_hal_rcc.c 0x00000000   Number         0  stm32f7xx_hal_rcc.o ABSOLUTE
    ..\Drivers\STM32F7xx_HAL_Driver\Src\stm32f7xx_hal_rcc_ex.c 0x00000000   Number         0  stm32f7xx_hal_rcc_ex.o ABSOLUTE
    ..\Drivers\STM32F7xx_HAL_Driver\Src\stm32f7xx_hal_tim.c 0x00000000   Number         0  stm32f7xx_hal_tim.o ABSOLUTE
    ..\Drivers\STM32F7xx_HAL_Driver\Src\stm32f7xx_hal_tim_ex.c 0x00000000   Number         0  stm32f7xx_hal_tim_ex.o ABSOLUTE
    ..\Drivers\STM32F7xx_HAL_Driver\Src\stm32f7xx_ll_usb.c 0x00000000   Number         0  stm32f7xx_ll_usb.o ABSOLUTE
    ..\Middlewares\Third_Party\FreeRTOS\Source\CMSIS_RTOS\cmsis_os.c 0x00000000   Number         0  cmsis_os.o ABSOLUTE
    ..\Middlewares\Third_Party\FreeRTOS\Source\portable\RVDS\ARM_CM7\r0p1\port.c 0x00000000   Number         0  port.o ABSOLUTE
    dc.s                                     0x00000000   Number         0  dc.o ABSOLUTE
    handlers.s                               0x00000000   Number         0  handlers.o ABSOLUTE
    init.s                                   0x00000000   Number         0  init.o ABSOLUTE
    startup_stm32f767xx.s                    0x00000000   Number         0  startup_stm32f767xx.o ABSOLUTE
    RESET                                    0x08000000   Section      504  startup_stm32f767xx.o(RESET)
    .ARM.Collect$$$$00000000                 0x080001f8   Section        0  entry.o(.ARM.Collect$$$$00000000)
    .ARM.Collect$$$$00000001                 0x080001f8   Section        4  entry2.o(.ARM.Collect$$$$00000001)
    .ARM.Collect$$$$00000004                 0x080001fc   Section        4  entry5.o(.ARM.Collect$$$$00000004)
    .ARM.Collect$$$$00000008                 0x08000200   Section        0  entry7b.o(.ARM.Collect$$$$00000008)
    .ARM.Collect$$$$0000000A                 0x08000200   Section        0  entry8b.o(.ARM.Collect$$$$0000000A)
    .ARM.Collect$$$$0000000B                 0x08000200   Section        8  entry9a.o(.ARM.Collect$$$$0000000B)
    .ARM.Collect$$$$0000000E                 0x08000208   Section        4  entry12b.o(.ARM.Collect$$$$0000000E)
    .ARM.Collect$$$$0000000F                 0x0800020c   Section        0  entry10a.o(.ARM.Collect$$$$0000000F)
    .ARM.Collect$$$$00000011                 0x0800020c   Section        0  entry11a.o(.ARM.Collect$$$$00000011)
    .ARM.Collect$$$$00002712                 0x0800020c   Section        4  entry2.o(.ARM.Collect$$$$00002712)
    __lit__00000000                          0x0800020c   Data           4  entry2.o(.ARM.Collect$$$$00002712)
    .emb_text                                0x08000210   Section      194  port.o(.emb_text)
    $v0                                      0x08000210   Number         0  port.o(.emb_text)
    .text                                    0x080002d4   Section       36  startup_stm32f767xx.o(.text)
    $v0                                      0x080002d4   Number         0  startup_stm32f767xx.o(.text)
    .text                                    0x080002f8   Section        0  uldiv.o(.text)
    .text                                    0x0800035a   Section        0  memcpya.o(.text)
    .text                                    0x0800037e   Section        0  memseta.o(.text)
    .text                                    0x080003a2   Section        0  llshl.o(.text)
    .text                                    0x080003c0   Section        0  llushr.o(.text)
    .text                                    0x080003e0   Section        0  iusefp.o(.text)
    .text                                    0x080003e0   Section        0  drnd.o(.text)
    .text                                    0x08000468   Section        0  drem.o(.text)
    .text                                    0x080004f0   Section       36  init.o(.text)
    .text                                    0x08000514   Section        0  depilogue.o(.text)
    i.BusFault_Handler                       0x080005ce   Section        0  stm32f7xx_it.o(i.BusFault_Handler)
    i.DebugMon_Handler                       0x080005d2   Section        0  stm32f7xx_it.o(i.DebugMon_Handler)
    i.Error_Handler                          0x080005d4   Section        0  main.o(i.Error_Handler)
    i.HAL_Delay                              0x080005dc   Section        0  stm32f7xx_hal.o(i.HAL_Delay)
    i.HAL_GPIO_Init                          0x08000604   Section        0  stm32f7xx_hal_gpio.o(i.HAL_GPIO_Init)
    i.HAL_GPIO_WritePin                      0x0800081c   Section        0  stm32f7xx_hal_gpio.o(i.HAL_GPIO_WritePin)
    i.HAL_GetTick                            0x08000828   Section        0  stm32f7xx_hal.o(i.HAL_GetTick)
    i.HAL_IncTick                            0x08000834   Section        0  stm32f7xx_hal.o(i.HAL_IncTick)
    i.HAL_Init                               0x0800084c   Section        0  stm32f7xx_hal.o(i.HAL_Init)
    i.HAL_InitTick                           0x08000864   Section        0  stm32f7xx_hal.o(i.HAL_InitTick)
    i.HAL_MspInit                            0x080008b0   Section        0  stm32f7xx_hal_msp.o(i.HAL_MspInit)
    i.HAL_NVIC_SetPriority                   0x080008fc   Section        0  stm32f7xx_hal_cortex.o(i.HAL_NVIC_SetPriority)
    i.HAL_NVIC_SetPriorityGrouping           0x08000978   Section        0  stm32f7xx_hal_cortex.o(i.HAL_NVIC_SetPriorityGrouping)
    i.HAL_PCDEx_ActivateLPM                  0x080009a0   Section        0  stm32f7xx_hal_pcd_ex.o(i.HAL_PCDEx_ActivateLPM)
    i.HAL_PCD_Init                           0x080009c8   Section        0  stm32f7xx_hal_pcd.o(i.HAL_PCD_Init)
    i.HAL_PCD_MspInit                        0x08000b3c   Section        0  usb_otg.o(i.HAL_PCD_MspInit)
    i.HAL_PWREx_EnableOverDrive              0x08000bec   Section        0  stm32f7xx_hal_pwr_ex.o(i.HAL_PWREx_EnableOverDrive)
    i.HAL_PWR_EnableBkUpAccess               0x08000c7c   Section        0  stm32f7xx_hal_pwr.o(i.HAL_PWR_EnableBkUpAccess)
    i.HAL_RCCEx_PeriphCLKConfig              0x08000c90   Section        0  stm32f7xx_hal_rcc_ex.o(i.HAL_RCCEx_PeriphCLKConfig)
    i.HAL_RCC_ClockConfig                    0x080013e8   Section        0  stm32f7xx_hal_rcc.o(i.HAL_RCC_ClockConfig)
    i.HAL_RCC_GetSysClockFreq                0x0800157c   Section        0  stm32f7xx_hal_rcc.o(i.HAL_RCC_GetSysClockFreq)
    i.HAL_RCC_OscConfig                      0x0800162c   Section        0  stm32f7xx_hal_rcc.o(i.HAL_RCC_OscConfig)
    i.HAL_SYSTICK_Config                     0x08001b40   Section        0  stm32f7xx_hal_cortex.o(i.HAL_SYSTICK_Config)
    i.HAL_TIMEx_MasterConfigSynchronization  0x08001b74   Section        0  stm32f7xx_hal_tim_ex.o(i.HAL_TIMEx_MasterConfigSynchronization)
    i.HAL_TIM_Base_Init                      0x08001c40   Section        0  stm32f7xx_hal_tim.o(i.HAL_TIM_Base_Init)
    i.HAL_TIM_Base_MspInit                   0x08001c74   Section        0  tim.o(i.HAL_TIM_Base_MspInit)
    i.HAL_TIM_ConfigClockSource              0x08001ca4   Section        0  stm32f7xx_hal_tim.o(i.HAL_TIM_ConfigClockSource)
    i.HAL_TIM_MspPostInit                    0x08001db0   Section        0  tim.o(i.HAL_TIM_MspPostInit)
    i.HAL_TIM_PWM_ConfigChannel              0x08001e44   Section        0  stm32f7xx_hal_tim.o(i.HAL_TIM_PWM_ConfigChannel)
    i.HAL_TIM_PWM_Init                       0x08001fb8   Section        0  stm32f7xx_hal_tim.o(i.HAL_TIM_PWM_Init)
    i.HAL_TIM_PWM_MspInit                    0x08001fec   Section        0  stm32f7xx_hal_tim.o(i.HAL_TIM_PWM_MspInit)
    i.HAL_TIM_PWM_Start                      0x08001ff0   Section        0  stm32f7xx_hal_tim.o(i.HAL_TIM_PWM_Start)
    i.HardFault_Handler                      0x08002054   Section        0  stm32f7xx_it.o(i.HardFault_Handler)
    i.MX_GPIO_Init                           0x08002058   Section        0  gpio.o(i.MX_GPIO_Init)
    i.MX_TIM3_Init                           0x08002220   Section        0  tim.o(i.MX_TIM3_Init)
    i.MX_USB_OTG_FS_PCD_Init                 0x080022d4   Section        0  usb_otg.o(i.MX_USB_OTG_FS_PCD_Init)
    i.MemManage_Handler                      0x08002314   Section        0  stm32f7xx_it.o(i.MemManage_Handler)
    i.NMI_Handler                            0x08002318   Section        0  stm32f7xx_it.o(i.NMI_Handler)
    i.SysTick_Handler                        0x0800231c   Section        0  stm32f7xx_it.o(i.SysTick_Handler)
    i.SystemClock_Config                     0x08002330   Section        0  main.o(i.SystemClock_Config)
    i.SystemInit                             0x08002408   Section        0  system_stm32f7xx.o(i.SystemInit)
    i.TIM_Base_SetConfig                     0x08002424   Section        0  stm32f7xx_hal_tim.o(i.TIM_Base_SetConfig)
    i.TIM_CCxChannelCmd                      0x080024fc   Section        0  stm32f7xx_hal_tim.o(i.TIM_CCxChannelCmd)
    i.TIM_ETR_SetConfig                      0x0800251e   Section        0  stm32f7xx_hal_tim.o(i.TIM_ETR_SetConfig)
    i.TIM_ITRx_SetConfig                     0x08002534   Section        0  stm32f7xx_hal_tim.o(i.TIM_ITRx_SetConfig)
    TIM_ITRx_SetConfig                       0x08002535   Thumb Code    18  stm32f7xx_hal_tim.o(i.TIM_ITRx_SetConfig)
    i.TIM_OC1_SetConfig                      0x08002548   Section        0  stm32f7xx_hal_tim.o(i.TIM_OC1_SetConfig)
    TIM_OC1_SetConfig                        0x08002549   Thumb Code   104  stm32f7xx_hal_tim.o(i.TIM_OC1_SetConfig)
    i.TIM_OC2_SetConfig                      0x080025bc   Section        0  stm32f7xx_hal_tim.o(i.TIM_OC2_SetConfig)
    i.TIM_OC3_SetConfig                      0x0800263c   Section        0  stm32f7xx_hal_tim.o(i.TIM_OC3_SetConfig)
    TIM_OC3_SetConfig                        0x0800263d   Thumb Code   112  stm32f7xx_hal_tim.o(i.TIM_OC3_SetConfig)
    i.TIM_OC4_SetConfig                      0x080026b8   Section        0  stm32f7xx_hal_tim.o(i.TIM_OC4_SetConfig)
    TIM_OC4_SetConfig                        0x080026b9   Thumb Code    74  stm32f7xx_hal_tim.o(i.TIM_OC4_SetConfig)
    i.TIM_OC5_SetConfig                      0x08002710   Section        0  stm32f7xx_hal_tim.o(i.TIM_OC5_SetConfig)
    TIM_OC5_SetConfig                        0x08002711   Thumb Code    68  stm32f7xx_hal_tim.o(i.TIM_OC5_SetConfig)
    i.TIM_OC6_SetConfig                      0x08002760   Section        0  stm32f7xx_hal_tim.o(i.TIM_OC6_SetConfig)
    TIM_OC6_SetConfig                        0x08002761   Thumb Code    70  stm32f7xx_hal_tim.o(i.TIM_OC6_SetConfig)
    i.TIM_TI1_ConfigInputStage               0x080027b4   Section        0  stm32f7xx_hal_tim.o(i.TIM_TI1_ConfigInputStage)
    TIM_TI1_ConfigInputStage                 0x080027b5   Thumb Code    38  stm32f7xx_hal_tim.o(i.TIM_TI1_ConfigInputStage)
    i.TIM_TI2_ConfigInputStage               0x080027da   Section        0  stm32f7xx_hal_tim.o(i.TIM_TI2_ConfigInputStage)
    TIM_TI2_ConfigInputStage                 0x080027db   Thumb Code    40  stm32f7xx_hal_tim.o(i.TIM_TI2_ConfigInputStage)
    i.USB_CoreInit                           0x08002804   Section        0  stm32f7xx_ll_usb.o(i.USB_CoreInit)
    i.USB_CoreReset                          0x0800287c   Section        0  stm32f7xx_ll_usb.o(i.USB_CoreReset)
    USB_CoreReset                            0x0800287d   Thumb Code    70  stm32f7xx_ll_usb.o(i.USB_CoreReset)
    i.USB_DevDisconnect                      0x080028c8   Section        0  stm32f7xx_ll_usb.o(i.USB_DevDisconnect)
    i.USB_DevInit                            0x080028e8   Section        0  stm32f7xx_ll_usb.o(i.USB_DevInit)
    i.USB_DisableGlobalInt                   0x08002ae0   Section        0  stm32f7xx_ll_usb.o(i.USB_DisableGlobalInt)
    i.USB_FlushRxFifo                        0x08002af0   Section        0  stm32f7xx_ll_usb.o(i.USB_FlushRxFifo)
    i.USB_FlushTxFifo                        0x08002b1c   Section        0  stm32f7xx_ll_usb.o(i.USB_FlushTxFifo)
    i.USB_SetCurrentMode                     0x08002b4c   Section        0  stm32f7xx_ll_usb.o(i.USB_SetCurrentMode)
    i.USB_SetDevSpeed                        0x08002b82   Section        0  stm32f7xx_ll_usb.o(i.USB_SetDevSpeed)
    i.UsageFault_Handler                     0x08002b94   Section        0  stm32f7xx_it.o(i.UsageFault_Handler)
    i.__ARM_isinf                            0x08002b98   Section        0  main.o(i.__ARM_isinf)
    __ARM_isinf                              0x08002b99   Thumb Code    24  main.o(i.__ARM_isinf)
    i.__ARM_isnan                            0x08002bb4   Section        0  main.o(i.__ARM_isnan)
    __ARM_isnan                              0x08002bb5   Thumb Code    30  main.o(i.__ARM_isnan)
    i.__NVIC_GetPriorityGrouping             0x08002bd8   Section        0  stm32f7xx_hal_cortex.o(i.__NVIC_GetPriorityGrouping)
    __NVIC_GetPriorityGrouping               0x08002bd9   Thumb Code    10  stm32f7xx_hal_cortex.o(i.__NVIC_GetPriorityGrouping)
    i.__NVIC_SetPriority                     0x08002be8   Section        0  stm32f7xx_hal_cortex.o(i.__NVIC_SetPriority)
    __NVIC_SetPriority                       0x08002be9   Thumb Code    32  stm32f7xx_hal_cortex.o(i.__NVIC_SetPriority)
    i.__hardfp_floor                         0x08002c10   Section        0  floor.o(i.__hardfp_floor)
    i.__hardfp_fmod                          0x08002d00   Section        0  fmod.o(i.__hardfp_fmod)
    i.__hardfp_trunc                         0x08002e00   Section        0  trunc.o(i.__hardfp_trunc)
    i.__mathlib_dbl_invalid                  0x08002e80   Section        0  dunder.o(i.__mathlib_dbl_invalid)
    i.__scatterload_copy                     0x08002e98   Section       14  handlers.o(i.__scatterload_copy)
    i.__scatterload_null                     0x08002ea6   Section        2  handlers.o(i.__scatterload_null)
    i.__scatterload_zeroinit                 0x08002ea8   Section       14  handlers.o(i.__scatterload_zeroinit)
    i.__set_errno                            0x08002eb8   Section        0  errno.o(i.__set_errno)
    i.best_action                            0x08002ec4   Section        0  main.o(i.best_action)
    i.environment                            0x08002f20   Section        0  main.o(i.environment)
    i.getReward                              0x08002f88   Section        0  main.o(i.getReward)
    i.getState                               0x08002fd8   Section        0  main.o(i.getState)
    i.main                                   0x08003078   Section        0  main.o(i.main)
    i.prvResetNextTaskUnblockTime            0x0800313c   Section        0  tasks.o(i.prvResetNextTaskUnblockTime)
    prvResetNextTaskUnblockTime              0x0800313d   Thumb Code    42  tasks.o(i.prvResetNextTaskUnblockTime)
    i.rtIsInf                                0x08003170   Section        0  main.o(i.rtIsInf)
    i.rtIsNaN                                0x08003190   Section        0  main.o(i.rtIsNaN)
    i.rt_remd_snf                            0x080031b0   Section        0  main.o(i.rt_remd_snf)
    rt_remd_snf                              0x080031b1   Thumb Code   204  main.o(i.rt_remd_snf)
    i.uxListRemove                           0x08003290   Section        0  list.o(i.uxListRemove)
    i.vListInsertEnd                         0x080032b8   Section        0  list.o(i.vListInsertEnd)
    i.vTaskSwitchContext                     0x080032d0   Section        0  tasks.o(i.vTaskSwitchContext)
    i.xPortSysTickHandler                    0x08003360   Section        0  port.o(i.xPortSysTickHandler)
    i.xTaskGetSchedulerState                 0x08003398   Section        0  tasks.o(i.xTaskGetSchedulerState)
    i.xTaskIncrementTick                     0x080033b8   Section        0  tasks.o(i.xTaskIncrementTick)
    .constdata                               0x08003508   Section      400  main.o(.constdata)
    lookup_table                             0x08003538   Data          45  main.o(.constdata)
    .constdata                               0x08003698   Section       24  system_stm32f7xx.o(.constdata)
    .data                                    0x20000000   Section       48  main.o(.data)
    .data                                    0x20000030   Section        9  stm32f7xx_hal.o(.data)
    .data                                    0x2000003c   Section        4  system_stm32f7xx.o(.data)
    .data                                    0x20000040   Section       60  tasks.o(.data)
    pxDelayedTaskList                        0x20000044   Data           4  tasks.o(.data)
    pxOverflowDelayedTaskList                0x20000048   Data           4  tasks.o(.data)
    uxDeletedTasksWaitingCleanUp             0x2000004c   Data           4  tasks.o(.data)
    uxCurrentNumberOfTasks                   0x20000050   Data           4  tasks.o(.data)
    xTickCount                               0x20000054   Data           4  tasks.o(.data)
    uxTopReadyPriority                       0x20000058   Data           4  tasks.o(.data)
    xSchedulerRunning                        0x2000005c   Data           4  tasks.o(.data)
    uxPendedTicks                            0x20000060   Data           4  tasks.o(.data)
    xYieldPending                            0x20000064   Data           4  tasks.o(.data)
    xNumOfOverflows                          0x20000068   Data           4  tasks.o(.data)
    uxTaskNumber                             0x2000006c   Data           4  tasks.o(.data)
    xNextTaskUnblockTime                     0x20000070   Data           4  tasks.o(.data)
    xIdleTaskHandle                          0x20000074   Data           4  tasks.o(.data)
    uxSchedulerSuspended                     0x20000078   Data           4  tasks.o(.data)
    .data                                    0x2000007c   Section        4  errno.o(.data)
    _errno                                   0x2000007c   Data           4  errno.o(.data)
    .bss                                     0x20000080   Section       64  tim.o(.bss)
    .bss                                     0x200000c0   Section     1028  usb_otg.o(.bss)
    .bss                                     0x200004c4   Section      240  tasks.o(.bss)
    pxReadyTasksLists                        0x200004c4   Data         140  tasks.o(.bss)
    xDelayedTaskList1                        0x20000550   Data          20  tasks.o(.bss)
    xDelayedTaskList2                        0x20000564   Data          20  tasks.o(.bss)
    xPendingReadyList                        0x20000578   Data          20  tasks.o(.bss)
    xTasksWaitingTermination                 0x2000058c   Data          20  tasks.o(.bss)
    xSuspendedTaskList                       0x200005a0   Data          20  tasks.o(.bss)
    STACK                                    0x200005b8   Section     1024  startup_stm32f767xx.o(STACK)

    Global Symbols

    Symbol Name                              Value     Ov Type        Size  Object(Section)

    BuildAttributes$$THM_ISAv4$E$P$D$K$B$S$7EM$VFPv5_D16$PE$PLD8$A:L22UL41UL21$X:L11$S22US41US21$IEEE1$IW$USESV6$~STKCKD$USESV7$~SHL$OTIME$ROPI$IEEEX$EBA8$MICROLIB$REQ8$PRES8$EABIv2 0x00000000   Number         0  anon$$obj.o ABSOLUTE
    __ARM_use_no_argv                        0x00000000   Number         0  main.o ABSOLUTE
    __arm_fini_                               - Undefined Weak Reference
    __cpp_initialize__aeabi_                  - Undefined Weak Reference
    __cxa_finalize                            - Undefined Weak Reference
    __decompress                              - Undefined Weak Reference
    _clock_init                               - Undefined Weak Reference
    _microlib_exit                            - Undefined Weak Reference
    __Vectors_Size                           0x000001f8   Number         0  startup_stm32f767xx.o ABSOLUTE
    __Vectors                                0x08000000   Data           4  startup_stm32f767xx.o(RESET)
    __Vectors_End                            0x080001f8   Data           0  startup_stm32f767xx.o(RESET)
    __main                                   0x080001f9   Thumb Code     0  entry.o(.ARM.Collect$$$$00000000)
    _main_stk                                0x080001f9   Thumb Code     0  entry2.o(.ARM.Collect$$$$00000001)
    _main_scatterload                        0x080001fd   Thumb Code     0  entry5.o(.ARM.Collect$$$$00000004)
    __main_after_scatterload                 0x08000201   Thumb Code     0  entry5.o(.ARM.Collect$$$$00000004)
    _main_clock                              0x08000201   Thumb Code     0  entry7b.o(.ARM.Collect$$$$00000008)
    _main_cpp_init                           0x08000201   Thumb Code     0  entry8b.o(.ARM.Collect$$$$0000000A)
    _main_init                               0x08000201   Thumb Code     0  entry9a.o(.ARM.Collect$$$$0000000B)
    __rt_lib_shutdown_fini                   0x08000209   Thumb Code     0  entry12b.o(.ARM.Collect$$$$0000000E)
    __rt_final_cpp                           0x0800020d   Thumb Code     0  entry10a.o(.ARM.Collect$$$$0000000F)
    __rt_final_exit                          0x0800020d   Thumb Code     0  entry11a.o(.ARM.Collect$$$$00000011)
    SVC_Handler                              0x08000211   Thumb Code    28  port.o(.emb_text)
    __asm___6_port_c_39a90d8d__prvStartFirstTask 0x08000231   Thumb Code    36  port.o(.emb_text)
    __asm___6_port_c_39a90d8d__prvEnableVFP  0x08000259   Thumb Code    16  port.o(.emb_text)
    PendSV_Handler                           0x0800026d   Thumb Code    92  port.o(.emb_text)
    vPortGetIPSR                             0x080002cd   Thumb Code     6  port.o(.emb_text)
    Reset_Handler                            0x080002d5   Thumb Code     8  startup_stm32f767xx.o(.text)
    ADC_IRQHandler                           0x080002ef   Thumb Code     0  startup_stm32f767xx.o(.text)
    CAN1_RX0_IRQHandler                      0x080002ef   Thumb Code     0  startup_stm32f767xx.o(.text)
    CAN1_RX1_IRQHandler                      0x080002ef   Thumb Code     0  startup_stm32f767xx.o(.text)
    CAN1_SCE_IRQHandler                      0x080002ef   Thumb Code     0  startup_stm32f767xx.o(.text)
    CAN1_TX_IRQHandler                       0x080002ef   Thumb Code     0  startup_stm32f767xx.o(.text)
    CAN2_RX0_IRQHandler                      0x080002ef   Thumb Code     0  startup_stm32f767xx.o(.text)
    CAN2_RX1_IRQHandler                      0x080002ef   Thumb Code     0  startup_stm32f767xx.o(.text)
    CAN2_SCE_IRQHandler                      0x080002ef   Thumb Code     0  startup_stm32f767xx.o(.text)
    CAN2_TX_IRQHandler                       0x080002ef   Thumb Code     0  startup_stm32f767xx.o(.text)
    CAN3_RX0_IRQHandler                      0x080002ef   Thumb Code     0  startup_stm32f767xx.o(.text)
    CAN3_RX1_IRQHandler                      0x080002ef   Thumb Code     0  startup_stm32f767xx.o(.text)
    CAN3_SCE_IRQHandler                      0x080002ef   Thumb Code     0  startup_stm32f767xx.o(.text)
    CAN3_TX_IRQHandler                       0x080002ef   Thumb Code     0  startup_stm32f767xx.o(.text)
    CEC_IRQHandler                           0x080002ef   Thumb Code     0  startup_stm32f767xx.o(.text)
    DCMI_IRQHandler                          0x080002ef   Thumb Code     0  startup_stm32f767xx.o(.text)
    DFSDM1_FLT0_IRQHandler                   0x080002ef   Thumb Code     0  startup_stm32f767xx.o(.text)
    DFSDM1_FLT1_IRQHandler                   0x080002ef   Thumb Code     0  startup_stm32f767xx.o(.text)
    DFSDM1_FLT2_IRQHandler                   0x080002ef   Thumb Code     0  startup_stm32f767xx.o(.text)
    DFSDM1_FLT3_IRQHandler                   0x080002ef   Thumb Code     0  startup_stm32f767xx.o(.text)
    DMA1_Stream0_IRQHandler                  0x080002ef   Thumb Code     0  startup_stm32f767xx.o(.text)
    DMA1_Stream1_IRQHandler                  0x080002ef   Thumb Code     0  startup_stm32f767xx.o(.text)
    DMA1_Stream2_IRQHandler                  0x080002ef   Thumb Code     0  startup_stm32f767xx.o(.text)
    DMA1_Stream3_IRQHandler                  0x080002ef   Thumb Code     0  startup_stm32f767xx.o(.text)
    DMA1_Stream4_IRQHandler                  0x080002ef   Thumb Code     0  startup_stm32f767xx.o(.text)
    DMA1_Stream5_IRQHandler                  0x080002ef   Thumb Code     0  startup_stm32f767xx.o(.text)
    DMA1_Stream6_IRQHandler                  0x080002ef   Thumb Code     0  startup_stm32f767xx.o(.text)
    DMA1_Stream7_IRQHandler                  0x080002ef   Thumb Code     0  startup_stm32f767xx.o(.text)
    DMA2D_IRQHandler                         0x080002ef   Thumb Code     0  startup_stm32f767xx.o(.text)
    DMA2_Stream0_IRQHandler                  0x080002ef   Thumb Code     0  startup_stm32f767xx.o(.text)
    DMA2_Stream1_IRQHandler                  0x080002ef   Thumb Code     0  startup_stm32f767xx.o(.text)
    DMA2_Stream2_IRQHandler                  0x080002ef   Thumb Code     0  startup_stm32f767xx.o(.text)
    DMA2_Stream3_IRQHandler                  0x080002ef   Thumb Code     0  startup_stm32f767xx.o(.text)
    DMA2_Stream4_IRQHandler                  0x080002ef   Thumb Code     0  startup_stm32f767xx.o(.text)
    DMA2_Stream5_IRQHandler                  0x080002ef   Thumb Code     0  startup_stm32f767xx.o(.text)
    DMA2_Stream6_IRQHandler                  0x080002ef   Thumb Code     0  startup_stm32f767xx.o(.text)
    DMA2_Stream7_IRQHandler                  0x080002ef   Thumb Code     0  startup_stm32f767xx.o(.text)
    ETH_IRQHandler                           0x080002ef   Thumb Code     0  startup_stm32f767xx.o(.text)
    ETH_WKUP_IRQHandler                      0x080002ef   Thumb Code     0  startup_stm32f767xx.o(.text)
    EXTI0_IRQHandler                         0x080002ef   Thumb Code     0  startup_stm32f767xx.o(.text)
    EXTI15_10_IRQHandler                     0x080002ef   Thumb Code     0  startup_stm32f767xx.o(.text)
    EXTI1_IRQHandler                         0x080002ef   Thumb Code     0  startup_stm32f767xx.o(.text)
    EXTI2_IRQHandler                         0x080002ef   Thumb Code     0  startup_stm32f767xx.o(.text)
    EXTI3_IRQHandler                         0x080002ef   Thumb Code     0  startup_stm32f767xx.o(.text)
    EXTI4_IRQHandler                         0x080002ef   Thumb Code     0  startup_stm32f767xx.o(.text)
    EXTI9_5_IRQHandler                       0x080002ef   Thumb Code     0  startup_stm32f767xx.o(.text)
    FLASH_IRQHandler                         0x080002ef   Thumb Code     0  startup_stm32f767xx.o(.text)
    FMC_IRQHandler                           0x080002ef   Thumb Code     0  startup_stm32f767xx.o(.text)
    FPU_IRQHandler                           0x080002ef   Thumb Code     0  startup_stm32f767xx.o(.text)
    I2C1_ER_IRQHandler                       0x080002ef   Thumb Code     0  startup_stm32f767xx.o(.text)
    I2C1_EV_IRQHandler                       0x080002ef   Thumb Code     0  startup_stm32f767xx.o(.text)
    I2C2_ER_IRQHandler                       0x080002ef   Thumb Code     0  startup_stm32f767xx.o(.text)
    I2C2_EV_IRQHandler                       0x080002ef   Thumb Code     0  startup_stm32f767xx.o(.text)
    I2C3_ER_IRQHandler                       0x080002ef   Thumb Code     0  startup_stm32f767xx.o(.text)
    I2C3_EV_IRQHandler                       0x080002ef   Thumb Code     0  startup_stm32f767xx.o(.text)
    I2C4_ER_IRQHandler                       0x080002ef   Thumb Code     0  startup_stm32f767xx.o(.text)
    I2C4_EV_IRQHandler                       0x080002ef   Thumb Code     0  startup_stm32f767xx.o(.text)
    JPEG_IRQHandler                          0x080002ef   Thumb Code     0  startup_stm32f767xx.o(.text)
    LPTIM1_IRQHandler                        0x080002ef   Thumb Code     0  startup_stm32f767xx.o(.text)
    LTDC_ER_IRQHandler                       0x080002ef   Thumb Code     0  startup_stm32f767xx.o(.text)
    LTDC_IRQHandler                          0x080002ef   Thumb Code     0  startup_stm32f767xx.o(.text)
    MDIOS_IRQHandler                         0x080002ef   Thumb Code     0  startup_stm32f767xx.o(.text)
    OTG_FS_IRQHandler                        0x080002ef   Thumb Code     0  startup_stm32f767xx.o(.text)
    OTG_FS_WKUP_IRQHandler                   0x080002ef   Thumb Code     0  startup_stm32f767xx.o(.text)
    OTG_HS_EP1_IN_IRQHandler                 0x080002ef   Thumb Code     0  startup_stm32f767xx.o(.text)
    OTG_HS_EP1_OUT_IRQHandler                0x080002ef   Thumb Code     0  startup_stm32f767xx.o(.text)
    OTG_HS_IRQHandler                        0x080002ef   Thumb Code     0  startup_stm32f767xx.o(.text)
    OTG_HS_WKUP_IRQHandler                   0x080002ef   Thumb Code     0  startup_stm32f767xx.o(.text)
    PVD_IRQHandler                           0x080002ef   Thumb Code     0  startup_stm32f767xx.o(.text)
    QUADSPI_IRQHandler                       0x080002ef   Thumb Code     0  startup_stm32f767xx.o(.text)
    RCC_IRQHandler                           0x080002ef   Thumb Code     0  startup_stm32f767xx.o(.text)
    RNG_IRQHandler                           0x080002ef   Thumb Code     0  startup_stm32f767xx.o(.text)
    RTC_Alarm_IRQHandler                     0x080002ef   Thumb Code     0  startup_stm32f767xx.o(.text)
    RTC_WKUP_IRQHandler                      0x080002ef   Thumb Code     0  startup_stm32f767xx.o(.text)
    SAI1_IRQHandler                          0x080002ef   Thumb Code     0  startup_stm32f767xx.o(.text)
    SAI2_IRQHandler                          0x080002ef   Thumb Code     0  startup_stm32f767xx.o(.text)
    SDMMC1_IRQHandler                        0x080002ef   Thumb Code     0  startup_stm32f767xx.o(.text)
    SDMMC2_IRQHandler                        0x080002ef   Thumb Code     0  startup_stm32f767xx.o(.text)
    SPDIF_RX_IRQHandler                      0x080002ef   Thumb Code     0  startup_stm32f767xx.o(.text)
    SPI1_IRQHandler                          0x080002ef   Thumb Code     0  startup_stm32f767xx.o(.text)
    SPI2_IRQHandler                          0x080002ef   Thumb Code     0  startup_stm32f767xx.o(.text)
    SPI3_IRQHandler                          0x080002ef   Thumb Code     0  startup_stm32f767xx.o(.text)
    SPI4_IRQHandler                          0x080002ef   Thumb Code     0  startup_stm32f767xx.o(.text)
    SPI5_IRQHandler                          0x080002ef   Thumb Code     0  startup_stm32f767xx.o(.text)
    SPI6_IRQHandler                          0x080002ef   Thumb Code     0  startup_stm32f767xx.o(.text)
    TAMP_STAMP_IRQHandler                    0x080002ef   Thumb Code     0  startup_stm32f767xx.o(.text)
    TIM1_BRK_TIM9_IRQHandler                 0x080002ef   Thumb Code     0  startup_stm32f767xx.o(.text)
    TIM1_CC_IRQHandler                       0x080002ef   Thumb Code     0  startup_stm32f767xx.o(.text)
    TIM1_TRG_COM_TIM11_IRQHandler            0x080002ef   Thumb Code     0  startup_stm32f767xx.o(.text)
    TIM1_UP_TIM10_IRQHandler                 0x080002ef   Thumb Code     0  startup_stm32f767xx.o(.text)
    TIM2_IRQHandler                          0x080002ef   Thumb Code     0  startup_stm32f767xx.o(.text)
    TIM3_IRQHandler                          0x080002ef   Thumb Code     0  startup_stm32f767xx.o(.text)
    TIM4_IRQHandler                          0x080002ef   Thumb Code     0  startup_stm32f767xx.o(.text)
    TIM5_IRQHandler                          0x080002ef   Thumb Code     0  startup_stm32f767xx.o(.text)
    TIM6_DAC_IRQHandler                      0x080002ef   Thumb Code     0  startup_stm32f767xx.o(.text)
    TIM7_IRQHandler                          0x080002ef   Thumb Code     0  startup_stm32f767xx.o(.text)
    TIM8_BRK_TIM12_IRQHandler                0x080002ef   Thumb Code     0  startup_stm32f767xx.o(.text)
    TIM8_CC_IRQHandler                       0x080002ef   Thumb Code     0  startup_stm32f767xx.o(.text)
    TIM8_TRG_COM_TIM14_IRQHandler            0x080002ef   Thumb Code     0  startup_stm32f767xx.o(.text)
    TIM8_UP_TIM13_IRQHandler                 0x080002ef   Thumb Code     0  startup_stm32f767xx.o(.text)
    UART4_IRQHandler                         0x080002ef   Thumb Code     0  startup_stm32f767xx.o(.text)
    UART5_IRQHandler                         0x080002ef   Thumb Code     0  startup_stm32f767xx.o(.text)
    UART7_IRQHandler                         0x080002ef   Thumb Code     0  startup_stm32f767xx.o(.text)
    UART8_IRQHandler                         0x080002ef   Thumb Code     0  startup_stm32f767xx.o(.text)
    USART1_IRQHandler                        0x080002ef   Thumb Code     0  startup_stm32f767xx.o(.text)
    USART2_IRQHandler                        0x080002ef   Thumb Code     0  startup_stm32f767xx.o(.text)
    USART3_IRQHandler                        0x080002ef   Thumb Code     0  startup_stm32f767xx.o(.text)
    USART6_IRQHandler                        0x080002ef   Thumb Code     0  startup_stm32f767xx.o(.text)
    WWDG_IRQHandler                          0x080002ef   Thumb Code     0  startup_stm32f767xx.o(.text)
    __aeabi_uldivmod                         0x080002f9   Thumb Code    98  uldiv.o(.text)
    __aeabi_memcpy                           0x0800035b   Thumb Code    36  memcpya.o(.text)
    __aeabi_memcpy4                          0x0800035b   Thumb Code     0  memcpya.o(.text)
    __aeabi_memcpy8                          0x0800035b   Thumb Code     0  memcpya.o(.text)
    __aeabi_memset                           0x0800037f   Thumb Code    14  memseta.o(.text)
    __aeabi_memset4                          0x0800037f   Thumb Code     0  memseta.o(.text)
    __aeabi_memset8                          0x0800037f   Thumb Code     0  memseta.o(.text)
    __aeabi_memclr                           0x0800038d   Thumb Code     4  memseta.o(.text)
    __aeabi_memclr4                          0x0800038d   Thumb Code     0  memseta.o(.text)
    __aeabi_memclr8                          0x0800038d   Thumb Code     0  memseta.o(.text)
    memset                                   0x08000391   Thumb Code    18  memseta.o(.text)
    __aeabi_llsl                             0x080003a3   Thumb Code    30  llshl.o(.text)
    _ll_shift_l                              0x080003a3   Thumb Code     0  llshl.o(.text)
    __aeabi_llsr                             0x080003c1   Thumb Code    32  llushr.o(.text)
    _ll_ushift_r                             0x080003c1   Thumb Code     0  llushr.o(.text)
    __I$use$fp                               0x080003e1   Thumb Code     0  iusefp.o(.text)
    _drnd                                    0x080003e1   Thumb Code   132  drnd.o(.text)
    _drem                                    0x08000469   Thumb Code   134  drem.o(.text)
    __scatterload                            0x080004f1   Thumb Code    28  init.o(.text)
    __scatterload_rt2                        0x080004f1   Thumb Code     0  init.o(.text)
    _double_round                            0x08000515   Thumb Code    30  depilogue.o(.text)
    _double_epilogue                         0x08000533   Thumb Code   156  depilogue.o(.text)
    BusFault_Handler                         0x080005cf   Thumb Code     4  stm32f7xx_it.o(i.BusFault_Handler)
    DebugMon_Handler                         0x080005d3   Thumb Code     2  stm32f7xx_it.o(i.DebugMon_Handler)
    Error_Handler                            0x080005d5   Thumb Code     6  main.o(i.Error_Handler)
    HAL_Delay                                0x080005dd   Thumb Code    36  stm32f7xx_hal.o(i.HAL_Delay)
    HAL_GPIO_Init                            0x08000605   Thumb Code   484  stm32f7xx_hal_gpio.o(i.HAL_GPIO_Init)
    HAL_GPIO_WritePin                        0x0800081d   Thumb Code    12  stm32f7xx_hal_gpio.o(i.HAL_GPIO_WritePin)
    HAL_GetTick                              0x08000829   Thumb Code     6  stm32f7xx_hal.o(i.HAL_GetTick)
    HAL_IncTick                              0x08000835   Thumb Code    16  stm32f7xx_hal.o(i.HAL_IncTick)
    HAL_Init                                 0x0800084d   Thumb Code    22  stm32f7xx_hal.o(i.HAL_Init)
    HAL_InitTick                             0x08000865   Thumb Code    64  stm32f7xx_hal.o(i.HAL_InitTick)
    HAL_MspInit                              0x080008b1   Thumb Code    70  stm32f7xx_hal_msp.o(i.HAL_MspInit)
    HAL_NVIC_SetPriority                     0x080008fd   Thumb Code   124  stm32f7xx_hal_cortex.o(i.HAL_NVIC_SetPriority)
    HAL_NVIC_SetPriorityGrouping             0x08000979   Thumb Code    32  stm32f7xx_hal_cortex.o(i.HAL_NVIC_SetPriorityGrouping)
    HAL_PCDEx_ActivateLPM                    0x080009a1   Thumb Code    36  stm32f7xx_hal_pcd_ex.o(i.HAL_PCDEx_ActivateLPM)
    HAL_PCD_Init                             0x080009c9   Thumb Code   370  stm32f7xx_hal_pcd.o(i.HAL_PCD_Init)
    HAL_PCD_MspInit                          0x08000b3d   Thumb Code   168  usb_otg.o(i.HAL_PCD_MspInit)
    HAL_PWREx_EnableOverDrive                0x08000bed   Thumb Code   136  stm32f7xx_hal_pwr_ex.o(i.HAL_PWREx_EnableOverDrive)
    HAL_PWR_EnableBkUpAccess                 0x08000c7d   Thumb Code    14  stm32f7xx_hal_pwr.o(i.HAL_PWR_EnableBkUpAccess)
    HAL_RCCEx_PeriphCLKConfig                0x08000c91   Thumb Code  1876  stm32f7xx_hal_rcc_ex.o(i.HAL_RCCEx_PeriphCLKConfig)
    HAL_RCC_ClockConfig                      0x080013e9   Thumb Code   384  stm32f7xx_hal_rcc.o(i.HAL_RCC_ClockConfig)
    HAL_RCC_GetSysClockFreq                  0x0800157d   Thumb Code   162  stm32f7xx_hal_rcc.o(i.HAL_RCC_GetSysClockFreq)
    HAL_RCC_OscConfig                        0x0800162d   Thumb Code  1296  stm32f7xx_hal_rcc.o(i.HAL_RCC_OscConfig)
    HAL_SYSTICK_Config                       0x08001b41   Thumb Code    52  stm32f7xx_hal_cortex.o(i.HAL_SYSTICK_Config)
    HAL_TIMEx_MasterConfigSynchronization    0x08001b75   Thumb Code   174  stm32f7xx_hal_tim_ex.o(i.HAL_TIMEx_MasterConfigSynchronization)
    HAL_TIM_Base_Init                        0x08001c41   Thumb Code    52  stm32f7xx_hal_tim.o(i.HAL_TIM_Base_Init)
    HAL_TIM_Base_MspInit                     0x08001c75   Thumb Code    40  tim.o(i.HAL_TIM_Base_MspInit)
    HAL_TIM_ConfigClockSource                0x08001ca5   Thumb Code   264  stm32f7xx_hal_tim.o(i.HAL_TIM_ConfigClockSource)
    HAL_TIM_MspPostInit                      0x08001db1   Thumb Code   132  tim.o(i.HAL_TIM_MspPostInit)
    HAL_TIM_PWM_ConfigChannel                0x08001e45   Thumb Code   372  stm32f7xx_hal_tim.o(i.HAL_TIM_PWM_ConfigChannel)
    HAL_TIM_PWM_Init                         0x08001fb9   Thumb Code    52  stm32f7xx_hal_tim.o(i.HAL_TIM_PWM_Init)
    HAL_TIM_PWM_MspInit                      0x08001fed   Thumb Code     2  stm32f7xx_hal_tim.o(i.HAL_TIM_PWM_MspInit)
    HAL_TIM_PWM_Start                        0x08001ff1   Thumb Code    88  stm32f7xx_hal_tim.o(i.HAL_TIM_PWM_Start)
    HardFault_Handler                        0x08002055   Thumb Code     4  stm32f7xx_it.o(i.HardFault_Handler)
    MX_GPIO_Init                             0x08002059   Thumb Code   428  gpio.o(i.MX_GPIO_Init)
    MX_TIM3_Init                             0x08002221   Thumb Code   170  tim.o(i.MX_TIM3_Init)
    MX_USB_OTG_FS_PCD_Init                   0x080022d5   Thumb Code    58  usb_otg.o(i.MX_USB_OTG_FS_PCD_Init)
    MemManage_Handler                        0x08002315   Thumb Code     4  stm32f7xx_it.o(i.MemManage_Handler)
    NMI_Handler                              0x08002319   Thumb Code     4  stm32f7xx_it.o(i.NMI_Handler)
    SysTick_Handler                          0x0800231d   Thumb Code    20  stm32f7xx_it.o(i.SysTick_Handler)
    SystemClock_Config                       0x08002331   Thumb Code   208  main.o(i.SystemClock_Config)
    SystemInit                               0x08002409   Thumb Code    24  system_stm32f7xx.o(i.SystemInit)
    TIM_Base_SetConfig                       0x08002425   Thumb Code   170  stm32f7xx_hal_tim.o(i.TIM_Base_SetConfig)
    TIM_CCxChannelCmd                        0x080024fd   Thumb Code    34  stm32f7xx_hal_tim.o(i.TIM_CCxChannelCmd)
    TIM_ETR_SetConfig                        0x0800251f   Thumb Code    22  stm32f7xx_hal_tim.o(i.TIM_ETR_SetConfig)
    TIM_OC2_SetConfig                        0x080025bd   Thumb Code   114  stm32f7xx_hal_tim.o(i.TIM_OC2_SetConfig)
    USB_CoreInit                             0x08002805   Thumb Code   114  stm32f7xx_ll_usb.o(i.USB_CoreInit)
    USB_DevDisconnect                        0x080028c9   Thumb Code    32  stm32f7xx_ll_usb.o(i.USB_DevDisconnect)
    USB_DevInit                              0x080028e9   Thumb Code   494  stm32f7xx_ll_usb.o(i.USB_DevInit)
    USB_DisableGlobalInt                     0x08002ae1   Thumb Code    14  stm32f7xx_ll_usb.o(i.USB_DisableGlobalInt)
    USB_FlushRxFifo                          0x08002af1   Thumb Code    38  stm32f7xx_ll_usb.o(i.USB_FlushRxFifo)
    USB_FlushTxFifo                          0x08002b1d   Thumb Code    44  stm32f7xx_ll_usb.o(i.USB_FlushTxFifo)
    USB_SetCurrentMode                       0x08002b4d   Thumb Code    54  stm32f7xx_ll_usb.o(i.USB_SetCurrentMode)
    USB_SetDevSpeed                          0x08002b83   Thumb Code    18  stm32f7xx_ll_usb.o(i.USB_SetDevSpeed)
    UsageFault_Handler                       0x08002b95   Thumb Code     4  stm32f7xx_it.o(i.UsageFault_Handler)
    __hardfp_floor                           0x08002c11   Thumb Code   214  floor.o(i.__hardfp_floor)
    __hardfp_fmod                            0x08002d01   Thumb Code   246  fmod.o(i.__hardfp_fmod)
    __hardfp_trunc                           0x08002e01   Thumb Code   110  trunc.o(i.__hardfp_trunc)
    __mathlib_dbl_invalid                    0x08002e81   Thumb Code    10  dunder.o(i.__mathlib_dbl_invalid)
    __scatterload_copy                       0x08002e99   Thumb Code    14  handlers.o(i.__scatterload_copy)
    __scatterload_null                       0x08002ea7   Thumb Code     2  handlers.o(i.__scatterload_null)
    __scatterload_zeroinit                   0x08002ea9   Thumb Code    14  handlers.o(i.__scatterload_zeroinit)
    __set_errno                              0x08002eb9   Thumb Code     6  errno.o(i.__set_errno)
    best_action                              0x08002ec5   Thumb Code    90  main.o(i.best_action)
    environment                              0x08002f21   Thumb Code    98  main.o(i.environment)
    getReward                                0x08002f89   Thumb Code    76  main.o(i.getReward)
    getState                                 0x08002fd9   Thumb Code   156  main.o(i.getState)
    main                                     0x08003079   Thumb Code   186  main.o(i.main)
    rtIsInf                                  0x08003171   Thumb Code    32  main.o(i.rtIsInf)
    rtIsNaN                                  0x08003191   Thumb Code    32  main.o(i.rtIsNaN)
    uxListRemove                             0x08003291   Thumb Code    40  list.o(i.uxListRemove)
    vListInsertEnd                           0x080032b9   Thumb Code    24  list.o(i.vListInsertEnd)
    vTaskSwitchContext                       0x080032d1   Thumb Code   122  tasks.o(i.vTaskSwitchContext)
    xPortSysTickHandler                      0x08003361   Thumb Code    50  port.o(i.xPortSysTickHandler)
    xTaskGetSchedulerState                   0x08003399   Thumb Code    24  tasks.o(i.xTaskGetSchedulerState)
    xTaskIncrementTick                       0x080033b9   Thumb Code   286  tasks.o(i.xTaskIncrementTick)
    AHBPrescTable                            0x08003698   Data          16  system_stm32f7xx.o(.constdata)
    APBPrescTable                            0x080036a8   Data           8  system_stm32f7xx.o(.constdata)
    Region$$Table$$Base                      0x080036b0   Number         0  anon$$obj.o(Region$$Table)
    Region$$Table$$Limit                     0x080036d0   Number         0  anon$$obj.o(Region$$Table)
    rtNaN                                    0x20000000   Data           8  main.o(.data)
    rtInf                                    0x20000008   Data           8  main.o(.data)
    rtMinusInf                               0x20000010   Data           8  main.o(.data)
    rtNaNF                                   0x20000018   Data           8  main.o(.data)
    rtInfF                                   0x20000020   Data           8  main.o(.data)
    rtMinusInfF                              0x20000028   Data           8  main.o(.data)
    uwTick                                   0x20000030   Data           4  stm32f7xx_hal.o(.data)
    uwTickPrio                               0x20000034   Data           4  stm32f7xx_hal.o(.data)
    uwTickFreq                               0x20000038   Data           1  stm32f7xx_hal.o(.data)
    SystemCoreClock                          0x2000003c   Data           4  system_stm32f7xx.o(.data)
    pxCurrentTCB                             0x20000040   Data           4  tasks.o(.data)
    htim3                                    0x20000080   Data          64  tim.o(.bss)
    hpcd_USB_OTG_FS                          0x200000c0   Data        1028  usb_otg.o(.bss)
    __initial_sp                             0x200009b8   Data           0  startup_stm32f767xx.o(STACK)



==============================================================================

Memory Map of the image

  Image Entry point : 0x080001f9

  Load Region LR_IROM1 (Base: 0x08000000, Size: 0x00003750, Max: 0x00200000, ABSOLUTE)

    Execution Region ER_IROM1 (Exec base: 0x08000000, Load base: 0x08000000, Size: 0x000036d0, Max: 0x00200000, ABSOLUTE)

    Exec Addr    Load Addr    Size         Type   Attr      Idx    E Section Name        Object

    0x08000000   0x08000000   0x000001f8   Data   RO            3    RESET               startup_stm32f767xx.o
    0x080001f8   0x080001f8   0x00000000   Code   RO         5225  * .ARM.Collect$$$$00000000  mc_w.l(entry.o)
    0x080001f8   0x080001f8   0x00000004   Code   RO         5252    .ARM.Collect$$$$00000001  mc_w.l(entry2.o)
    0x080001fc   0x080001fc   0x00000004   Code   RO         5255    .ARM.Collect$$$$00000004  mc_w.l(entry5.o)
    0x08000200   0x08000200   0x00000000   Code   RO         5257    .ARM.Collect$$$$00000008  mc_w.l(entry7b.o)
    0x08000200   0x08000200   0x00000000   Code   RO         5259    .ARM.Collect$$$$0000000A  mc_w.l(entry8b.o)
    0x08000200   0x08000200   0x00000008   Code   RO         5260    .ARM.Collect$$$$0000000B  mc_w.l(entry9a.o)
    0x08000208   0x08000208   0x00000004   Code   RO         5267    .ARM.Collect$$$$0000000E  mc_w.l(entry12b.o)
    0x0800020c   0x0800020c   0x00000000   Code   RO         5262    .ARM.Collect$$$$0000000F  mc_w.l(entry10a.o)
    0x0800020c   0x0800020c   0x00000000   Code   RO         5264    .ARM.Collect$$$$00000011  mc_w.l(entry11a.o)
    0x0800020c   0x0800020c   0x00000004   Code   RO         5253    .ARM.Collect$$$$00002712  mc_w.l(entry2.o)
    0x08000210   0x08000210   0x000000c2   Code   RO         5126    .emb_text           port.o
    0x080002d2   0x080002d2   0x00000002   PAD
    0x080002d4   0x080002d4   0x00000024   Code   RO            4    .text               startup_stm32f767xx.o
    0x080002f8   0x080002f8   0x00000062   Code   RO         5228    .text               mc_w.l(uldiv.o)
    0x0800035a   0x0800035a   0x00000024   Code   RO         5230    .text               mc_w.l(memcpya.o)
    0x0800037e   0x0800037e   0x00000024   Code   RO         5234    .text               mc_w.l(memseta.o)
    0x080003a2   0x080003a2   0x0000001e   Code   RO         5268    .text               mc_w.l(llshl.o)
    0x080003c0   0x080003c0   0x00000020   Code   RO         5270    .text               mc_w.l(llushr.o)
    0x080003e0   0x080003e0   0x00000000   Code   RO         5279    .text               mc_w.l(iusefp.o)
    0x080003e0   0x080003e0   0x00000088   Code   RO         5280    .text               mf_w.l(drnd.o)
    0x08000468   0x08000468   0x00000086   Code   RO         5282    .text               mf_w.l(drem.o)
    0x080004ee   0x080004ee   0x00000002   PAD
    0x080004f0   0x080004f0   0x00000024   Code   RO         5284    .text               mc_w.l(init.o)
    0x08000514   0x08000514   0x000000ba   Code   RO         5286    .text               mf_w.l(depilogue.o)
    0x080005ce   0x080005ce   0x00000004   Code   RO          491    i.BusFault_Handler  stm32f7xx_it.o
    0x080005d2   0x080005d2   0x00000002   Code   RO          492    i.DebugMon_Handler  stm32f7xx_it.o
    0x080005d4   0x080005d4   0x00000006   Code   RO           13    i.Error_Handler     main.o
    0x080005da   0x080005da   0x00000002   PAD
    0x080005dc   0x080005dc   0x00000028   Code   RO         1543    i.HAL_Delay         stm32f7xx_hal.o
    0x08000604   0x08000604   0x00000218   Code   RO         1110    i.HAL_GPIO_Init     stm32f7xx_hal_gpio.o
    0x0800081c   0x0800081c   0x0000000c   Code   RO         1114    i.HAL_GPIO_WritePin  stm32f7xx_hal_gpio.o
    0x08000828   0x08000828   0x0000000c   Code   RO         1553    i.HAL_GetTick       stm32f7xx_hal.o
    0x08000834   0x08000834   0x00000018   Code   RO         1559    i.HAL_IncTick       stm32f7xx_hal.o
    0x0800084c   0x0800084c   0x00000016   Code   RO         1560    i.HAL_Init          stm32f7xx_hal.o
    0x08000862   0x08000862   0x00000002   PAD
    0x08000864   0x08000864   0x0000004c   Code   RO         1561    i.HAL_InitTick      stm32f7xx_hal.o
    0x080008b0   0x080008b0   0x0000004c   Code   RO          554    i.HAL_MspInit       stm32f7xx_hal_msp.o
    0x080008fc   0x080008fc   0x0000007c   Code   RO          589    i.HAL_NVIC_SetPriority  stm32f7xx_hal_cortex.o
    0x08000978   0x08000978   0x00000028   Code   RO          590    i.HAL_NVIC_SetPriorityGrouping  stm32f7xx_hal_cortex.o
    0x080009a0   0x080009a0   0x00000028   Code   RO         3509    i.HAL_PCDEx_ActivateLPM  stm32f7xx_hal_pcd_ex.o
    0x080009c8   0x080009c8   0x00000172   Code   RO         3305    i.HAL_PCD_Init      stm32f7xx_hal_pcd.o
    0x08000b3a   0x08000b3a   0x00000002   PAD
    0x08000b3c   0x08000b3c   0x000000b0   Code   RO          450    i.HAL_PCD_MspInit   usb_otg.o
    0x08000bec   0x08000bec   0x00000090   Code   RO         1450    i.HAL_PWREx_EnableOverDrive  stm32f7xx_hal_pwr_ex.o
    0x08000c7c   0x08000c7c   0x00000014   Code   RO         1327    i.HAL_PWR_EnableBkUpAccess  stm32f7xx_hal_pwr.o
    0x08000c90   0x08000c90   0x00000758   Code   RO          826    i.HAL_RCCEx_PeriphCLKConfig  stm32f7xx_hal_rcc_ex.o
    0x080013e8   0x080013e8   0x00000194   Code   RO          719    i.HAL_RCC_ClockConfig  stm32f7xx_hal_rcc.o
    0x0800157c   0x0800157c   0x000000b0   Code   RO          728    i.HAL_RCC_GetSysClockFreq  stm32f7xx_hal_rcc.o
    0x0800162c   0x0800162c   0x00000514   Code   RO          731    i.HAL_RCC_OscConfig  stm32f7xx_hal_rcc.o
    0x08001b40   0x08001b40   0x00000034   Code   RO          594    i.HAL_SYSTICK_Config  stm32f7xx_hal_cortex.o
    0x08001b74   0x08001b74   0x000000cc   Code   RO         3036    i.HAL_TIMEx_MasterConfigSynchronization  stm32f7xx_hal_tim_ex.o
    0x08001c40   0x08001c40   0x00000034   Code   RO         2319    i.HAL_TIM_Base_Init  stm32f7xx_hal_tim.o
    0x08001c74   0x08001c74   0x00000030   Code   RO          402    i.HAL_TIM_Base_MspInit  tim.o
    0x08001ca4   0x08001ca4   0x0000010c   Code   RO         2328    i.HAL_TIM_ConfigClockSource  stm32f7xx_hal_tim.o
    0x08001db0   0x08001db0   0x00000094   Code   RO          403    i.HAL_TIM_MspPostInit  tim.o
    0x08001e44   0x08001e44   0x00000174   Code   RO         2386    i.HAL_TIM_PWM_ConfigChannel  stm32f7xx_hal_tim.o
    0x08001fb8   0x08001fb8   0x00000034   Code   RO         2389    i.HAL_TIM_PWM_Init  stm32f7xx_hal_tim.o
    0x08001fec   0x08001fec   0x00000002   Code   RO         2391    i.HAL_TIM_PWM_MspInit  stm32f7xx_hal_tim.o
    0x08001fee   0x08001fee   0x00000002   PAD
    0x08001ff0   0x08001ff0   0x00000064   Code   RO         2394    i.HAL_TIM_PWM_Start  stm32f7xx_hal_tim.o
    0x08002054   0x08002054   0x00000004   Code   RO          493    i.HardFault_Handler  stm32f7xx_it.o
    0x08002058   0x08002058   0x000001c8   Code   RO          321    i.MX_GPIO_Init      gpio.o
    0x08002220   0x08002220   0x000000b4   Code   RO          404    i.MX_TIM3_Init      tim.o
    0x080022d4   0x080022d4   0x00000040   Code   RO          451    i.MX_USB_OTG_FS_PCD_Init  usb_otg.o
    0x08002314   0x08002314   0x00000004   Code   RO          494    i.MemManage_Handler  stm32f7xx_it.o
    0x08002318   0x08002318   0x00000004   Code   RO          495    i.NMI_Handler       stm32f7xx_it.o
    0x0800231c   0x0800231c   0x00000014   Code   RO          496    i.SysTick_Handler   stm32f7xx_it.o
    0x08002330   0x08002330   0x000000d8   Code   RO           14    i.SystemClock_Config  main.o
    0x08002408   0x08002408   0x0000001c   Code   RO         3870    i.SystemInit        system_stm32f7xx.o
    0x08002424   0x08002424   0x000000d8   Code   RO         2407    i.TIM_Base_SetConfig  stm32f7xx_hal_tim.o
    0x080024fc   0x080024fc   0x00000022   Code   RO         2408    i.TIM_CCxChannelCmd  stm32f7xx_hal_tim.o
    0x0800251e   0x0800251e   0x00000016   Code   RO         2418    i.TIM_ETR_SetConfig  stm32f7xx_hal_tim.o
    0x08002534   0x08002534   0x00000012   Code   RO         2419    i.TIM_ITRx_SetConfig  stm32f7xx_hal_tim.o
    0x08002546   0x08002546   0x00000002   PAD
    0x08002548   0x08002548   0x00000074   Code   RO         2420    i.TIM_OC1_SetConfig  stm32f7xx_hal_tim.o
    0x080025bc   0x080025bc   0x00000080   Code   RO         2421    i.TIM_OC2_SetConfig  stm32f7xx_hal_tim.o
    0x0800263c   0x0800263c   0x0000007c   Code   RO         2422    i.TIM_OC3_SetConfig  stm32f7xx_hal_tim.o
    0x080026b8   0x080026b8   0x00000058   Code   RO         2423    i.TIM_OC4_SetConfig  stm32f7xx_hal_tim.o
    0x08002710   0x08002710   0x00000050   Code   RO         2424    i.TIM_OC5_SetConfig  stm32f7xx_hal_tim.o
    0x08002760   0x08002760   0x00000054   Code   RO         2425    i.TIM_OC6_SetConfig  stm32f7xx_hal_tim.o
    0x080027b4   0x080027b4   0x00000026   Code   RO         2427    i.TIM_TI1_ConfigInputStage  stm32f7xx_hal_tim.o
    0x080027da   0x080027da   0x00000028   Code   RO         2429    i.TIM_TI2_ConfigInputStage  stm32f7xx_hal_tim.o
    0x08002802   0x08002802   0x00000002   PAD
    0x08002804   0x08002804   0x00000078   Code   RO         3568    i.USB_CoreInit      stm32f7xx_ll_usb.o
    0x0800287c   0x0800287c   0x0000004c   Code   RO         3569    i.USB_CoreReset     stm32f7xx_ll_usb.o
    0x080028c8   0x080028c8   0x00000020   Code   RO         3574    i.USB_DevDisconnect  stm32f7xx_ll_usb.o
    0x080028e8   0x080028e8   0x000001f8   Code   RO         3575    i.USB_DevInit       stm32f7xx_ll_usb.o
    0x08002ae0   0x08002ae0   0x0000000e   Code   RO         3576    i.USB_DisableGlobalInt  stm32f7xx_ll_usb.o
    0x08002aee   0x08002aee   0x00000002   PAD
    0x08002af0   0x08002af0   0x0000002c   Code   RO         3585    i.USB_FlushRxFifo   stm32f7xx_ll_usb.o
    0x08002b1c   0x08002b1c   0x00000030   Code   RO         3586    i.USB_FlushTxFifo   stm32f7xx_ll_usb.o
    0x08002b4c   0x08002b4c   0x00000036   Code   RO         3604    i.USB_SetCurrentMode  stm32f7xx_ll_usb.o
    0x08002b82   0x08002b82   0x00000012   Code   RO         3606    i.USB_SetDevSpeed   stm32f7xx_ll_usb.o
    0x08002b94   0x08002b94   0x00000004   Code   RO          497    i.UsageFault_Handler  stm32f7xx_it.o
    0x08002b98   0x08002b98   0x0000001c   Code   RO           15    i.__ARM_isinf       main.o
    0x08002bb4   0x08002bb4   0x00000024   Code   RO           16    i.__ARM_isnan       main.o
    0x08002bd8   0x08002bd8   0x00000010   Code   RO          596    i.__NVIC_GetPriorityGrouping  stm32f7xx_hal_cortex.o
    0x08002be8   0x08002be8   0x00000028   Code   RO          597    i.__NVIC_SetPriority  stm32f7xx_hal_cortex.o
    0x08002c10   0x08002c10   0x000000f0   Code   RO         5203    i.__hardfp_floor    m_wv.l(floor.o)
    0x08002d00   0x08002d00   0x000000fc   Code   RO         5209    i.__hardfp_fmod     m_wv.l(fmod.o)
    0x08002dfc   0x08002dfc   0x00000004   PAD
    0x08002e00   0x08002e00   0x00000080   Code   RO         5221    i.__hardfp_trunc    m_wv.l(trunc.o)
    0x08002e80   0x08002e80   0x00000018   Code   RO         5241    i.__mathlib_dbl_invalid  m_wv.l(dunder.o)
    0x08002e98   0x08002e98   0x0000000e   Code   RO         5290    i.__scatterload_copy  mc_w.l(handlers.o)
    0x08002ea6   0x08002ea6   0x00000002   Code   RO         5291    i.__scatterload_null  mc_w.l(handlers.o)
    0x08002ea8   0x08002ea8   0x0000000e   Code   RO         5292    i.__scatterload_zeroinit  mc_w.l(handlers.o)
    0x08002eb6   0x08002eb6   0x00000002   PAD
    0x08002eb8   0x08002eb8   0x0000000c   Code   RO         5274    i.__set_errno       mc_w.l(errno.o)
    0x08002ec4   0x08002ec4   0x0000005a   Code   RO           17    i.best_action       main.o
    0x08002f1e   0x08002f1e   0x00000002   PAD
    0x08002f20   0x08002f20   0x00000068   Code   RO           18    i.environment       main.o
    0x08002f88   0x08002f88   0x00000050   Code   RO           19    i.getReward         main.o
    0x08002fd8   0x08002fd8   0x000000a0   Code   RO           20    i.getState          main.o
    0x08003078   0x08003078   0x000000c4   Code   RO           21    i.main              main.o
    0x0800313c   0x0800313c   0x00000034   Code   RO         4388    i.prvResetNextTaskUnblockTime  tasks.o
    0x08003170   0x08003170   0x00000020   Code   RO           28    i.rtIsInf           main.o
    0x08003190   0x08003190   0x00000020   Code   RO           30    i.rtIsNaN           main.o
    0x080031b0   0x080031b0   0x000000e0   Code   RO           32    i.rt_remd_snf       main.o
    0x08003290   0x08003290   0x00000028   Code   RO         4007    i.uxListRemove      list.o
    0x080032b8   0x080032b8   0x00000018   Code   RO         4011    i.vListInsertEnd    list.o
    0x080032d0   0x080032d0   0x00000090   Code   RO         4412    i.vTaskSwitchContext  tasks.o
    0x08003360   0x08003360   0x00000038   Code   RO         5135    i.xPortSysTickHandler  port.o
    0x08003398   0x08003398   0x00000020   Code   RO         4419    i.xTaskGetSchedulerState  tasks.o
    0x080033b8   0x080033b8   0x0000014c   Code   RO         4422    i.xTaskIncrementTick  tasks.o
    0x08003504   0x08003504   0x00000004   PAD
    0x08003508   0x08003508   0x00000190   Data   RO           33    .constdata          main.o
    0x08003698   0x08003698   0x00000018   Data   RO         3871    .constdata          system_stm32f7xx.o
    0x080036b0   0x080036b0   0x00000020   Data   RO         5288    Region$$Table       anon$$obj.o


    Execution Region RW_IRAM1 (Exec base: 0x20000000, Load base: 0x080036d0, Size: 0x000009b8, Max: 0x00080000, ABSOLUTE)

    Exec Addr    Load Addr    Size         Type   Attr      Idx    E Section Name        Object

    0x20000000   0x080036d0   0x00000030   Data   RW           34    .data               main.o
    0x20000030   0x08003700   0x00000009   Data   RW         1567    .data               stm32f7xx_hal.o
    0x20000039   0x08003709   0x00000003   PAD
    0x2000003c   0x0800370c   0x00000004   Data   RW         3872    .data               system_stm32f7xx.o
    0x20000040   0x08003710   0x0000003c   Data   RW         4431    .data               tasks.o
    0x2000007c   0x0800374c   0x00000004   Data   RW         5275    .data               mc_w.l(errno.o)
    0x20000080        -       0x00000040   Zero   RW          405    .bss                tim.o
    0x200000c0        -       0x00000404   Zero   RW          452    .bss                usb_otg.o
    0x200004c4        -       0x000000f0   Zero   RW         4430    .bss                tasks.o
    0x200005b4   0x08003750   0x00000004   PAD
    0x200005b8        -       0x00000400   Zero   RW            1    STACK               startup_stm32f767xx.o


==============================================================================

Image component sizes


      Code (inc. data)   RO Data    RW Data    ZI Data      Debug   Object Name

         0          0          0          0          0      15848   event_groups.o
       456         28          0          0          0       1247   gpio.o
        64          0          0          0          0       1792   list.o
      1204         62        400         48          0     884009   main.o
       250         22          0          0          0       4166   port.o
        36          8        504          0       1024        864   startup_stm32f767xx.o
       174         30          0          9          0       9389   stm32f7xx_hal.o
       272         22          0          0          0      38878   stm32f7xx_hal_cortex.o
       548         52          0          0          0       2504   stm32f7xx_hal_gpio.o
        76          6          0          0          0        906   stm32f7xx_hal_msp.o
       370          0          0          0          0       1487   stm32f7xx_hal_pcd.o
        40          4          0          0          0       1080   stm32f7xx_hal_pcd_ex.o
        20          6          0          0          0        571   stm32f7xx_hal_pwr.o
       144          8          0          0          0       1324   stm32f7xx_hal_pwr_ex.o
      1880         48          0          0          0       3968   stm32f7xx_hal_rcc.o
      1880         16          0          0          0       2288   stm32f7xx_hal_rcc_ex.o
      1834        140          0          0          0      14082   stm32f7xx_hal_tim.o
       204         30          0          0          0       1416   stm32f7xx_hal_tim_ex.o
        42          0          0          0          0       3495   stm32f7xx_it.o
       910         32          0          0          0       7167   stm32f7xx_ll_usb.o
        28          4         24          4          0       1235   system_stm32f7xx.o
       560         86          0         60        240      10230   tasks.o
       376         34          0          0         64       2584   tim.o
       240         14          0          0       1028       1889   usb_otg.o

    ----------------------------------------------------------------------
     11630        656        960        124       2360    1012419   Object Totals
         0          0         32          0          0          0   (incl. Generated)
        22          4          0          3          4          0   (incl. Padding)

    ----------------------------------------------------------------------

      Code (inc. data)   RO Data    RW Data    ZI Data      Debug   Library Member Name

        24         14          0          0          0        116   dunder.o
       240         26          0          0          0        132   floor.o
       252          6          0          0          0        144   fmod.o
       128         18          0          0          0        132   trunc.o
         0          0          0          0          0          0   entry.o
         0          0          0          0          0          0   entry10a.o
         0          0          0          0          0          0   entry11a.o
         4          0          0          0          0          0   entry12b.o
         8          4          0          0          0          0   entry2.o
         4          0          0          0          0          0   entry5.o
         0          0          0          0          0          0   entry7b.o
         0          0          0          0          0          0   entry8b.o
         8          4          0          0          0          0   entry9a.o
        12          6          0          4          0         68   errno.o
        30          0          0          0          0          0   handlers.o
        36          8          0          0          0         68   init.o
         0          0          0          0          0          0   iusefp.o
        30          0          0          0          0         68   llshl.o
        32          0          0          0          0         68   llushr.o
        36          0          0          0          0         68   memcpya.o
        36          0          0          0          0        108   memseta.o
        98          0          0          0          0         92   uldiv.o
       186          0          0          0          0        176   depilogue.o
       134          0          0          0          0         96   drem.o
       136          4          0          0          0         92   drnd.o

    ----------------------------------------------------------------------
      1442         94          0          4          0       1428   Library Totals
         8          4          0          0          0          0   (incl. Padding)

    ----------------------------------------------------------------------

      Code (inc. data)   RO Data    RW Data    ZI Data      Debug   Library Name

       644         64          0          0          0        524   m_wv.l
       334         22          0          4          0        540   mc_w.l
       456          4          0          0          0        364   mf_w.l

    ----------------------------------------------------------------------
      1442         94          0          4          0       1428   Library Totals

    ----------------------------------------------------------------------

==============================================================================


      Code (inc. data)   RO Data    RW Data    ZI Data      Debug   

     13072        750        960        128       2360    1005487   Grand Totals
     13072        750        960        128       2360    1005487   ELF Image Totals
     13072        750        960        128          0          0   ROM Totals

==============================================================================

    Total RO  Size (Code + RO Data)                14032 (  13.70kB)
    Total RW  Size (RW Data + ZI Data)              2488 (   2.43kB)
    Total ROM Size (Code + RO Data + RW Data)      14160 (  13.83kB)

==============================================================================

