<html>
<body>
<pre>
<h1>µVision Build Log</h1>
<h2>Tool Versions:</h2>
IDE-Version: µVision V5.33.0.0
Copyright (C) 2020 ARM Ltd and ARM Germany GmbH. All rights reserved.
License Information: Johny Face, Uminho, LIC=----
 
Tool Versions:
Toolchain:       MDK-Lite  Version: 5.33.0.0
Toolchain Path:  C:\Keil_v5\ARM\ARMCC\Bin
C Compiler:      Armcc.exe V5.06 update 7 (build 960)
Assembler:       Armasm.exe V5.06 update 7 (build 960)
Linker/Locator:  ArmLink.exe V5.06 update 7 (build 960)
Library Manager: ArmAr.exe V5.06 update 7 (build 960)
Hex Converter:   FromElf.exe V5.06 update 7 (build 960)
CPU DLL:         SARMCM3.DLL V5.33.0.0
Dialog DLL:      DCM.DLL V1.17.3.0
Target DLL:      STLink\ST-LINKIII-KEIL_SWO.dll V3.0.8.0
Dialog DLL:      TCM.DLL V1.48.0.0
 
<h2>Project:</h2>
D:\Emb_repo\Embebidos_2021\Proj1\Implementation\test_RL\RL_only\MDK-ARM\RL_only.uvprojx
Project File Date:  01/06/2021

<h2>Output:</h2>
*** Using Compiler 'V5.06 update 7 (build 960)', folder: 'C:\Keil_v5\ARM\ARMCC\Bin'
Build target 'RL_only'
compiling main.c...
../Core/Src/main.c(354): warning:  #111-D: statement is unreachable
  		it = 0;
../Core/Src/main.c(304): warning:  #177-D: variable "Disc_factor"  was declared but never referenced
  	double Disc_factor = 0.5;           	
../Core/Src/main.c(307): warning:  #177-D: variable "max_q"  was declared but never referenced
  	double max_q = 0;
../Core/Src/main.c(311): warning:  #177-D: variable "Learn_rate"  was declared but never referenced
  	double Learn_rate = 0.3;
../Core/Src/main.c: 4 warnings, 0 errors
linking...
Program Size: Code=13072 RO-data=960 RW-data=128 ZI-data=2360  
FromELF: creating hex file...
"RL_only\RL_only.axf" - 0 Error(s), 4 Warning(s).

<h2>Software Packages used:</h2>

Package Vendor: ARM
                http://www.keil.com/pack/ARM.CMSIS.5.7.0.pack
                ARM.CMSIS.5.7.0
                CMSIS (Cortex Microcontroller Software Interface Standard)
   * Component: CORE Version: 5.4.0

Package Vendor: Keil
                http://www.keil.com/pack/Keil.STM32F7xx_DFP.2.13.0.pack
                Keil.STM32F7xx_DFP.2.13.0
                STMicroelectronics STM32F7 Series Device Support, Drivers and Examples

<h2>Collection of Component include folders:</h2>
  .\RTE\_RL_only
  C:\Users\João Faria\AppData\Local\Arm\Packs\ARM\CMSIS\5.7.0\CMSIS\Core\Include
  C:\Users\João Faria\AppData\Local\Arm\Packs\Keil\STM32F7xx_DFP\2.13.0\Drivers\CMSIS\Device\ST\STM32F7xx\Include

<h2>Collection of Component Files used:</h2>

   * Component: ARM::CMSIS:CORE:5.4.0
Build Time Elapsed:  00:00:09
</pre>
</body>
</html>
